# 
# This material contains trade secrets or otherwise
# confidential information owned by
# Siemens Industry Software Inc. or its affiliates
# (collectively, "SISW"), or its licensors. Access
# to and use of this information is strictly limited
# as set forth in the customer's applicable
# agreements with SISW.
# 
# Unpublished work. Copyright 2024 Siemens
# 
# usage: lint report item
#         -status <bug|waived|verified|pending|fixed|uninspected>
#         [-check <check pattern>...]
#         [-alias <alias pattern>...]
#         [-category <category>]
#         [-rtl_id <rtl id>...]
#         [-owner <owner>]
#         [-comment <user comment>]
#         [-reviewer <reviewer>]
#         [-arg <argname>=<value pattern>]...
#         [-help]
# Waiver flow for lint
