Info: Starting: Create HDL design files for synthesis
Info: qsys-generate /home/yifeng/packages/mu3e_ip_dev/.worktrees/mu3e_ip_cores_phase6_closure_20260430/firmware_builds/systems/system_20260427_testplanphase5/syn/scifi_datapath_system_v3_pipe.qsys --synthesis=VHDL --output-directory=/home/yifeng/packages/mu3e_ip_dev/.worktrees/mu3e_ip_cores_phase6_closure_20260430/firmware_builds/systems/system_20260427_testplanphase5/syn/scifi_datapath_system_v3_pipe/synthesis/synthesis --family="Arria V" --part=5AGXBA7D4F31C5
Progress: Loading syn/scifi_datapath_system_v3_pipe.qsys
Progress: Reading input file
Progress: Adding dbg_mm2runctrl_0 [dbg_mm2runctrl 1.0.0]
Progress: Parameterizing module dbg_mm2runctrl_0
Progress: Adding emulator_ctrl_splitter [altera_avalon_st_splitter 18.1]
Progress: Parameterizing module emulator_ctrl_splitter
Progress: Adding emulator_inject_fanout [pulse_fanout8 26.2.0.429]
Progress: Parameterizing module emulator_inject_fanout
Progress: Adding emulator_mutrig_0 [emulator_mutrig 26.1.13.425]
Progress: Parameterizing module emulator_mutrig_0
Progress: Adding emulator_mutrig_1 [emulator_mutrig 26.1.13.425]
Progress: Parameterizing module emulator_mutrig_1
Progress: Adding emulator_mutrig_2 [emulator_mutrig 26.1.13.425]
Progress: Parameterizing module emulator_mutrig_2
Progress: Adding emulator_mutrig_3 [emulator_mutrig 26.1.13.425]
Progress: Parameterizing module emulator_mutrig_3
Progress: Adding emulator_mutrig_4 [emulator_mutrig 26.1.13.425]
Progress: Parameterizing module emulator_mutrig_4
Progress: Adding emulator_mutrig_5 [emulator_mutrig 26.1.13.425]
Progress: Parameterizing module emulator_mutrig_5
Progress: Adding emulator_mutrig_6 [emulator_mutrig 26.1.13.425]
Progress: Parameterizing module emulator_mutrig_6
Progress: Adding emulator_mutrig_7 [emulator_mutrig 26.1.13.425]
Progress: Parameterizing module emulator_mutrig_7
Progress: Adding hist_post_cdc_0 [altera_avalon_dc_fifo 18.1]
Progress: Parameterizing module hist_post_cdc_0
Progress: Adding hist_post_lower_splitter_0 [altera_avalon_st_splitter 18.1]
Progress: Parameterizing module hist_post_lower_splitter_0
Progress: Adding hist_post_merge_0 [hit_type3_stream_merge 26.0.0.429]
Progress: Parameterizing module hist_post_merge_0
Progress: Adding hist_post_splitter_0 [altera_avalon_st_splitter 18.1]
Progress: Parameterizing module hist_post_splitter_0
Progress: Adding hist_pre_lower_drain_0 [altera_avalon_st_null_sink 18.1]
Progress: Parameterizing module hist_pre_lower_drain_0
Progress: Adding hist_pre_lower_splitter_0 [altera_avalon_st_splitter 18.1]
Progress: Parameterizing module hist_pre_lower_splitter_0
Progress: Adding histogram_ingress_bridge_0 [histogram_ingress_bridge 26.0.2.425]
Progress: Parameterizing module histogram_ingress_bridge_0
Progress: Adding histogram_ingress_bridge_1 [histogram_ingress_bridge 26.0.2.425]
Progress: Parameterizing module histogram_ingress_bridge_1
Progress: Adding histogram_statistics_0 [histogram_statistics_v2 26.1.7.501]
Progress: Parameterizing module histogram_statistics_0
Progress: Adding hit_stack_subsystem_0 [hit_stack_system 1.0]
Progress: Parameterizing module hit_stack_subsystem_0
Progress: Adding hit_stack_subsystem_1 [hit_stack_system 1.0]
Progress: Parameterizing module hit_stack_subsystem_1
Progress: Adding lvds_rx_28nm_0 [altera_lvds_rx_28nm 24.0.1110]
Progress: Parameterizing module lvds_rx_28nm_0
Progress: Adding lvds_rx_controller_pro_0 [lvds_rx_controller_pro 25.1.631]
Progress: Parameterizing module lvds_rx_controller_pro_0
Progress: Adding master_datapath [altera_jtag_avalon_master 18.1]
Progress: Parameterizing module master_datapath
Progress: Adding mm_clock_crossing_bridge [altera_avalon_mm_clock_crossing_bridge 18.1]
Progress: Parameterizing module mm_clock_crossing_bridge
Progress: Adding mm_pipeline_jtagmaster2rstctrl [altera_avalon_mm_bridge 18.1]
Progress: Parameterizing module mm_pipeline_jtagmaster2rstctrl
Progress: Adding mm_pipeline_lvds_csr_emu_dbg [altera_avalon_mm_bridge 18.1]
Progress: Parameterizing module mm_pipeline_lvds_csr_emu_dbg
Progress: Adding mm_pipeline_lvds_csr_hist [altera_avalon_mm_bridge 18.1]
Progress: Parameterizing module mm_pipeline_lvds_csr_hist
Progress: Adding mm_pipeline_lvds_csr_hitstack_frame [altera_avalon_mm_bridge 18.1]
Progress: Parameterizing module mm_pipeline_lvds_csr_hitstack_frame
Progress: Adding mm_pipeline_lvds_csr_hitstack_ring [altera_avalon_mm_bridge 18.1]
Progress: Parameterizing module mm_pipeline_lvds_csr_hitstack_ring
Progress: Adding mm_pipeline_lvds_csr_low [altera_avalon_mm_bridge 18.1]
Progress: Parameterizing module mm_pipeline_lvds_csr_low
Progress: Adding mm_pipeline_lvds_csr_mts1 [altera_avalon_mm_bridge 18.1]
Progress: Parameterizing module mm_pipeline_lvds_csr_mts1
Progress: Adding mm_pipeline_lvds_csr_mutrig3 [altera_avalon_mm_bridge 18.1]
Progress: Parameterizing module mm_pipeline_lvds_csr_mutrig3
Progress: Adding mm_pipeline_lvds_csr_mutrig4_mts0 [altera_avalon_mm_bridge 18.1]
Progress: Parameterizing module mm_pipeline_lvds_csr_mutrig4_mts0
Progress: Adding mm_pipeline_lvds_csr_mutrig5 [altera_avalon_mm_bridge 18.1]
Progress: Parameterizing module mm_pipeline_lvds_csr_mutrig5
Progress: Adding mm_pipeline_lvds_csr_mutrig6 [altera_avalon_mm_bridge 18.1]
Progress: Parameterizing module mm_pipeline_lvds_csr_mutrig6
Progress: Adding mm_pipeline_lvds_csr_mutrig7 [altera_avalon_mm_bridge 18.1]
Progress: Parameterizing module mm_pipeline_lvds_csr_mutrig7
Progress: Adding monitor_clock_125 [clock_source 18.1]
Progress: Parameterizing module monitor_clock_125
Progress: Adding mts_preprocessor_0 [mts_preprocessor 26.0.9.501]
Progress: Parameterizing module mts_preprocessor_0
Progress: Adding mts_preprocessor_1 [mts_preprocessor 26.0.9.501]
Progress: Parameterizing module mts_preprocessor_1
Progress: Adding mutrig_datapath_subsystem_0 [mutrig_datapath_system_v3 1.0]
Progress: Parameterizing module mutrig_datapath_subsystem_0
Progress: Adding mutrig_datapath_subsystem_1 [mutrig_datapath_system_v3 1.0]
Progress: Parameterizing module mutrig_datapath_subsystem_1
Progress: Adding mutrig_datapath_subsystem_2 [mutrig_datapath_system_v3 1.0]
Progress: Parameterizing module mutrig_datapath_subsystem_2
Progress: Adding mutrig_datapath_subsystem_3 [mutrig_datapath_system_v3 1.0]
Progress: Parameterizing module mutrig_datapath_subsystem_3
Progress: Adding mutrig_datapath_subsystem_4 [mutrig_datapath_system_v3 1.0]
Progress: Parameterizing module mutrig_datapath_subsystem_4
Progress: Adding mutrig_datapath_subsystem_5 [mutrig_datapath_system_v3 1.0]
Progress: Parameterizing module mutrig_datapath_subsystem_5
Progress: Adding mutrig_datapath_subsystem_6 [mutrig_datapath_system_v3 1.0]
Progress: Parameterizing module mutrig_datapath_subsystem_6
Progress: Adding mutrig_datapath_subsystem_7 [mutrig_datapath_system_v3 1.0]
Progress: Parameterizing module mutrig_datapath_subsystem_7
Progress: Adding mutrig_injector_0 [mutrig_injector_multiheader 26.0.3.429]
Progress: Parameterizing module mutrig_injector_0
Progress: Adding mutrig_lane_source_mux_0 [mutrig_lane_source_mux 26.1.0.427]
Progress: Parameterizing module mutrig_lane_source_mux_0
Progress: Adding mutrig_lane_source_mux_1 [mutrig_lane_source_mux 26.1.0.427]
Progress: Parameterizing module mutrig_lane_source_mux_1
Progress: Adding mutrig_lane_source_mux_2 [mutrig_lane_source_mux 26.1.0.427]
Progress: Parameterizing module mutrig_lane_source_mux_2
Progress: Adding mutrig_lane_source_mux_3 [mutrig_lane_source_mux 26.1.0.427]
Progress: Parameterizing module mutrig_lane_source_mux_3
Progress: Adding mutrig_lane_source_mux_4 [mutrig_lane_source_mux 26.1.0.427]
Progress: Parameterizing module mutrig_lane_source_mux_4
Progress: Adding mutrig_lane_source_mux_5 [mutrig_lane_source_mux 26.1.0.427]
Progress: Parameterizing module mutrig_lane_source_mux_5
Progress: Adding mutrig_lane_source_mux_6 [mutrig_lane_source_mux 26.1.0.427]
Progress: Parameterizing module mutrig_lane_source_mux_6
Progress: Adding mutrig_lane_source_mux_7 [mutrig_lane_source_mux 26.1.0.427]
Progress: Parameterizing module mutrig_lane_source_mux_7
Progress: Adding mutrig_reset_controller_0 [mutrig_reset_controller 1.0.8]
Progress: Parameterizing module mutrig_reset_controller_0
Progress: Adding mux_mutrig2processor [multiplexer 18.1]
Progress: Parameterizing module mux_mutrig2processor
Progress: Adding mux_mutrig2processor_0 [multiplexer 18.1]
Progress: Parameterizing module mux_mutrig2processor_0
Progress: Adding receiver_clock_125 [altera_clock_bridge 18.1]
Progress: Parameterizing module receiver_clock_125
Progress: Adding reset_bridge_export [altera_reset_bridge 18.1]
Progress: Parameterizing module reset_bridge_export
Progress: Adding run_control_splitter [altera_avalon_st_splitter 18.1]
Progress: Parameterizing module run_control_splitter
Progress: Adding xcvr156_clock [clock_source 18.1]
Progress: Parameterizing module xcvr156_clock
Progress: Building connections
Progress: Parameterizing connections
Progress: Validating
Progress: Done reading input file
Info: scifi_datapath_system_v3_pipe.lvds_rx_controller_pro_0: lvds_rx_controller_pro: file generation successful!
Warning: scifi_datapath_system_v3_pipe.mts_preprocessor_0.hit_type0_in: Signal asi_hit_type0_endofrun has unknown type endofrun
Warning: scifi_datapath_system_v3_pipe.mts_preprocessor_1.hit_type0_in: Signal asi_hit_type0_endofrun has unknown type endofrun
Error: scifi_datapath_system_v3_pipe.mutrig_datapath_subsystem_0.: get_parameter_value: No parameter CHANNEL_WIDTH     while executing "get_parameter_value CHANNEL_WIDTH"     (procedure "compute_derived_values" line 2)     invoked from within "compute_derived_values"     (procedure "validate" line 2)     invoked from within "validate"
Error: scifi_datapath_system_v3_pipe.mutrig_datapath_subsystem_0.: get_parameter_value: No parameter CHANNEL_WIDTH     while executing "get_parameter_value CHANNEL_WIDTH"     (procedure "compute_derived_values" line 2)     invoked from within "compute_derived_values"     (procedure "elaborate" line 2)     invoked from within "elaborate"
Warning: scifi_datapath_system_v3_pipe.mutrig_datapath_subsystem_0.mutrig_frame_deassembly_0: This module has no ports or interfaces
Error: scifi_datapath_system_v3_pipe.mutrig_datapath_subsystem_0.: add_fileset_file: No such file /home/yifeng/packages/mu3e_ip_dev/.worktrees/mu3e_ip_cores_phase6_closure_20260430/mutrig_frame_deassembly/script/rtl/frame_rcv_ip.vhd     while executing "add_fileset_file frame_rcv_ip.vhd VHDL PATH rtl/frame_rcv_ip.vhd TOP_LEVEL_FILE"
Error: scifi_datapath_system_v3_pipe.mutrig_datapath_subsystem_0.system_clock_reset_interface.clk/mutrig_frame_deassembly_0.clock_sink: Missing connection end (try "Remove Dangling Connections")
Error: scifi_datapath_system_v3_pipe.mutrig_datapath_subsystem_0.system_clock_reset_interface.clk_reset/mutrig_frame_deassembly_0.reset_sink: Missing connection end (try "Remove Dangling Connections")
Error: scifi_datapath_system_v3_pipe.mutrig_datapath_subsystem_0.mutrig_frame_deassembly_0.hit_type0/backpressure_fifo.in: Missing connection start (try "Remove Dangling Connections")
Warning: scifi_datapath_system_v3_pipe.mutrig_datapath_subsystem_0.backpressure_fifo.almost_empty: backpressure_fifo.almost_empty must be connected to an Avalon-ST sink
Error: scifi_datapath_system_v3_pipe.mutrig_datapath_subsystem_1.: get_parameter_value: No parameter CHANNEL_WIDTH     while executing "get_parameter_value CHANNEL_WIDTH"     (procedure "compute_derived_values" line 2)     invoked from within "compute_derived_values"     (procedure "validate" line 2)     invoked from within "validate"
Error: scifi_datapath_system_v3_pipe.mutrig_datapath_subsystem_1.: get_parameter_value: No parameter CHANNEL_WIDTH     while executing "get_parameter_value CHANNEL_WIDTH"     (procedure "compute_derived_values" line 2)     invoked from within "compute_derived_values"     (procedure "elaborate" line 2)     invoked from within "elaborate"
Warning: scifi_datapath_system_v3_pipe.mutrig_datapath_subsystem_1.mutrig_frame_deassembly_0: This module has no ports or interfaces
Error: scifi_datapath_system_v3_pipe.mutrig_datapath_subsystem_1.: add_fileset_file: No such file /home/yifeng/packages/mu3e_ip_dev/.worktrees/mu3e_ip_cores_phase6_closure_20260430/mutrig_frame_deassembly/script/rtl/frame_rcv_ip.vhd     while executing "add_fileset_file frame_rcv_ip.vhd VHDL PATH rtl/frame_rcv_ip.vhd TOP_LEVEL_FILE"
Error: scifi_datapath_system_v3_pipe.mutrig_datapath_subsystem_1.system_clock_reset_interface.clk/mutrig_frame_deassembly_0.clock_sink: Missing connection end (try "Remove Dangling Connections")
Error: scifi_datapath_system_v3_pipe.mutrig_datapath_subsystem_1.system_clock_reset_interface.clk_reset/mutrig_frame_deassembly_0.reset_sink: Missing connection end (try "Remove Dangling Connections")
Error: scifi_datapath_system_v3_pipe.mutrig_datapath_subsystem_1.mutrig_frame_deassembly_0.hit_type0/backpressure_fifo.in: Missing connection start (try "Remove Dangling Connections")
Warning: scifi_datapath_system_v3_pipe.mutrig_datapath_subsystem_1.backpressure_fifo.almost_empty: backpressure_fifo.almost_empty must be connected to an Avalon-ST sink
Error: scifi_datapath_system_v3_pipe.mutrig_datapath_subsystem_2.: get_parameter_value: No parameter CHANNEL_WIDTH     while executing "get_parameter_value CHANNEL_WIDTH"     (procedure "compute_derived_values" line 2)     invoked from within "compute_derived_values"     (procedure "validate" line 2)     invoked from within "validate"
Error: scifi_datapath_system_v3_pipe.mutrig_datapath_subsystem_2.: get_parameter_value: No parameter CHANNEL_WIDTH     while executing "get_parameter_value CHANNEL_WIDTH"     (procedure "compute_derived_values" line 2)     invoked from within "compute_derived_values"     (procedure "elaborate" line 2)     invoked from within "elaborate"
Warning: scifi_datapath_system_v3_pipe.mutrig_datapath_subsystem_2.mutrig_frame_deassembly_0: This module has no ports or interfaces
Error: scifi_datapath_system_v3_pipe.mutrig_datapath_subsystem_2.: add_fileset_file: No such file /home/yifeng/packages/mu3e_ip_dev/.worktrees/mu3e_ip_cores_phase6_closure_20260430/mutrig_frame_deassembly/script/rtl/frame_rcv_ip.vhd     while executing "add_fileset_file frame_rcv_ip.vhd VHDL PATH rtl/frame_rcv_ip.vhd TOP_LEVEL_FILE"
Error: scifi_datapath_system_v3_pipe.mutrig_datapath_subsystem_2.system_clock_reset_interface.clk/mutrig_frame_deassembly_0.clock_sink: Missing connection end (try "Remove Dangling Connections")
Error: scifi_datapath_system_v3_pipe.mutrig_datapath_subsystem_2.system_clock_reset_interface.clk_reset/mutrig_frame_deassembly_0.reset_sink: Missing connection end (try "Remove Dangling Connections")
Error: scifi_datapath_system_v3_pipe.mutrig_datapath_subsystem_2.mutrig_frame_deassembly_0.hit_type0/backpressure_fifo.in: Missing connection start (try "Remove Dangling Connections")
Warning: scifi_datapath_system_v3_pipe.mutrig_datapath_subsystem_2.backpressure_fifo.almost_empty: backpressure_fifo.almost_empty must be connected to an Avalon-ST sink
Error: scifi_datapath_system_v3_pipe.mutrig_datapath_subsystem_3.: get_parameter_value: No parameter CHANNEL_WIDTH     while executing "get_parameter_value CHANNEL_WIDTH"     (procedure "compute_derived_values" line 2)     invoked from within "compute_derived_values"     (procedure "validate" line 2)     invoked from within "validate"
Error: scifi_datapath_system_v3_pipe.mutrig_datapath_subsystem_3.: get_parameter_value: No parameter CHANNEL_WIDTH     while executing "get_parameter_value CHANNEL_WIDTH"     (procedure "compute_derived_values" line 2)     invoked from within "compute_derived_values"     (procedure "elaborate" line 2)     invoked from within "elaborate"
Warning: scifi_datapath_system_v3_pipe.mutrig_datapath_subsystem_3.mutrig_frame_deassembly_0: This module has no ports or interfaces
Error: scifi_datapath_system_v3_pipe.mutrig_datapath_subsystem_3.: add_fileset_file: No such file /home/yifeng/packages/mu3e_ip_dev/.worktrees/mu3e_ip_cores_phase6_closure_20260430/mutrig_frame_deassembly/script/rtl/frame_rcv_ip.vhd     while executing "add_fileset_file frame_rcv_ip.vhd VHDL PATH rtl/frame_rcv_ip.vhd TOP_LEVEL_FILE"
Error: scifi_datapath_system_v3_pipe.mutrig_datapath_subsystem_3.system_clock_reset_interface.clk/mutrig_frame_deassembly_0.clock_sink: Missing connection end (try "Remove Dangling Connections")
Error: scifi_datapath_system_v3_pipe.mutrig_datapath_subsystem_3.system_clock_reset_interface.clk_reset/mutrig_frame_deassembly_0.reset_sink: Missing connection end (try "Remove Dangling Connections")
Error: scifi_datapath_system_v3_pipe.mutrig_datapath_subsystem_3.mutrig_frame_deassembly_0.hit_type0/backpressure_fifo.in: Missing connection start (try "Remove Dangling Connections")
Warning: scifi_datapath_system_v3_pipe.mutrig_datapath_subsystem_3.backpressure_fifo.almost_empty: backpressure_fifo.almost_empty must be connected to an Avalon-ST sink
Error: scifi_datapath_system_v3_pipe.mutrig_datapath_subsystem_4.: get_parameter_value: No parameter CHANNEL_WIDTH     while executing "get_parameter_value CHANNEL_WIDTH"     (procedure "compute_derived_values" line 2)     invoked from within "compute_derived_values"     (procedure "validate" line 2)     invoked from within "validate"
Error: scifi_datapath_system_v3_pipe.mutrig_datapath_subsystem_4.: get_parameter_value: No parameter CHANNEL_WIDTH     while executing "get_parameter_value CHANNEL_WIDTH"     (procedure "compute_derived_values" line 2)     invoked from within "compute_derived_values"     (procedure "elaborate" line 2)     invoked from within "elaborate"
Warning: scifi_datapath_system_v3_pipe.mutrig_datapath_subsystem_4.mutrig_frame_deassembly_0: This module has no ports or interfaces
Error: scifi_datapath_system_v3_pipe.mutrig_datapath_subsystem_4.: add_fileset_file: No such file /home/yifeng/packages/mu3e_ip_dev/.worktrees/mu3e_ip_cores_phase6_closure_20260430/mutrig_frame_deassembly/script/rtl/frame_rcv_ip.vhd     while executing "add_fileset_file frame_rcv_ip.vhd VHDL PATH rtl/frame_rcv_ip.vhd TOP_LEVEL_FILE"
Error: scifi_datapath_system_v3_pipe.mutrig_datapath_subsystem_4.system_clock_reset_interface.clk/mutrig_frame_deassembly_0.clock_sink: Missing connection end (try "Remove Dangling Connections")
Error: scifi_datapath_system_v3_pipe.mutrig_datapath_subsystem_4.system_clock_reset_interface.clk_reset/mutrig_frame_deassembly_0.reset_sink: Missing connection end (try "Remove Dangling Connections")
Error: scifi_datapath_system_v3_pipe.mutrig_datapath_subsystem_4.mutrig_frame_deassembly_0.hit_type0/backpressure_fifo.in: Missing connection start (try "Remove Dangling Connections")
Warning: scifi_datapath_system_v3_pipe.mutrig_datapath_subsystem_4.backpressure_fifo.almost_empty: backpressure_fifo.almost_empty must be connected to an Avalon-ST sink
Error: scifi_datapath_system_v3_pipe.mutrig_datapath_subsystem_5.: get_parameter_value: No parameter CHANNEL_WIDTH     while executing "get_parameter_value CHANNEL_WIDTH"     (procedure "compute_derived_values" line 2)     invoked from within "compute_derived_values"     (procedure "validate" line 2)     invoked from within "validate"
Error: scifi_datapath_system_v3_pipe.mutrig_datapath_subsystem_5.: get_parameter_value: No parameter CHANNEL_WIDTH     while executing "get_parameter_value CHANNEL_WIDTH"     (procedure "compute_derived_values" line 2)     invoked from within "compute_derived_values"     (procedure "elaborate" line 2)     invoked from within "elaborate"
Warning: scifi_datapath_system_v3_pipe.mutrig_datapath_subsystem_5.mutrig_frame_deassembly_0: This module has no ports or interfaces
Error: scifi_datapath_system_v3_pipe.mutrig_datapath_subsystem_5.: add_fileset_file: No such file /home/yifeng/packages/mu3e_ip_dev/.worktrees/mu3e_ip_cores_phase6_closure_20260430/mutrig_frame_deassembly/script/rtl/frame_rcv_ip.vhd     while executing "add_fileset_file frame_rcv_ip.vhd VHDL PATH rtl/frame_rcv_ip.vhd TOP_LEVEL_FILE"
Error: scifi_datapath_system_v3_pipe.mutrig_datapath_subsystem_5.system_clock_reset_interface.clk/mutrig_frame_deassembly_0.clock_sink: Missing connection end (try "Remove Dangling Connections")
Error: scifi_datapath_system_v3_pipe.mutrig_datapath_subsystem_5.system_clock_reset_interface.clk_reset/mutrig_frame_deassembly_0.reset_sink: Missing connection end (try "Remove Dangling Connections")
Error: scifi_datapath_system_v3_pipe.mutrig_datapath_subsystem_5.mutrig_frame_deassembly_0.hit_type0/backpressure_fifo.in: Missing connection start (try "Remove Dangling Connections")
Warning: scifi_datapath_system_v3_pipe.mutrig_datapath_subsystem_5.backpressure_fifo.almost_empty: backpressure_fifo.almost_empty must be connected to an Avalon-ST sink
Error: scifi_datapath_system_v3_pipe.mutrig_datapath_subsystem_6.: get_parameter_value: No parameter CHANNEL_WIDTH     while executing "get_parameter_value CHANNEL_WIDTH"     (procedure "compute_derived_values" line 2)     invoked from within "compute_derived_values"     (procedure "validate" line 2)     invoked from within "validate"
Error: scifi_datapath_system_v3_pipe.mutrig_datapath_subsystem_6.: get_parameter_value: No parameter CHANNEL_WIDTH     while executing "get_parameter_value CHANNEL_WIDTH"     (procedure "compute_derived_values" line 2)     invoked from within "compute_derived_values"     (procedure "elaborate" line 2)     invoked from within "elaborate"
Warning: scifi_datapath_system_v3_pipe.mutrig_datapath_subsystem_6.mutrig_frame_deassembly_0: This module has no ports or interfaces
Error: scifi_datapath_system_v3_pipe.mutrig_datapath_subsystem_6.: add_fileset_file: No such file /home/yifeng/packages/mu3e_ip_dev/.worktrees/mu3e_ip_cores_phase6_closure_20260430/mutrig_frame_deassembly/script/rtl/frame_rcv_ip.vhd     while executing "add_fileset_file frame_rcv_ip.vhd VHDL PATH rtl/frame_rcv_ip.vhd TOP_LEVEL_FILE"
Error: scifi_datapath_system_v3_pipe.mutrig_datapath_subsystem_6.system_clock_reset_interface.clk/mutrig_frame_deassembly_0.clock_sink: Missing connection end (try "Remove Dangling Connections")
Error: scifi_datapath_system_v3_pipe.mutrig_datapath_subsystem_6.system_clock_reset_interface.clk_reset/mutrig_frame_deassembly_0.reset_sink: Missing connection end (try "Remove Dangling Connections")
Error: scifi_datapath_system_v3_pipe.mutrig_datapath_subsystem_6.mutrig_frame_deassembly_0.hit_type0/backpressure_fifo.in: Missing connection start (try "Remove Dangling Connections")
Warning: scifi_datapath_system_v3_pipe.mutrig_datapath_subsystem_6.backpressure_fifo.almost_empty: backpressure_fifo.almost_empty must be connected to an Avalon-ST sink
Error: scifi_datapath_system_v3_pipe.mutrig_datapath_subsystem_7.: get_parameter_value: No parameter CHANNEL_WIDTH     while executing "get_parameter_value CHANNEL_WIDTH"     (procedure "compute_derived_values" line 2)     invoked from within "compute_derived_values"     (procedure "validate" line 2)     invoked from within "validate"
Error: scifi_datapath_system_v3_pipe.mutrig_datapath_subsystem_7.: get_parameter_value: No parameter CHANNEL_WIDTH     while executing "get_parameter_value CHANNEL_WIDTH"     (procedure "compute_derived_values" line 2)     invoked from within "compute_derived_values"     (procedure "elaborate" line 2)     invoked from within "elaborate"
Warning: scifi_datapath_system_v3_pipe.mutrig_datapath_subsystem_7.mutrig_frame_deassembly_0: This module has no ports or interfaces
Error: scifi_datapath_system_v3_pipe.mutrig_datapath_subsystem_7.: add_fileset_file: No such file /home/yifeng/packages/mu3e_ip_dev/.worktrees/mu3e_ip_cores_phase6_closure_20260430/mutrig_frame_deassembly/script/rtl/frame_rcv_ip.vhd     while executing "add_fileset_file frame_rcv_ip.vhd VHDL PATH rtl/frame_rcv_ip.vhd TOP_LEVEL_FILE"
Error: scifi_datapath_system_v3_pipe.mutrig_datapath_subsystem_7.system_clock_reset_interface.clk/mutrig_frame_deassembly_0.clock_sink: Missing connection end (try "Remove Dangling Connections")
Error: scifi_datapath_system_v3_pipe.mutrig_datapath_subsystem_7.system_clock_reset_interface.clk_reset/mutrig_frame_deassembly_0.reset_sink: Missing connection end (try "Remove Dangling Connections")
Error: scifi_datapath_system_v3_pipe.mutrig_datapath_subsystem_7.mutrig_frame_deassembly_0.hit_type0/backpressure_fifo.in: Missing connection start (try "Remove Dangling Connections")
Warning: scifi_datapath_system_v3_pipe.mutrig_datapath_subsystem_7.backpressure_fifo.almost_empty: backpressure_fifo.almost_empty must be connected to an Avalon-ST sink
Info: scifi_datapath_system_v3_pipe.lvds_rx_controller_pro_0.decoded0/mutrig_lane_source_mux_0.real_in: Max channel is 9 for source and 15 for sink. Avalon-ST Adapter will be inserted..
Info: scifi_datapath_system_v3_pipe.lvds_rx_controller_pro_0.decoded0/mutrig_lane_source_mux_0.real_in: The sink has a valid signal of 1 bits, but the source does not. Avalon-ST Adapter will be inserted.
Info: scifi_datapath_system_v3_pipe.lvds_rx_controller_pro_0.decoded1/mutrig_lane_source_mux_1.real_in: Max channel is 9 for source and 15 for sink. Avalon-ST Adapter will be inserted..
Info: scifi_datapath_system_v3_pipe.lvds_rx_controller_pro_0.decoded1/mutrig_lane_source_mux_1.real_in: The sink has a valid signal of 1 bits, but the source does not. Avalon-ST Adapter will be inserted.
Info: scifi_datapath_system_v3_pipe.lvds_rx_controller_pro_0.decoded2/mutrig_lane_source_mux_2.real_in: Max channel is 9 for source and 15 for sink. Avalon-ST Adapter will be inserted..
Info: scifi_datapath_system_v3_pipe.lvds_rx_controller_pro_0.decoded2/mutrig_lane_source_mux_2.real_in: The sink has a valid signal of 1 bits, but the source does not. Avalon-ST Adapter will be inserted.
Info: scifi_datapath_system_v3_pipe.lvds_rx_controller_pro_0.decoded3/mutrig_lane_source_mux_3.real_in: Max channel is 9 for source and 15 for sink. Avalon-ST Adapter will be inserted..
Info: scifi_datapath_system_v3_pipe.lvds_rx_controller_pro_0.decoded3/mutrig_lane_source_mux_3.real_in: The sink has a valid signal of 1 bits, but the source does not. Avalon-ST Adapter will be inserted.
Info: scifi_datapath_system_v3_pipe.lvds_rx_controller_pro_0.decoded4/mutrig_lane_source_mux_4.real_in: Max channel is 9 for source and 15 for sink. Avalon-ST Adapter will be inserted..
Info: scifi_datapath_system_v3_pipe.lvds_rx_controller_pro_0.decoded4/mutrig_lane_source_mux_4.real_in: The sink has a valid signal of 1 bits, but the source does not. Avalon-ST Adapter will be inserted.
Info: scifi_datapath_system_v3_pipe.lvds_rx_controller_pro_0.decoded5/mutrig_lane_source_mux_5.real_in: Max channel is 9 for source and 15 for sink. Avalon-ST Adapter will be inserted..
Info: scifi_datapath_system_v3_pipe.lvds_rx_controller_pro_0.decoded5/mutrig_lane_source_mux_5.real_in: The sink has a valid signal of 1 bits, but the source does not. Avalon-ST Adapter will be inserted.
Info: scifi_datapath_system_v3_pipe.lvds_rx_controller_pro_0.decoded6/mutrig_lane_source_mux_6.real_in: Max channel is 9 for source and 15 for sink. Avalon-ST Adapter will be inserted..
Info: scifi_datapath_system_v3_pipe.lvds_rx_controller_pro_0.decoded6/mutrig_lane_source_mux_6.real_in: The sink has a valid signal of 1 bits, but the source does not. Avalon-ST Adapter will be inserted.
Info: scifi_datapath_system_v3_pipe.lvds_rx_controller_pro_0.decoded7/mutrig_lane_source_mux_7.real_in: Max channel is 9 for source and 15 for sink. Avalon-ST Adapter will be inserted..
Info: scifi_datapath_system_v3_pipe.lvds_rx_controller_pro_0.decoded7/mutrig_lane_source_mux_7.real_in: The sink has a valid signal of 1 bits, but the source does not. Avalon-ST Adapter will be inserted.
Info: scifi_datapath_system_v3_pipe.hit_stack_subsystem_0.hit_type3/hist_post_splitter_0.in: The sink has a empty signal of 1 bits, but the source does not. Avalon-ST Adapter will be inserted.
Info: scifi_datapath_system_v3_pipe.hit_stack_subsystem_1.hit_type3/hist_post_lower_splitter_0.in: The sink has a empty signal of 1 bits, but the source does not. Avalon-ST Adapter will be inserted.
Info: scifi_datapath_system_v3_pipe.run_control_splitter.out0/histogram_statistics_0.ctrl: The sink has a ready signal of 1 bits, but the source does not. Avalon-ST Adapter will be inserted.
Info: scifi_datapath_system_v3_pipe.hist_post_splitter_0.out1/hist_post_merge_0.in0: The source has a empty signal of 1 bits, but the sink does not. Avalon-ST Adapter will be inserted.
Info: scifi_datapath_system_v3_pipe.hist_post_lower_splitter_0.out1/hist_post_merge_0.in1: The source has a empty signal of 1 bits, but the sink does not. Avalon-ST Adapter will be inserted.
Info: scifi_datapath_system_v3_pipe.run_control_splitter.out1/mts_preprocessor_0.run_ctrl: The sink has a ready signal of 1 bits, but the source does not. Avalon-ST Adapter will be inserted.
Info: scifi_datapath_system_v3_pipe.run_control_splitter.out12/mts_preprocessor_1.run_ctrl: The sink has a ready signal of 1 bits, but the source does not. Avalon-ST Adapter will be inserted.
Info: scifi_datapath_system_v3_pipe.run_control_splitter.out13/mutrig_injector_0.runctl: The sink has a ready signal of 1 bits, but the source does not. Avalon-ST Adapter will be inserted.
Info: scifi_datapath_system_v3_pipe.run_control_splitter.out14/hit_stack_subsystem_1.run_control_signal: The sink has a ready signal of 1 bits, but the source does not. Avalon-ST Adapter will be inserted.
Info: scifi_datapath_system_v3_pipe.run_control_splitter.out15/emulator_ctrl_splitter.in: The sink has a ready signal of 1 bits, but the source does not. Avalon-ST Adapter will be inserted.
Info: scifi_datapath_system_v3_pipe.run_control_splitter.out6/hit_stack_subsystem_0.run_control_signal: The sink has a ready signal of 1 bits, but the source does not. Avalon-ST Adapter will be inserted.
Info: scifi_datapath_system_v3_pipe.run_control_splitter.out7/mutrig_reset_controller_0.runcontrol: The sink has a ready signal of 1 bits, but the source does not. Avalon-ST Adapter will be inserted.
Info: scifi_datapath_system_v3_pipe.histogram_ingress_bridge_1.pre_out/hist_pre_lower_drain_0.in: Max channel is 15 for source and 0 for sink. Avalon-ST Adapter will be inserted..
Info: scifi_datapath_system_v3_pipe.histogram_ingress_bridge_1.pre_out/hist_pre_lower_drain_0.in: The source has a channel signal of 4 bits, but the sink does not. Avalon-ST Adapter will be inserted.
Info: scifi_datapath_system_v3_pipe.histogram_ingress_bridge_1.pre_out/hist_pre_lower_drain_0.in: The source has a error signal of 1 bits, but the sink does not. Avalon-ST Adapter will be inserted.
Info: scifi_datapath_system_v3_pipe.histogram_ingress_bridge_1.pre_out/hist_pre_lower_drain_0.in: The source has a empty signal of 1 bits, but the sink does not. Avalon-ST Adapter will be inserted.
Error: scifi_datapath_system_v3_pipe.mm_pipeline_lvds_csr_low.m0/mutrig_datapath_subsystem_0.csr: Missing connection end (try "Remove Dangling Connections")
Error: scifi_datapath_system_v3_pipe.mm_pipeline_lvds_csr_low.m0/mutrig_datapath_subsystem_1.csr: Missing connection end (try "Remove Dangling Connections")
Error: scifi_datapath_system_v3_pipe.mm_pipeline_lvds_csr_emu_dbg.m0/mutrig_datapath_subsystem_2.csr: Missing connection end (try "Remove Dangling Connections")
Error: scifi_datapath_system_v3_pipe.mm_pipeline_lvds_csr_mutrig3.m0/mutrig_datapath_subsystem_3.csr: Missing connection end (try "Remove Dangling Connections")
Error: scifi_datapath_system_v3_pipe.mm_pipeline_lvds_csr_mutrig4_mts0.m0/mutrig_datapath_subsystem_4.csr: Missing connection end (try "Remove Dangling Connections")
Error: scifi_datapath_system_v3_pipe.mm_pipeline_lvds_csr_mutrig5.m0/mutrig_datapath_subsystem_5.csr: Missing connection end (try "Remove Dangling Connections")
Error: scifi_datapath_system_v3_pipe.mm_pipeline_lvds_csr_mutrig6.m0/mutrig_datapath_subsystem_6.csr: Missing connection end (try "Remove Dangling Connections")
Error: scifi_datapath_system_v3_pipe.mm_pipeline_lvds_csr_mutrig7.m0/mutrig_datapath_subsystem_7.csr: Missing connection end (try "Remove Dangling Connections")
Error: scifi_datapath_system_v3_pipe.master_datapath.master/mutrig_datapath_subsystem_7.csr: Missing connection end (try "Remove Dangling Connections")
Error: scifi_datapath_system_v3_pipe.master_datapath.master/mutrig_datapath_subsystem_6.csr: Missing connection end (try "Remove Dangling Connections")
Error: scifi_datapath_system_v3_pipe.master_datapath.master/mutrig_datapath_subsystem_5.csr: Missing connection end (try "Remove Dangling Connections")
Error: scifi_datapath_system_v3_pipe.master_datapath.master/mutrig_datapath_subsystem_4.csr: Missing connection end (try "Remove Dangling Connections")
Error: scifi_datapath_system_v3_pipe.master_datapath.master/mutrig_datapath_subsystem_3.csr: Missing connection end (try "Remove Dangling Connections")
Error: scifi_datapath_system_v3_pipe.master_datapath.master/mutrig_datapath_subsystem_2.csr: Missing connection end (try "Remove Dangling Connections")
Error: scifi_datapath_system_v3_pipe.master_datapath.master/mutrig_datapath_subsystem_1.csr: Missing connection end (try "Remove Dangling Connections")
Error: scifi_datapath_system_v3_pipe.master_datapath.master/mutrig_datapath_subsystem_0.csr: Missing connection end (try "Remove Dangling Connections")
Error: scifi_datapath_system_v3_pipe.mutrig_datapath_subsystem_0.headerinfo/mutrig_injector_0.headerinfo0: Missing connection start (try "Remove Dangling Connections")
Error: scifi_datapath_system_v3_pipe.mutrig_datapath_subsystem_1.headerinfo/mutrig_injector_0.headerinfo1: Missing connection start (try "Remove Dangling Connections")
Error: scifi_datapath_system_v3_pipe.mutrig_datapath_subsystem_2.headerinfo/mutrig_injector_0.headerinfo2: Missing connection start (try "Remove Dangling Connections")
Error: scifi_datapath_system_v3_pipe.mutrig_datapath_subsystem_3.headerinfo/mutrig_injector_0.headerinfo3: Missing connection start (try "Remove Dangling Connections")
Error: scifi_datapath_system_v3_pipe.mutrig_datapath_subsystem_4.headerinfo/mutrig_injector_0.headerinfo4: Missing connection start (try "Remove Dangling Connections")
Error: scifi_datapath_system_v3_pipe.mutrig_datapath_subsystem_5.headerinfo/mutrig_injector_0.headerinfo5: Missing connection start (try "Remove Dangling Connections")
Error: scifi_datapath_system_v3_pipe.mutrig_datapath_subsystem_6.headerinfo/mutrig_injector_0.headerinfo6: Missing connection start (try "Remove Dangling Connections")
Error: scifi_datapath_system_v3_pipe.mutrig_datapath_subsystem_7.headerinfo/mutrig_injector_0.headerinfo7: Missing connection start (try "Remove Dangling Connections")
Error: scifi_datapath_system_v3_pipe.run_control_splitter.out10/mutrig_datapath_subsystem_6.run_ctrl: Missing connection end (try "Remove Dangling Connections")
Error: scifi_datapath_system_v3_pipe.run_control_splitter.out11/mutrig_datapath_subsystem_7.run_ctrl: Missing connection end (try "Remove Dangling Connections")
Error: scifi_datapath_system_v3_pipe.run_control_splitter.out2/mutrig_datapath_subsystem_0.run_ctrl: Missing connection end (try "Remove Dangling Connections")
Error: scifi_datapath_system_v3_pipe.run_control_splitter.out3/mutrig_datapath_subsystem_1.run_ctrl: Missing connection end (try "Remove Dangling Connections")
Error: scifi_datapath_system_v3_pipe.run_control_splitter.out4/mutrig_datapath_subsystem_2.run_ctrl: Missing connection end (try "Remove Dangling Connections")
Error: scifi_datapath_system_v3_pipe.run_control_splitter.out5/mutrig_datapath_subsystem_3.run_ctrl: Missing connection end (try "Remove Dangling Connections")
Error: scifi_datapath_system_v3_pipe.run_control_splitter.out8/mutrig_datapath_subsystem_4.run_ctrl: Missing connection end (try "Remove Dangling Connections")
Error: scifi_datapath_system_v3_pipe.run_control_splitter.out9/mutrig_datapath_subsystem_5.run_ctrl: Missing connection end (try "Remove Dangling Connections")
Error: scifi_datapath_system_v3_pipe.mutrig_lane_source_mux_0.selected_out/mutrig_datapath_subsystem_0.decoded_din: Missing connection end (try "Remove Dangling Connections")
Error: scifi_datapath_system_v3_pipe.mutrig_lane_source_mux_1.selected_out/mutrig_datapath_subsystem_1.decoded_din: Missing connection end (try "Remove Dangling Connections")
Error: scifi_datapath_system_v3_pipe.mutrig_lane_source_mux_2.selected_out/mutrig_datapath_subsystem_2.decoded_din: Missing connection end (try "Remove Dangling Connections")
Error: scifi_datapath_system_v3_pipe.mutrig_lane_source_mux_3.selected_out/mutrig_datapath_subsystem_3.decoded_din: Missing connection end (try "Remove Dangling Connections")
Error: scifi_datapath_system_v3_pipe.mutrig_lane_source_mux_4.selected_out/mutrig_datapath_subsystem_4.decoded_din: Missing connection end (try "Remove Dangling Connections")
Error: scifi_datapath_system_v3_pipe.mutrig_lane_source_mux_5.selected_out/mutrig_datapath_subsystem_5.decoded_din: Missing connection end (try "Remove Dangling Connections")
Error: scifi_datapath_system_v3_pipe.mutrig_lane_source_mux_6.selected_out/mutrig_datapath_subsystem_6.decoded_din: Missing connection end (try "Remove Dangling Connections")
Error: scifi_datapath_system_v3_pipe.mutrig_lane_source_mux_7.selected_out/mutrig_datapath_subsystem_7.decoded_din: Missing connection end (try "Remove Dangling Connections")
Warning: scifi_datapath_system_v3_pipe.dbg_mm2runctrl_0.ctrl: dbg_mm2runctrl_0.ctrl must be connected to an Avalon-ST sink
Warning: scifi_datapath_system_v3_pipe.histogram_ingress_bridge_0.post_out: histogram_ingress_bridge_0.post_out must be connected to an Avalon-ST sink
Warning: scifi_datapath_system_v3_pipe.histogram_ingress_bridge_1.post_in: histogram_ingress_bridge_1.post_in must be connected to an Avalon-ST source
Warning: scifi_datapath_system_v3_pipe.histogram_ingress_bridge_1.post_out: histogram_ingress_bridge_1.post_out must be connected to an Avalon-ST sink
Warning: scifi_datapath_system_v3_pipe.histogram_statistics_0.fill_out: histogram_statistics_0.fill_out must be connected to an Avalon-ST sink
Warning: scifi_datapath_system_v3_pipe.hit_stack_subsystem_0.frame_debug_burst: hit_stack_subsystem_0.frame_debug_burst must be connected to an Avalon-ST sink
Warning: scifi_datapath_system_v3_pipe.hit_stack_subsystem_0.frame_debug_delay8loss: hit_stack_subsystem_0.frame_debug_delay8loss must be connected to an Avalon-ST sink
Warning: scifi_datapath_system_v3_pipe.hit_stack_subsystem_0.frame_debug_filllevel: hit_stack_subsystem_0.frame_debug_filllevel must be connected to an Avalon-ST sink
Warning: scifi_datapath_system_v3_pipe.hit_stack_subsystem_0.frame_debug_loss8fill: hit_stack_subsystem_0.frame_debug_loss8fill must be connected to an Avalon-ST sink
Warning: scifi_datapath_system_v3_pipe.hit_stack_subsystem_0.frame_debug_ts: hit_stack_subsystem_0.frame_debug_ts must be connected to an Avalon-ST sink
Warning: scifi_datapath_system_v3_pipe.hit_stack_subsystem_0.frame_ts_delta: hit_stack_subsystem_0.frame_ts_delta must be connected to an Avalon-ST sink
Warning: scifi_datapath_system_v3_pipe.hit_stack_subsystem_1.frame_debug_burst: hit_stack_subsystem_1.frame_debug_burst must be connected to an Avalon-ST sink
Warning: scifi_datapath_system_v3_pipe.hit_stack_subsystem_1.frame_debug_delay8loss: hit_stack_subsystem_1.frame_debug_delay8loss must be connected to an Avalon-ST sink
Warning: scifi_datapath_system_v3_pipe.hit_stack_subsystem_1.frame_debug_filllevel: hit_stack_subsystem_1.frame_debug_filllevel must be connected to an Avalon-ST sink
Warning: scifi_datapath_system_v3_pipe.hit_stack_subsystem_1.frame_debug_loss8fill: hit_stack_subsystem_1.frame_debug_loss8fill must be connected to an Avalon-ST sink
Warning: scifi_datapath_system_v3_pipe.hit_stack_subsystem_1.frame_debug_ts: hit_stack_subsystem_1.frame_debug_ts must be connected to an Avalon-ST sink
Warning: scifi_datapath_system_v3_pipe.hit_stack_subsystem_1.frame_ts_delta: hit_stack_subsystem_1.frame_ts_delta must be connected to an Avalon-ST sink
Warning: scifi_datapath_system_v3_pipe.hit_stack_subsystem_1.ring_buffer_cam_0_filllevel: hit_stack_subsystem_1.ring_buffer_cam_0_filllevel must be connected to an Avalon-ST sink
Warning: scifi_datapath_system_v3_pipe.hit_stack_subsystem_1.ring_buffer_cam_1_filllevel: hit_stack_subsystem_1.ring_buffer_cam_1_filllevel must be connected to an Avalon-ST sink
Warning: scifi_datapath_system_v3_pipe.hit_stack_subsystem_1.ring_buffer_cam_2_filllevel: hit_stack_subsystem_1.ring_buffer_cam_2_filllevel must be connected to an Avalon-ST sink
Warning: scifi_datapath_system_v3_pipe.hit_stack_subsystem_1.ring_buffer_cam_3_filllevel: hit_stack_subsystem_1.ring_buffer_cam_3_filllevel must be connected to an Avalon-ST sink
Warning: scifi_datapath_system_v3_pipe.mts_preprocessor_0.debug_ts: mts_preprocessor_0.debug_ts must be connected to an Avalon-ST sink
Warning: scifi_datapath_system_v3_pipe.mts_preprocessor_0.debug_burst: mts_preprocessor_0.debug_burst must be connected to an Avalon-ST sink
Warning: scifi_datapath_system_v3_pipe.mts_preprocessor_1.debug_ts: mts_preprocessor_1.debug_ts must be connected to an Avalon-ST sink
Warning: scifi_datapath_system_v3_pipe.mts_preprocessor_1.debug_burst: mts_preprocessor_1.debug_burst must be connected to an Avalon-ST sink
Warning: scifi_datapath_system_v3_pipe.: You have exported the interface run_control_splitter.in but not its associated reset interface.  Export the driver(s) of run_control_splitter.reset
Info: scifi_datapath_system_v3_pipe: Generating scifi_datapath_system_v3_pipe "scifi_datapath_system_v3_pipe" for QUARTUS_SYNTH
Error: null
