Info: Starting: Create HDL design files for synthesis
Info: qsys-generate /home/yifeng/packages/mu3e_ip_dev/.worktrees/mu3e_ip_cores_phase6_closure_20260430/firmware_builds/systems/system_20260427_testplanphase5/syn/feb_system_v3_pipe.qsys --synthesis=VHDL --output-directory=/home/yifeng/packages/mu3e_ip_dev/.worktrees/mu3e_ip_cores_phase6_closure_20260430/firmware_builds/systems/system_20260427_testplanphase5/syn/feb_system_v3_pipe/synthesis --family="Arria V" --part=5AGXBA7D4F31C5
Progress: Loading syn/feb_system_v3_pipe.qsys
Progress: Reading input file
Progress: Adding bringup_subsystem [feb_bringup_system 1.0]
Progress: Parameterizing module bringup_subsystem
Progress: Adding cclk156_bridge [altera_clock_bridge 18.1]
Progress: Parameterizing module cclk156_bridge
Progress: Adding cclk156_source [clock_source 18.1]
Progress: Parameterizing module cclk156_source
Progress: Adding control_path_subsystem [debug_sc_system_v3 1.0]
Progress: Parameterizing module control_path_subsystem
Progress: Adding control_reset_sync_125 [altera_reset_controller 18.1]
Progress: Parameterizing module control_reset_sync_125
Progress: Adding data_path_subsystem [scifi_datapath_system_v3_pipe 1.0]
Progress: Parameterizing module data_path_subsystem
Progress: Adding ext_reset_merge_cclk156 [altera_reset_controller 18.1]
Progress: Parameterizing module ext_reset_merge_cclk156
Progress: Adding ext_reset_pipe1_cclk156 [altera_reset_bridge 18.1]
Progress: Parameterizing module ext_reset_pipe1_cclk156
Progress: Adding ext_reset_pipe2_cclk156 [altera_reset_bridge 18.1]
Progress: Parameterizing module ext_reset_pipe2_cclk156
Progress: Adding mclk125_souce [clock_source 18.1]
Progress: Parameterizing module mclk125_souce
Progress: Adding osc50_reset_bridge [altera_reset_bridge 18.1]
Progress: Parameterizing module osc50_reset_bridge
Progress: Adding osc50_source [altera_clock_bridge 18.1]
Progress: Parameterizing module osc50_source
Progress: Adding upload_lvds_reset_bridge [altera_reset_bridge 18.1]
Progress: Parameterizing module upload_lvds_reset_bridge
Progress: Adding upload_subsystem [upload_system_v3 1.0]
Progress: Parameterizing module upload_subsystem
Progress: Building connections
Progress: Parameterizing connections
Progress: Validating
Progress: Done reading input file
Info: feb_system_v3_pipe.bringup_subsystem.jtag_uart: JTAG UART IP input clock need to be at least double (2x) the operating frequency of JTAG TCK on board
Info: feb_system_v3_pipe.bringup_subsystem.si_in: PIO inputs are not hardwired in test bench. Undefined values will be read from PIO inputs during simulation.
Info: feb_system_v3_pipe.bringup_subsystem.sysid: System ID is not assigned automatically. Edit the System ID parameter to provide a unique ID
Info: feb_system_v3_pipe.bringup_subsystem.sysid: Time stamp will be automatically updated when this component is generated.
Warning: feb_system_v3_pipe.bringup_subsystem.dbg0: dbg0.external_connection must be exported, or connected to a matching conduit.
Warning: feb_system_v3_pipe.bringup_subsystem.dbg1: dbg1.external_connection must be exported, or connected to a matching conduit.
Warning: feb_system_v3_pipe.bringup_subsystem.pio: pio.external_connection must be exported, or connected to a matching conduit.
Warning: feb_system_v3_pipe.bringup_subsystem.timer_ts: Interrupt sender timer_ts.irq is not connected to an interrupt receiver
Warning: feb_system_v3_pipe.control_path_subsystem.mutrig_cfg_ctrl_0.sclr_counter_req: Associated reset sinks not declared
Warning: feb_system_v3_pipe.control_path_subsystem.on_die_temp_sense_ctrl.clr: Associated reset sinks not declared
Error: feb_system_v3_pipe.control_path_subsystem.onewire_master_0: Component onewire_master 24.0.911.1 not found or could not be instantiated
Error: feb_system_v3_pipe.control_path_subsystem.onewire_master_controller_0: Component onewire_master_controller 24.0.918 not found or could not be instantiated
Info: feb_system_v3_pipe.control_path_subsystem.pll_156t40: The legal reference clock frequency is 5.0 MHz..750.0 MHz
Info: feb_system_v3_pipe.control_path_subsystem.pll_156t40: Able to implement PLL with user settings
Info: feb_system_v3_pipe.control_path_subsystem.sc_hub: EXT_UP_PLD_DEPTH (512) < EFFECTIVE_EXT_OUTSTANDING x MAX_BURST  (6 x 256 = 1536). Credit manager will limit effective  read outstanding to ~2 for max-burst reads. This is  normal and validated by TLM CRED-03.
Warning: feb_system_v3_pipe.control_path_subsystem.pll_156t40: pll_156t40.locked must be exported, or connected to a matching conduit.
Error: feb_system_v3_pipe.control_path_subsystem.onewire_master_controller_0.csr: Data width must be of power of two and between 8 and 4096
Info: feb_system_v3_pipe.data_path_subsystem.lvds_rx_controller_pro_0: lvds_rx_controller_pro: file generation successful!
Warning: feb_system_v3_pipe.data_path_subsystem.mts_preprocessor_0.hit_type0_in: Signal asi_hit_type0_endofrun has unknown type endofrun
Warning: feb_system_v3_pipe.data_path_subsystem.mts_preprocessor_1.hit_type0_in: Signal asi_hit_type0_endofrun has unknown type endofrun
Warning: feb_system_v3_pipe.data_path_subsystem.mutrig_datapath_subsystem_0.mutrig_frame_deassembly_0.hit_type0: Signal aso_hit_type0_endofrun has unknown type endofrun
Info: feb_system_v3_pipe.data_path_subsystem.mutrig_datapath_subsystem_0.mutrig_frame_deassembly_0.hit_type0/backpressure_fifo.in: The sink has a ready signal of 1 bits, but the source does not. Avalon-ST Adapter will be inserted.
Warning: feb_system_v3_pipe.data_path_subsystem.mutrig_datapath_subsystem_0.backpressure_fifo.almost_empty: backpressure_fifo.almost_empty must be connected to an Avalon-ST sink
Warning: feb_system_v3_pipe.data_path_subsystem.mutrig_datapath_subsystem_1.mutrig_frame_deassembly_0.hit_type0: Signal aso_hit_type0_endofrun has unknown type endofrun
Info: feb_system_v3_pipe.data_path_subsystem.mutrig_datapath_subsystem_1.mutrig_frame_deassembly_0.hit_type0/backpressure_fifo.in: The sink has a ready signal of 1 bits, but the source does not. Avalon-ST Adapter will be inserted.
Warning: feb_system_v3_pipe.data_path_subsystem.mutrig_datapath_subsystem_1.backpressure_fifo.almost_empty: backpressure_fifo.almost_empty must be connected to an Avalon-ST sink
Warning: feb_system_v3_pipe.data_path_subsystem.mutrig_datapath_subsystem_2.mutrig_frame_deassembly_0.hit_type0: Signal aso_hit_type0_endofrun has unknown type endofrun
Info: feb_system_v3_pipe.data_path_subsystem.mutrig_datapath_subsystem_2.mutrig_frame_deassembly_0.hit_type0/backpressure_fifo.in: The sink has a ready signal of 1 bits, but the source does not. Avalon-ST Adapter will be inserted.
Warning: feb_system_v3_pipe.data_path_subsystem.mutrig_datapath_subsystem_2.backpressure_fifo.almost_empty: backpressure_fifo.almost_empty must be connected to an Avalon-ST sink
Warning: feb_system_v3_pipe.data_path_subsystem.mutrig_datapath_subsystem_3.mutrig_frame_deassembly_0.hit_type0: Signal aso_hit_type0_endofrun has unknown type endofrun
Info: feb_system_v3_pipe.data_path_subsystem.mutrig_datapath_subsystem_3.mutrig_frame_deassembly_0.hit_type0/backpressure_fifo.in: The sink has a ready signal of 1 bits, but the source does not. Avalon-ST Adapter will be inserted.
Warning: feb_system_v3_pipe.data_path_subsystem.mutrig_datapath_subsystem_3.backpressure_fifo.almost_empty: backpressure_fifo.almost_empty must be connected to an Avalon-ST sink
Warning: feb_system_v3_pipe.data_path_subsystem.mutrig_datapath_subsystem_4.mutrig_frame_deassembly_0.hit_type0: Signal aso_hit_type0_endofrun has unknown type endofrun
Info: feb_system_v3_pipe.data_path_subsystem.mutrig_datapath_subsystem_4.mutrig_frame_deassembly_0.hit_type0/backpressure_fifo.in: The sink has a ready signal of 1 bits, but the source does not. Avalon-ST Adapter will be inserted.
Warning: feb_system_v3_pipe.data_path_subsystem.mutrig_datapath_subsystem_4.backpressure_fifo.almost_empty: backpressure_fifo.almost_empty must be connected to an Avalon-ST sink
Warning: feb_system_v3_pipe.data_path_subsystem.mutrig_datapath_subsystem_5.mutrig_frame_deassembly_0.hit_type0: Signal aso_hit_type0_endofrun has unknown type endofrun
Info: feb_system_v3_pipe.data_path_subsystem.mutrig_datapath_subsystem_5.mutrig_frame_deassembly_0.hit_type0/backpressure_fifo.in: The sink has a ready signal of 1 bits, but the source does not. Avalon-ST Adapter will be inserted.
Warning: feb_system_v3_pipe.data_path_subsystem.mutrig_datapath_subsystem_5.backpressure_fifo.almost_empty: backpressure_fifo.almost_empty must be connected to an Avalon-ST sink
Warning: feb_system_v3_pipe.data_path_subsystem.mutrig_datapath_subsystem_6.mutrig_frame_deassembly_0.hit_type0: Signal aso_hit_type0_endofrun has unknown type endofrun
Info: feb_system_v3_pipe.data_path_subsystem.mutrig_datapath_subsystem_6.mutrig_frame_deassembly_0.hit_type0/backpressure_fifo.in: The sink has a ready signal of 1 bits, but the source does not. Avalon-ST Adapter will be inserted.
Warning: feb_system_v3_pipe.data_path_subsystem.mutrig_datapath_subsystem_6.backpressure_fifo.almost_empty: backpressure_fifo.almost_empty must be connected to an Avalon-ST sink
Warning: feb_system_v3_pipe.data_path_subsystem.mutrig_datapath_subsystem_7.mutrig_frame_deassembly_0.hit_type0: Signal aso_hit_type0_endofrun has unknown type endofrun
Info: feb_system_v3_pipe.data_path_subsystem.mutrig_datapath_subsystem_7.mutrig_frame_deassembly_0.hit_type0/backpressure_fifo.in: The sink has a ready signal of 1 bits, but the source does not. Avalon-ST Adapter will be inserted.
Warning: feb_system_v3_pipe.data_path_subsystem.mutrig_datapath_subsystem_7.backpressure_fifo.almost_empty: backpressure_fifo.almost_empty must be connected to an Avalon-ST sink
Info: feb_system_v3_pipe.data_path_subsystem.lvds_rx_controller_pro_0.decoded0/mutrig_lane_source_mux_0.real_in: Max channel is 9 for source and 15 for sink. Avalon-ST Adapter will be inserted..
Info: feb_system_v3_pipe.data_path_subsystem.lvds_rx_controller_pro_0.decoded0/mutrig_lane_source_mux_0.real_in: The sink has a valid signal of 1 bits, but the source does not. Avalon-ST Adapter will be inserted.
Info: feb_system_v3_pipe.data_path_subsystem.lvds_rx_controller_pro_0.decoded1/mutrig_lane_source_mux_1.real_in: Max channel is 9 for source and 15 for sink. Avalon-ST Adapter will be inserted..
Info: feb_system_v3_pipe.data_path_subsystem.lvds_rx_controller_pro_0.decoded1/mutrig_lane_source_mux_1.real_in: The sink has a valid signal of 1 bits, but the source does not. Avalon-ST Adapter will be inserted.
Info: feb_system_v3_pipe.data_path_subsystem.lvds_rx_controller_pro_0.decoded2/mutrig_lane_source_mux_2.real_in: Max channel is 9 for source and 15 for sink. Avalon-ST Adapter will be inserted..
Info: feb_system_v3_pipe.data_path_subsystem.lvds_rx_controller_pro_0.decoded2/mutrig_lane_source_mux_2.real_in: The sink has a valid signal of 1 bits, but the source does not. Avalon-ST Adapter will be inserted.
Info: feb_system_v3_pipe.data_path_subsystem.lvds_rx_controller_pro_0.decoded3/mutrig_lane_source_mux_3.real_in: Max channel is 9 for source and 15 for sink. Avalon-ST Adapter will be inserted..
Info: feb_system_v3_pipe.data_path_subsystem.lvds_rx_controller_pro_0.decoded3/mutrig_lane_source_mux_3.real_in: The sink has a valid signal of 1 bits, but the source does not. Avalon-ST Adapter will be inserted.
Info: feb_system_v3_pipe.data_path_subsystem.lvds_rx_controller_pro_0.decoded4/mutrig_lane_source_mux_4.real_in: Max channel is 9 for source and 15 for sink. Avalon-ST Adapter will be inserted..
Info: feb_system_v3_pipe.data_path_subsystem.lvds_rx_controller_pro_0.decoded4/mutrig_lane_source_mux_4.real_in: The sink has a valid signal of 1 bits, but the source does not. Avalon-ST Adapter will be inserted.
Info: feb_system_v3_pipe.data_path_subsystem.lvds_rx_controller_pro_0.decoded5/mutrig_lane_source_mux_5.real_in: Max channel is 9 for source and 15 for sink. Avalon-ST Adapter will be inserted..
Info: feb_system_v3_pipe.data_path_subsystem.lvds_rx_controller_pro_0.decoded5/mutrig_lane_source_mux_5.real_in: The sink has a valid signal of 1 bits, but the source does not. Avalon-ST Adapter will be inserted.
Info: feb_system_v3_pipe.data_path_subsystem.lvds_rx_controller_pro_0.decoded6/mutrig_lane_source_mux_6.real_in: Max channel is 9 for source and 15 for sink. Avalon-ST Adapter will be inserted..
Info: feb_system_v3_pipe.data_path_subsystem.lvds_rx_controller_pro_0.decoded6/mutrig_lane_source_mux_6.real_in: The sink has a valid signal of 1 bits, but the source does not. Avalon-ST Adapter will be inserted.
Info: feb_system_v3_pipe.data_path_subsystem.lvds_rx_controller_pro_0.decoded7/mutrig_lane_source_mux_7.real_in: Max channel is 9 for source and 15 for sink. Avalon-ST Adapter will be inserted..
Info: feb_system_v3_pipe.data_path_subsystem.lvds_rx_controller_pro_0.decoded7/mutrig_lane_source_mux_7.real_in: The sink has a valid signal of 1 bits, but the source does not. Avalon-ST Adapter will be inserted.
Info: feb_system_v3_pipe.data_path_subsystem.hit_stack_subsystem_0.hit_type3/hist_post_splitter_0.in: The sink has a empty signal of 1 bits, but the source does not. Avalon-ST Adapter will be inserted.
Info: feb_system_v3_pipe.data_path_subsystem.hit_stack_subsystem_1.hit_type3/hist_post_lower_splitter_0.in: The sink has a empty signal of 1 bits, but the source does not. Avalon-ST Adapter will be inserted.
Info: feb_system_v3_pipe.data_path_subsystem.run_control_splitter.out0/histogram_statistics_0.ctrl: The sink has a ready signal of 1 bits, but the source does not. Avalon-ST Adapter will be inserted.
Info: feb_system_v3_pipe.data_path_subsystem.hist_post_splitter_0.out1/hist_post_merge_0.in0: The source has a empty signal of 1 bits, but the sink does not. Avalon-ST Adapter will be inserted.
Info: feb_system_v3_pipe.data_path_subsystem.hist_post_lower_splitter_0.out1/hist_post_merge_0.in1: The source has a empty signal of 1 bits, but the sink does not. Avalon-ST Adapter will be inserted.
Info: feb_system_v3_pipe.data_path_subsystem.run_control_splitter.out1/mts_preprocessor_0.run_ctrl: The sink has a ready signal of 1 bits, but the source does not. Avalon-ST Adapter will be inserted.
Info: feb_system_v3_pipe.data_path_subsystem.run_control_splitter.out10/mutrig_datapath_subsystem_6.run_ctrl: The sink has a ready signal of 1 bits, but the source does not. Avalon-ST Adapter will be inserted.
Info: feb_system_v3_pipe.data_path_subsystem.run_control_splitter.out11/mutrig_datapath_subsystem_7.run_ctrl: The sink has a ready signal of 1 bits, but the source does not. Avalon-ST Adapter will be inserted.
Info: feb_system_v3_pipe.data_path_subsystem.run_control_splitter.out12/mts_preprocessor_1.run_ctrl: The sink has a ready signal of 1 bits, but the source does not. Avalon-ST Adapter will be inserted.
Info: feb_system_v3_pipe.data_path_subsystem.run_control_splitter.out13/mutrig_injector_0.runctl: The sink has a ready signal of 1 bits, but the source does not. Avalon-ST Adapter will be inserted.
Info: feb_system_v3_pipe.data_path_subsystem.run_control_splitter.out14/hit_stack_subsystem_1.run_control_signal: The sink has a ready signal of 1 bits, but the source does not. Avalon-ST Adapter will be inserted.
Info: feb_system_v3_pipe.data_path_subsystem.run_control_splitter.out15/emulator_ctrl_splitter.in: The sink has a ready signal of 1 bits, but the source does not. Avalon-ST Adapter will be inserted.
Info: feb_system_v3_pipe.data_path_subsystem.run_control_splitter.out2/mutrig_datapath_subsystem_0.run_ctrl: The sink has a ready signal of 1 bits, but the source does not. Avalon-ST Adapter will be inserted.
Info: feb_system_v3_pipe.data_path_subsystem.run_control_splitter.out3/mutrig_datapath_subsystem_1.run_ctrl: The sink has a ready signal of 1 bits, but the source does not. Avalon-ST Adapter will be inserted.
Info: feb_system_v3_pipe.data_path_subsystem.run_control_splitter.out4/mutrig_datapath_subsystem_2.run_ctrl: The sink has a ready signal of 1 bits, but the source does not. Avalon-ST Adapter will be inserted.
Info: feb_system_v3_pipe.data_path_subsystem.run_control_splitter.out5/mutrig_datapath_subsystem_3.run_ctrl: The sink has a ready signal of 1 bits, but the source does not. Avalon-ST Adapter will be inserted.
Info: feb_system_v3_pipe.data_path_subsystem.run_control_splitter.out6/hit_stack_subsystem_0.run_control_signal: The sink has a ready signal of 1 bits, but the source does not. Avalon-ST Adapter will be inserted.
Info: feb_system_v3_pipe.data_path_subsystem.run_control_splitter.out7/mutrig_reset_controller_0.runcontrol: The sink has a ready signal of 1 bits, but the source does not. Avalon-ST Adapter will be inserted.
Info: feb_system_v3_pipe.data_path_subsystem.run_control_splitter.out8/mutrig_datapath_subsystem_4.run_ctrl: The sink has a ready signal of 1 bits, but the source does not. Avalon-ST Adapter will be inserted.
Info: feb_system_v3_pipe.data_path_subsystem.run_control_splitter.out9/mutrig_datapath_subsystem_5.run_ctrl: The sink has a ready signal of 1 bits, but the source does not. Avalon-ST Adapter will be inserted.
Info: feb_system_v3_pipe.data_path_subsystem.histogram_ingress_bridge_1.pre_out/hist_pre_lower_drain_0.in: Max channel is 15 for source and 0 for sink. Avalon-ST Adapter will be inserted..
Info: feb_system_v3_pipe.data_path_subsystem.histogram_ingress_bridge_1.pre_out/hist_pre_lower_drain_0.in: The source has a channel signal of 4 bits, but the sink does not. Avalon-ST Adapter will be inserted.
Info: feb_system_v3_pipe.data_path_subsystem.histogram_ingress_bridge_1.pre_out/hist_pre_lower_drain_0.in: The source has a error signal of 1 bits, but the sink does not. Avalon-ST Adapter will be inserted.
Info: feb_system_v3_pipe.data_path_subsystem.histogram_ingress_bridge_1.pre_out/hist_pre_lower_drain_0.in: The source has a empty signal of 1 bits, but the sink does not. Avalon-ST Adapter will be inserted.
Warning: feb_system_v3_pipe.data_path_subsystem.dbg_mm2runctrl_0.ctrl: dbg_mm2runctrl_0.ctrl must be connected to an Avalon-ST sink
Warning: feb_system_v3_pipe.data_path_subsystem.histogram_ingress_bridge_0.post_out: histogram_ingress_bridge_0.post_out must be connected to an Avalon-ST sink
Warning: feb_system_v3_pipe.data_path_subsystem.histogram_ingress_bridge_1.post_in: histogram_ingress_bridge_1.post_in must be connected to an Avalon-ST source
Warning: feb_system_v3_pipe.data_path_subsystem.histogram_ingress_bridge_1.post_out: histogram_ingress_bridge_1.post_out must be connected to an Avalon-ST sink
Warning: feb_system_v3_pipe.data_path_subsystem.histogram_statistics_0.fill_out: histogram_statistics_0.fill_out must be connected to an Avalon-ST sink
Warning: feb_system_v3_pipe.data_path_subsystem.hit_stack_subsystem_0.frame_debug_burst: hit_stack_subsystem_0.frame_debug_burst must be connected to an Avalon-ST sink
Warning: feb_system_v3_pipe.data_path_subsystem.hit_stack_subsystem_0.frame_debug_delay8loss: hit_stack_subsystem_0.frame_debug_delay8loss must be connected to an Avalon-ST sink
Warning: feb_system_v3_pipe.data_path_subsystem.hit_stack_subsystem_0.frame_debug_filllevel: hit_stack_subsystem_0.frame_debug_filllevel must be connected to an Avalon-ST sink
Warning: feb_system_v3_pipe.data_path_subsystem.hit_stack_subsystem_0.frame_debug_loss8fill: hit_stack_subsystem_0.frame_debug_loss8fill must be connected to an Avalon-ST sink
Warning: feb_system_v3_pipe.data_path_subsystem.hit_stack_subsystem_0.frame_debug_ts: hit_stack_subsystem_0.frame_debug_ts must be connected to an Avalon-ST sink
Warning: feb_system_v3_pipe.data_path_subsystem.hit_stack_subsystem_0.frame_ts_delta: hit_stack_subsystem_0.frame_ts_delta must be connected to an Avalon-ST sink
Warning: feb_system_v3_pipe.data_path_subsystem.hit_stack_subsystem_1.frame_debug_burst: hit_stack_subsystem_1.frame_debug_burst must be connected to an Avalon-ST sink
Warning: feb_system_v3_pipe.data_path_subsystem.hit_stack_subsystem_1.frame_debug_delay8loss: hit_stack_subsystem_1.frame_debug_delay8loss must be connected to an Avalon-ST sink
Warning: feb_system_v3_pipe.data_path_subsystem.hit_stack_subsystem_1.frame_debug_filllevel: hit_stack_subsystem_1.frame_debug_filllevel must be connected to an Avalon-ST sink
Warning: feb_system_v3_pipe.data_path_subsystem.hit_stack_subsystem_1.frame_debug_loss8fill: hit_stack_subsystem_1.frame_debug_loss8fill must be connected to an Avalon-ST sink
Warning: feb_system_v3_pipe.data_path_subsystem.hit_stack_subsystem_1.frame_debug_ts: hit_stack_subsystem_1.frame_debug_ts must be connected to an Avalon-ST sink
Warning: feb_system_v3_pipe.data_path_subsystem.hit_stack_subsystem_1.frame_ts_delta: hit_stack_subsystem_1.frame_ts_delta must be connected to an Avalon-ST sink
Warning: feb_system_v3_pipe.data_path_subsystem.hit_stack_subsystem_1.ring_buffer_cam_0_filllevel: hit_stack_subsystem_1.ring_buffer_cam_0_filllevel must be connected to an Avalon-ST sink
Warning: feb_system_v3_pipe.data_path_subsystem.hit_stack_subsystem_1.ring_buffer_cam_1_filllevel: hit_stack_subsystem_1.ring_buffer_cam_1_filllevel must be connected to an Avalon-ST sink
Warning: feb_system_v3_pipe.data_path_subsystem.hit_stack_subsystem_1.ring_buffer_cam_2_filllevel: hit_stack_subsystem_1.ring_buffer_cam_2_filllevel must be connected to an Avalon-ST sink
Warning: feb_system_v3_pipe.data_path_subsystem.hit_stack_subsystem_1.ring_buffer_cam_3_filllevel: hit_stack_subsystem_1.ring_buffer_cam_3_filllevel must be connected to an Avalon-ST sink
Warning: feb_system_v3_pipe.data_path_subsystem.mts_preprocessor_0.debug_ts: mts_preprocessor_0.debug_ts must be connected to an Avalon-ST sink
Warning: feb_system_v3_pipe.data_path_subsystem.mts_preprocessor_0.debug_burst: mts_preprocessor_0.debug_burst must be connected to an Avalon-ST sink
Warning: feb_system_v3_pipe.data_path_subsystem.mts_preprocessor_1.debug_ts: mts_preprocessor_1.debug_ts must be connected to an Avalon-ST sink
Warning: feb_system_v3_pipe.data_path_subsystem.mts_preprocessor_1.debug_burst: mts_preprocessor_1.debug_burst must be connected to an Avalon-ST sink
Warning: feb_system_v3_pipe.data_path_subsystem.: You have exported the interface run_control_splitter.in but not its associated reset interface.  Export the driver(s) of run_control_splitter.reset
Warning: feb_system_v3_pipe.data_path_subsystem.runctl_mgmt_host: Interface must have an associated reset
Warning: feb_system_v3_pipe.upload_subsystem.runctl_mgmt_host_0.dp_hard_reset: No synchronous edges, but has associated clock
Warning: feb_system_v3_pipe.upload_subsystem.runctl_mgmt_host_0.ct_hard_reset: No synchronous edges, but has associated clock
Warning: feb_system_v3_pipe.upload_subsystem.runctl_mgmt_host_0.ext_hard_reset: No synchronous edges, but has associated clock
Warning: feb_system_v3_pipe.upload_subsystem.control_plane_hard_reset: No synchronous edges, but has associated clock
Warning: feb_system_v3_pipe.upload_subsystem.data_path_hard_reset: No synchronous edges, but has associated clock
Warning: feb_system_v3_pipe.upload_subsystem.ext_hard_reset: No synchronous edges, but has associated clock
Info: feb_system_v3_pipe.data_path_subsystem.hit_type3_upper/upload_subsystem.upload_data: The source has a empty signal of 1 bits, but the sink does not. Avalon-ST Adapter will be inserted.
Info: feb_system_v3_pipe.data_path_subsystem.rstlink/upload_subsystem.synclink: Max channel is 9 for source and 0 for sink. Avalon-ST Adapter will be inserted..
Info: feb_system_v3_pipe.data_path_subsystem.rstlink/upload_subsystem.synclink: The source has a channel signal of 4 bits, but the sink does not. Avalon-ST Adapter will be inserted.
Info: feb_system_v3_pipe.upload_subsystem.runctl_mgmt_host/data_path_subsystem.runctl_mgmt_host: The source has a ready signal of 1 bits, but the sink does not. Avalon-ST Adapter will be inserted.
Warning: feb_system_v3_pipe.mclk125_souce: mclk125_souce.clk cannot be both connected and exported
Warning: feb_system_v3_pipe.data_path_subsystem.runctl_mgmt_host: data_path_subsystem.runctl_mgmt_host does not have an associated reset
Info: feb_system_v3_pipe: Generating feb_system_v3_pipe "feb_system_v3_pipe" for QUARTUS_SYNTH
Info: Interconnect is inserted between master control_path_subsystem.avmm_port and slave data_path_subsystem.avmm_port because the master has response signal 2 bit wide, but the slave is 0 bit wide.
Info: Interconnect is inserted between master control_path_subsystem.avmm_port and slave data_path_subsystem.avmm_port because the master has burstcount signal 1 bit wide, but the slave is 9 bit wide.
Info: Interconnect is inserted between master control_path_subsystem.upload_avmm_port and slave upload_subsystem.csr because they have different clock source.
Info: Inserting clock-crossing logic between cmd_demux.src0 and cmd_mux.sink0
Info: Inserting clock-crossing logic between rsp_demux.src0 and rsp_mux.sink0
Info: avalon_st_adapter: Inserting data_format_adapter: data_format_adapter_0
Info: avalon_st_adapter_001: Inserting channel_adapter: channel_adapter_0
Info: avalon_st_adapter_001: Inserting timing_adapter: timing_adapter_0
Info: avalon_st_adapter_001: Inserting timing_adapter: timing_adapter_1
Info: avalon_st_adapter_002: Inserting timing_adapter: timing_adapter_0
Info: bringup_subsystem: "feb_system_v3_pipe" instantiated feb_bringup_system "bringup_subsystem"
Error: null
