Archive member included to satisfy reference by file (symbol)

/data1/intelFPGA/18.1/nios2eds/bin/gnu/H-x86_64-pc-linux-gnu/bin/../lib/gcc/nios2-elf/5.3.0/mno-hw-mul/libgcc.a(lib2-mul.o)
                              obj/default/main.o (__mulsi3)
/data1/intelFPGA/18.1/nios2eds/bin/gnu/H-x86_64-pc-linux-gnu/bin/../lib/gcc/nios2-elf/5.3.0/../../../../../H-x86_64-pc-linux-gnu/nios2-elf/lib/mno-hw-mul/libsmallc.a(lib_a-memset.o)
                              obj/default/main.o (memset)
/data1/intelFPGA/18.1/nios2eds/bin/gnu/H-x86_64-pc-linux-gnu/bin/../lib/gcc/nios2-elf/5.3.0/../../../../../H-x86_64-pc-linux-gnu/nios2-elf/lib/mno-hw-mul/libsmallc.a(lib_a-printf.o)
                              obj/default/main.o (printf)
/data1/intelFPGA/18.1/nios2eds/bin/gnu/H-x86_64-pc-linux-gnu/bin/../lib/gcc/nios2-elf/5.3.0/../../../../../H-x86_64-pc-linux-gnu/nios2-elf/lib/mno-hw-mul/libsmallc.a(lib_a-putchar.o)
                              obj/default/main.o (putchar)
/data1/intelFPGA/18.1/nios2eds/bin/gnu/H-x86_64-pc-linux-gnu/bin/../lib/gcc/nios2-elf/5.3.0/../../../../../H-x86_64-pc-linux-gnu/nios2-elf/lib/mno-hw-mul/libsmallc.a(lib_a-puts.o)
                              obj/default/main.o (puts)
/data1/intelFPGA/18.1/nios2eds/bin/gnu/H-x86_64-pc-linux-gnu/bin/../lib/gcc/nios2-elf/5.3.0/../../../../../H-x86_64-pc-linux-gnu/nios2-elf/lib/mno-hw-mul/libsmallc.a(lib_a-strcmp.o)
                              obj/default/main.o (strcmp)
/data1/intelFPGA/18.1/nios2eds/bin/gnu/H-x86_64-pc-linux-gnu/bin/../lib/gcc/nios2-elf/5.3.0/../../../../../H-x86_64-pc-linux-gnu/nios2-elf/lib/mno-hw-mul/libsmallc.a(lib_a-strlen.o)
                              /data1/intelFPGA/18.1/nios2eds/bin/gnu/H-x86_64-pc-linux-gnu/bin/../lib/gcc/nios2-elf/5.3.0/../../../../../H-x86_64-pc-linux-gnu/nios2-elf/lib/mno-hw-mul/libsmallc.a(lib_a-puts.o) (strlen)
/data1/intelFPGA/18.1/nios2eds/bin/gnu/H-x86_64-pc-linux-gnu/bin/../lib/gcc/nios2-elf/5.3.0/../../../../../H-x86_64-pc-linux-gnu/nios2-elf/lib/mno-hw-mul/libsmallc.a(lib_a-vfprintf.o)
                              /data1/intelFPGA/18.1/nios2eds/bin/gnu/H-x86_64-pc-linux-gnu/bin/../lib/gcc/nios2-elf/5.3.0/../../../../../H-x86_64-pc-linux-gnu/nios2-elf/lib/mno-hw-mul/libsmallc.a(lib_a-printf.o) (___vfprintf_internal_r)
/data1/intelFPGA/18.1/nios2eds/bin/gnu/H-x86_64-pc-linux-gnu/bin/../lib/gcc/nios2-elf/5.3.0/../../../../../H-x86_64-pc-linux-gnu/nios2-elf/lib/mno-hw-mul/libsmallc.a(lib_a-fvwrite_small_dev.o)
                              /data1/intelFPGA/18.1/nios2eds/bin/gnu/H-x86_64-pc-linux-gnu/bin/../lib/gcc/nios2-elf/5.3.0/../../../../../H-x86_64-pc-linux-gnu/nios2-elf/lib/mno-hw-mul/libsmallc.a(lib_a-printf.o) (__sfvwrite_small_dev)
/data1/intelFPGA/18.1/nios2eds/bin/gnu/H-x86_64-pc-linux-gnu/bin/../lib/gcc/nios2-elf/5.3.0/../../../../../H-x86_64-pc-linux-gnu/nios2-elf/lib/mno-hw-mul/libsmallc.a(lib_a-impure.o)
                              /data1/intelFPGA/18.1/nios2eds/bin/gnu/H-x86_64-pc-linux-gnu/bin/../lib/gcc/nios2-elf/5.3.0/../../../../../H-x86_64-pc-linux-gnu/nios2-elf/lib/mno-hw-mul/libsmallc.a(lib_a-printf.o) (_impure_ptr)
/data1/intelFPGA/18.1/nios2eds/bin/gnu/H-x86_64-pc-linux-gnu/bin/../lib/gcc/nios2-elf/5.3.0/../../../../../H-x86_64-pc-linux-gnu/nios2-elf/lib/mno-hw-mul/libsmallc.a(lib_a-putc.o)
                              /data1/intelFPGA/18.1/nios2eds/bin/gnu/H-x86_64-pc-linux-gnu/bin/../lib/gcc/nios2-elf/5.3.0/../../../../../H-x86_64-pc-linux-gnu/nios2-elf/lib/mno-hw-mul/libsmallc.a(lib_a-putchar.o) (_putc_r)
/data1/intelFPGA/18.1/nios2eds/bin/gnu/H-x86_64-pc-linux-gnu/bin/../lib/gcc/nios2-elf/5.3.0/../../../../../H-x86_64-pc-linux-gnu/nios2-elf/lib/mno-hw-mul/libsmallc.a(lib_a-writer.o)
                              /data1/intelFPGA/18.1/nios2eds/bin/gnu/H-x86_64-pc-linux-gnu/bin/../lib/gcc/nios2-elf/5.3.0/../../../../../H-x86_64-pc-linux-gnu/nios2-elf/lib/mno-hw-mul/libsmallc.a(lib_a-fvwrite_small_dev.o) (_write_r)
/data1/intelFPGA/18.1/nios2eds/bin/gnu/H-x86_64-pc-linux-gnu/bin/../lib/gcc/nios2-elf/5.3.0/../../../../../H-x86_64-pc-linux-gnu/nios2-elf/lib/mno-hw-mul/libsmallc.a(lib_a-int_errno.o)
                              /data1/intelFPGA/18.1/nios2eds/bin/gnu/H-x86_64-pc-linux-gnu/bin/../lib/gcc/nios2-elf/5.3.0/../../../../../H-x86_64-pc-linux-gnu/nios2-elf/lib/mno-hw-mul/libsmallc.a(lib_a-writer.o) (errno)
/data1/intelFPGA/18.1/nios2eds/bin/gnu/H-x86_64-pc-linux-gnu/bin/../lib/gcc/nios2-elf/5.3.0/mno-hw-mul/libgcc.a(lib2-divmod.o)
                              /data1/intelFPGA/18.1/nios2eds/bin/gnu/H-x86_64-pc-linux-gnu/bin/../lib/gcc/nios2-elf/5.3.0/../../../../../H-x86_64-pc-linux-gnu/nios2-elf/lib/mno-hw-mul/libsmallc.a(lib_a-vfprintf.o) (__udivsi3)
../hal_bsp//libhal_bsp.a(alt_alarm_start.o)
                              obj/default/main.o (alt_alarm_start)
../hal_bsp//libhal_bsp.a(alt_load.o)
                              ../hal_bsp//obj/HAL/src/crt0.o (alt_load)
../hal_bsp//libhal_bsp.a(alt_main.o)
[...]
Memory Configuration

Name             Origin             Length             Attributes
reset            0x0000000010000000 0x0000000000000020
ram              0x0000000010000020 0x000000000001ffe0
*default*        0x0000000000000000 0xffffffffffffffff

Linker script and memory map

LOAD ../hal_bsp//obj/HAL/src/crt0.o
LOAD obj/default/main.o
LOAD /data1/intelFPGA/18.1/nios2eds/bin/gnu/H-x86_64-pc-linux-gnu/bin/../lib/gcc/nios2-elf/5.3.0/../../../../../H-x86_64-pc-linux-gnu/nios2-elf/lib/mno-hw-mul/libstdc++.a
LOAD /data1/intelFPGA/18.1/nios2eds/bin/gnu/H-x86_64-pc-linux-gnu/bin/../lib/gcc/nios2-elf/5.3.0/../../../../../H-x86_64-pc-linux-gnu/nios2-elf/lib/mno-hw-mul/libm.a
LOAD /data1/intelFPGA/18.1/nios2eds/bin/gnu/H-x86_64-pc-linux-gnu/bin/../lib/gcc/nios2-elf/5.3.0/mno-hw-mul/libgcc.a
START GROUP
LOAD /data1/intelFPGA/18.1/nios2eds/bin/gnu/H-x86_64-pc-linux-gnu/bin/../lib/gcc/nios2-elf/5.3.0/../../../../../H-x86_64-pc-linux-gnu/nios2-elf/lib/mno-hw-mul/libsmallc.a
LOAD /data1/intelFPGA/18.1/nios2eds/bin/gnu/H-x86_64-pc-linux-gnu/bin/../lib/gcc/nios2-elf/5.3.0/mno-hw-mul/libgcc.a
LOAD ../hal_bsp//libhal_bsp.a
LOAD /data1/intelFPGA/18.1/nios2eds/bin/gnu/H-x86_64-pc-linux-gnu/bin/../lib/gcc/nios2-elf/5.3.0/../../../../../H-x86_64-pc-linux-gnu/nios2-elf/lib/mno-hw-mul/libm.a
END GROUP
LOAD /data1/intelFPGA/18.1/nios2eds/bin/gnu/H-x86_64-pc-linux-gnu/bin/../lib/gcc/nios2-elf/5.3.0/mno-hw-mul/libgcc.a
                0x0000000010000000                __alt_mem_ram = 0x10000000

.entry          0x0000000010000000       0x20
 *(.entry)
 .entry         0x0000000010000000       0x20 ../hal_bsp//obj/HAL/src/crt0.o
                0x0000000010000000                __reset

.exceptions     0x0000000010000020      0x160
                0x0000000010000020                PROVIDE (__ram_exceptions_start, ABSOLUTE (.))
                0x0000000010000020                . = ALIGN (0x20)
 *(.irq)
 *(.exceptions.entry.label)
 .exceptions.entry.label
                0x0000000010000020        0x0 ../hal_bsp//libhal_bsp.a(alt_irq_entry.o)
                0x0000000010000020                alt_irq_entry
 .exceptions.entry.label
                0x0000000010000020        0x0 ../hal_bsp//libhal_bsp.a(alt_exception_entry.o)
                0x0000000010000020                alt_exception
 *(.exceptions.entry.user)
 *(.exceptions.entry.ecc_fatal)
 *(.exceptions.entry)
 .exceptions.entry
                0x0000000010000020       0x54 ../hal_bsp//libhal_bsp.a(alt_exception_entry.o)
 *(.exceptions.irqtest.user)
 *(.exceptions.irqtest)
 .exceptions.irqtest
                0x0000000010000074       0x10 ../hal_bsp//libhal_bsp.a(alt_irq_entry.o)
 *(.exceptions.irqhandler.user)
 *(.exceptions.irqhandler)
 .exceptions.irqhandler
                0x0000000010000084        0x4 ../hal_bsp//libhal_bsp.a(alt_irq_entry.o)
 *(.exceptions.irqreturn.user)
 *(.exceptions.irqreturn)
 .exceptions.irqreturn
                0x0000000010000088        0x4 ../hal_bsp//libhal_bsp.a(alt_irq_entry.o)
 *(.exceptions.notirq.label)
 .exceptions.notirq.label
                0x000000001000008c        0x0 ../hal_bsp//libhal_bsp.a(alt_irq_entry.o)
 *(.exceptions.notirq.user)
 *(.exceptions.notirq)
 .exceptions.notirq
                0x000000001000008c        0x8 ../hal_bsp//libhal_bsp.a(alt_exception_entry.o)
 *(.exceptions.soft.user)
 *(.exceptions.soft)
 *(.exceptions.unknown.user)
 *(.exceptions.unknown)
 .exceptions.unknown
                0x0000000010000094       0x14 ../hal_bsp//libhal_bsp.a(alt_exception_entry.o)
 *(.exceptions.exit.label)
 .exceptions.exit.label
                0x00000000100000a8        0x0 ../hal_bsp//libhal_bsp.a(alt_irq_entry.o)
 .exceptions.exit.label
                0x00000000100000a8        0x0 ../hal_bsp//libhal_bsp.a(alt_exception_entry.o)
 *(.exceptions.exit.user)
 *(.exceptions.exit)
 .exceptions.exit
                0x00000000100000a8       0x54 ../hal_bsp//libhal_bsp.a(alt_exception_entry.o)
 *(.exceptions)
 .exceptions    0x00000000100000fc       0x60 ../hal_bsp//libhal_bsp.a(alt_irq_handler.o)
                0x00000000100000fc                alt_irq_handler
 .exceptions    0x000000001000015c       0x24 ../hal_bsp//libhal_bsp.a(alt_instruction_exception_entry.o)
                0x000000001000015c                alt_instruction_exception_entry
                0x0000000010000180                PROVIDE (__ram_exceptions_end, ABSOLUTE (.))
                0x0000000010000020                PROVIDE (__flash_exceptions_start, LOADADDR (.exceptions))

.text           0x0000000010000180     0x3338
                [!provide]                        PROVIDE (stext, ABSOLUTE (.))
 *(.interp)
 *(.hash)
 *(.dynsym)
 *(.dynstr)
 *(.gnu.version)
 *(.gnu.version_d)
 *(.gnu.version_r)
 *(.rel.init)
 *(.rela.init)
 *(.rel.text .rel.text.* .rel.gnu.linkonce.t.*)
 *(.rela.text .rela.text.* .rela.gnu.linkonce.t.*)
 *(.rel.fini)
 *(.rela.fini)
 *(.rel.rodata .rel.rodata.* .rel.gnu.linkonce.r.*)
 *(.rela.rodata .rela.rodata.* .rela.gnu.linkonce.r.*)
 *(.rel.data .rel.data.* .rel.gnu.linkonce.d.*)
 *(.rela.data .rela.data.* .rela.gnu.linkonce.d.*)
 *(.rel.tdata .rel.tdata.* .rel.gnu.linkonce.td.*)
 *(.rela.tdata .rela.tdata.* .rela.gnu.linkonce.td.*)
 *(.rel.tbss .rel.tbss.* .rel.gnu.linkonce.tb.*)
 *(.rela.tbss .rela.tbss.* .rela.gnu.linkonce.tb.*)
 *(.rel.ctors)
 *(.rela.ctors)
 *(.rel.dtors)
 *(.rela.dtors)
 *(.rel.got)
 *(.rela.got)
 *(.rel.sdata .rel.sdata.* .rel.gnu.linkonce.s.*)
 *(.rela.sdata .rela.sdata.* .rela.gnu.linkonce.s.*)
 *(.rel.sbss .rel.sbss.* .rel.gnu.linkonce.sb.*)
 *(.rela.sbss .rela.sbss.* .rela.gnu.linkonce.sb.*)
 *(.rel.sdata2 .rel.sdata2.* .rel.gnu.linkonce.s2.*)
 *(.rela.sdata2 .rela.sdata2.* .rela.gnu.linkonce.s2.*)
 *(.rel.sbss2 .rel.sbss2.* .rel.gnu.linkonce.sb2.*)
 *(.rela.sbss2 .rela.sbss2.* .rela.gnu.linkonce.sb2.*)
 *(.rel.bss .rel.bss.* .rel.gnu.linkonce.b.*)
 *(.rela.bss .rela.bss.* .rela.gnu.linkonce.b.*)
 *(.rel.plt)
 *(.rela.plt)
 *(.rel.dyn)
 *(.init)
 *(.plt)
 *(.text .stub .text.* .gnu.linkonce.t.*)
 .text          0x0000000010000180       0x3c ../hal_bsp//obj/HAL/src/crt0.o
                0x0000000010000180                _start
 .text          0x00000000100001bc      0x428 obj/default/main.o
                0x0000000010000264                uart_init()
                0x00000000100002ac                base_init()
                0x0000000010000324                wait_key(unsigned long)
 .text._ZN4wd_t8callbackEPv
                0x00000000100005e4       0x2c obj/default/main.o
                0x00000000100005e4                wd_t::callback(void*)
 .text._ZN4si_t9bit_delayEv
                0x0000000010000610       0x30 obj/default/main.o
                0x0000000010000610                si_t::bit_delay()
 .text._ZNK4si_t9set_resetEb
                0x0000000010000640       0x44 obj/default/main.o
                0x0000000010000640                si_t::set_reset(bool) const
 .text._ZNK4si_t12deselect_allEv
                0x0000000010000684       0x20 obj/default/main.o
                0x0000000010000684                si_t::deselect_all() const
 .text._ZNK4si_t6selectEv
                0x00000000100006a4       0x48 obj/default/main.o
                0x00000000100006a4                si_t::select() const
 .text._ZNK4si_t13transfer_byteEh
                0x00000000100006ec      0x110 obj/default/main.o
                0x00000000100006ec                si_t::transfer_byte(unsigned char) const
 .text._ZN4si_t9read_byteEh
                0x00000000100007fc       0x70 obj/default/main.o
                0x00000000100007fc                si_t::read_byte(unsigned char)
 .text._ZN4si_t10write_byteEhh
                0x000000001000086c       0x70 obj/default/main.o
                0x000000001000086c                si_t::write_byte(unsigned char, unsigned char)
 .text._ZN4si_t10wait_readyEi
                0x00000000100008dc       0x84 obj/default/main.o
                0x00000000100008dc                si_t::wait_ready(int)
 .text._ZN4si_t8set_pageEh
                0x0000000010000960       0x88 obj/default/main.o
                0x0000000010000960                si_t::set_page(unsigned char)
 .text._ZN4si_t4readEt
                0x00000000100009e8       0x70 obj/default/main.o
                0x00000000100009e8                si_t::read(unsigned short)
 .text._ZN4si_t5writeEth
                0x0000000010000a58       0x84 obj/default/main.o
                0x0000000010000a58                si_t::write(unsigned short, unsigned char)
 .text._ZN8si534x_t10get_in_selEv
                0x0000000010000adc       0x58 obj/default/main.o
                0x0000000010000adc                si534x_t::get_in_sel()
 .text._ZN8si534x_t6statusEv
                0x0000000010000b34      0x114 obj/default/main.o
                0x0000000010000b34                si534x_t::status()
 .text._ZN8si5345_t4initEi
                0x0000000010000c48      0x120 obj/default/main.o
                0x0000000010000c48                si5345_t::init(int)
 .text._ZN8si5345_t4menuEv
                0x0000000010000d68      0x214 obj/default/main.o
                0x0000000010000d68                si5345_t::menu()
 .text.startup  0x0000000010000f7c      0x39c obj/default/main.o
                0x0000000010000f7c                main
 .text          0x0000000010001318       0x28 /data1/intelFPGA/18.1/nios2eds/bin/gnu/H-x86_64-pc-linux-gnu/bin/../lib/gcc/nios2-elf/5.3.0/mno-hw-mul/libgcc.a(lib2-mul.o)
                0x0000000010001318                __mulsi3
 .text          0x0000000010001340        0x0 /data1/intelFPGA/18.1/nios2eds/bin/gnu/H-x86_64-pc-linux-gnu/bin/../lib/gcc/nios2-elf/5.3.0/../../../../../H-x86_64-pc-linux-gnu/nios2-elf/lib/mno-hw-mul/libsmallc.a(lib_a-memset.o)
 .text.memset   0x0000000010001340       0x20 /data1/intelFPGA/18.1/nios2eds/bin/gnu/H-x86_64-pc-linux-gnu/bin/../lib/gcc/nios2-elf/5.3.0/../../../../../H-x86_64-pc-linux-gnu/nios2-elf/lib/mno-hw-mul/libsmallc.a(lib_a-memset.o)
                0x0000000010001340                memset
 .text          0x0000000010001360        0x0 /data1/intelFPGA/18.1/nios2eds/bin/gnu/H-x86_64-pc-linux-gnu/bin/../lib/gcc/nios2-elf/5.3.0/../../../../../H-x86_64-pc-linux-gnu/nios2-elf/lib/mno-hw-mul/libsmallc.a(lib_a-printf.o)
 .text._printf_r
                0x0000000010001360       0x3c /data1/intelFPGA/18.1/nios2eds/bin/gnu/H-x86_64-pc-linux-gnu/bin/../lib/gcc/nios2-elf/5.3.0/../../../../../H-x86_64-pc-linux-gnu/nios2-elf/lib/mno-hw-mul/libsmallc.a(lib_a-printf.o)
                0x0000000010001360                _printf_r
 .text.printf   0x000000001000139c       0x4c /data1/intelFPGA/18.1/nios2eds/bin/gnu/H-x86_64-pc-linux-gnu/bin/../lib/gcc/nios2-elf/5.3.0/../../../../../H-x86_64-pc-linux-gnu/nios2-elf/lib/mno-hw-mul/libsmallc.a(lib_a-printf.o)
                0x000000001000139c                printf
 .text          0x00000000100013e8        0x0 /data1/intelFPGA/18.1/nios2eds/bin/gnu/H-x86_64-pc-linux-gnu/bin/../lib/gcc/nios2-elf/5.3.0/../../../../../H-x86_64-pc-linux-gnu/nios2-elf/lib/mno-hw-mul/libsmallc.a(lib_a-putchar.o)
 .text._putchar_r
                0x00000000100013e8        0x8 /data1/intelFPGA/18.1/nios2eds/bin/gnu/H-x86_64-pc-linux-gnu/bin/../lib/gcc/nios2-elf/5.3.0/../../../../../H-x86_64-pc-linux-gnu/nios2-elf/lib/mno-hw-mul/libsmallc.a(lib_a-putchar.o)
                0x00000000100013e8                _putchar_r
 .text.putchar  0x00000000100013f0       0x1c /data1/intelFPGA/18.1/nios2eds/bin/gnu/H-x86_64-pc-linux-gnu/bin/../lib/gcc/nios2-elf/5.3.0/../../../../../H-x86_64-pc-linux-gnu/nios2-elf/lib/mno-hw-mul/libsmallc.a(lib_a-putchar.o)
                0x00000000100013f0                putchar
 .text          0x000000001000140c        0x0 /data1/intelFPGA/18.1/nios2eds/bin/gnu/H-x86_64-pc-linux-gnu/bin/../lib/gcc/nios2-elf/5.3.0/../../../../../H-x86_64-pc-linux-gnu/nios2-elf/lib/mno-hw-mul/libsmallc.a(lib_a-puts.o)
 .text._puts_r  0x000000001000140c       0x80 /data1/intelFPGA/18.1/nios2eds/bin/gnu/H-x86_64-pc-linux-gnu/bin/../lib/gcc/nios2-elf/5.3.0/../../../../../H-x86_64-pc-linux-gnu/nios2-elf/lib/mno-hw-mul/libsmallc.a(lib_a-puts.o)
                0x000000001000140c                _puts_r
 .text.puts     0x000000001000148c       0x14 /data1/intelFPGA/18.1/nios2eds/bin/gnu/H-x86_64-pc-linux-gnu/bin/../lib/gcc/nios2-elf/5.3.0/../../../../../H-x86_64-pc-linux-gnu/nios2-elf/lib/mno-hw-mul/libsmallc.a(lib_a-puts.o)
                0x000000001000148c                puts
 .text          0x00000000100014a0        0x0 /data1/intelFPGA/18.1/nios2eds/bin/gnu/H-x86_64-pc-linux-gnu/bin/../lib/gcc/nios2-elf/5.3.0/../../../../../H-x86_64-pc-linux-gnu/nios2-elf/lib/mno-hw-mul/libsmallc.a(lib_a-strcmp.o)
 .text.strcmp   0x00000000100014a0       0x38 /data1/intelFPGA/18.1/nios2eds/bin/gnu/H-x86_64-pc-linux-gnu/bin/../lib/gcc/nios2-elf/5.3.0/../../../../../H-x86_64-pc-linux-gnu/nios2-elf/lib/mno-hw-mul/libsmallc.a(lib_a-strcmp.o)
                0x00000000100014a0                strcmp
 .text          0x00000000100014d8        0x0 /data1/intelFPGA/18.1/nios2eds/bin/gnu/H-x86_64-pc-linux-gnu/bin/../lib/gcc/nios2-elf/5.3.0/../../../../../H-x86_64-pc-linux-gnu/nios2-elf/lib/mno-hw-mul/libsmallc.a(lib_a-strlen.o)
 .text.strlen   0x00000000100014d8       0x1c /data1/intelFPGA/18.1/nios2eds/bin/gnu/H-x86_64-pc-linux-gnu/bin/../lib/gcc/nios2-elf/5.3.0/../../../../../H-x86_64-pc-linux-gnu/nios2-elf/lib/mno-hw-mul/libsmallc.a(lib_a-strlen.o)
                0x00000000100014d8                strlen
 .text          0x00000000100014f4        0x0 /data1/intelFPGA/18.1/nios2eds/bin/gnu/H-x86_64-pc-linux-gnu/bin/../lib/gcc/nios2-elf/5.3.0/../../../../../H-x86_64-pc-linux-gnu/nios2-elf/lib/mno-hw-mul/libsmallc.a(lib_a-vfprintf.o)
 .text.print_repeat
                0x00000000100014f4       0x6c /data1/intelFPGA/18.1/nios2eds/bin/gnu/H-x86_64-pc-linux-gnu/bin/../lib/gcc/nios2-elf/5.3.0/../../../../../H-x86_64-pc-linux-gnu/nios2-elf/lib/mno-hw-mul/libsmallc.a(lib_a-vfprintf.o)
 .text.___vfprintf_internal_r
                0x0000000010001560      0x52c /data1/intelFPGA/18.1/nios2eds/bin/gnu/H-x86_64-pc-linux-gnu/bin/../lib/gcc/nios2-elf/5.3.0/../../../../../H-x86_64-pc-linux-gnu/nios2-elf/lib/mno-hw-mul/libsmallc.a(lib_a-vfprintf.o)
                0x0000000010001560                ___vfprintf_internal_r
 .text.__vfprintf_internal
                0x0000000010001a8c       0x1c /data1/intelFPGA/18.1/nios2eds/bin/gnu/H-x86_64-pc-linux-gnu/bin/../lib/gcc/nios2-elf/5.3.0/../../../../../H-x86_64-pc-linux-gnu/nios2-elf/lib/mno-hw-mul/libsmallc.a(lib_a-vfprintf.o)
                0x0000000010001a8c                __vfprintf_internal
 .text          0x0000000010001aa8        0x0 /data1/intelFPGA/18.1/nios2eds/bin/gnu/H-x86_64-pc-linux-gnu/bin/../lib/gcc/nios2-elf/5.3.0/../../../../../H-x86_64-pc-linux-gnu/nios2-elf/lib/mno-hw-mul/libsmallc.a(lib_a-fvwrite_small_dev.o)
 .text.__sfvwrite_small_dev
                0x0000000010001aa8       0xb8 /data1/intelFPGA/18.1/nios2eds/bin/gnu/H-x86_64-pc-linux-gnu/bin/../lib/gcc/nios2-elf/5.3.0/../../../../../H-x86_64-pc-linux-gnu/nios2-elf/lib/mno-hw-mul/libsmallc.a(lib_a-fvwrite_small_dev.o)
                0x0000000010001aa8                __sfvwrite_small_dev
 .text          0x0000000010001b60        0x0 /data1/intelFPGA/18.1/nios2eds/bin/gnu/H-x86_64-pc-linux-gnu/bin/../lib/gcc/nios2-elf/5.3.0/../../../../../H-x86_64-pc-linux-gnu/nios2-elf/lib/mno-hw-mul/libsmallc.a(lib_a-impure.o)
 .text          0x0000000010001b60        0x0 /data1/intelFPGA/18.1/nios2eds/bin/gnu/H-x86_64-pc-linux-gnu/bin/../lib/gcc/nios2-elf/5.3.0/../../../../../H-x86_64-pc-linux-gnu/nios2-elf/lib/mno-hw-mul/libsmallc.a(lib_a-putc.o)
 .text.putc     0x0000000010001b60       0x54 /data1/intelFPGA/18.1/nios2eds/bin/gnu/H-x86_64-pc-linux-gnu/bin/../lib/gcc/nios2-elf/5.3.0/../../../../../H-x86_64-pc-linux-gnu/nios2-elf/lib/mno-hw-mul/libsmallc.a(lib_a-putc.o)
                0x0000000010001b60                putc
 .text._putc_r  0x0000000010001bb4       0x58 /data1/intelFPGA/18.1/nios2eds/bin/gnu/H-x86_64-pc-linux-gnu/bin/../lib/gcc/nios2-elf/5.3.0/../../../../../H-x86_64-pc-linux-gnu/nios2-elf/lib/mno-hw-mul/libsmallc.a(lib_a-putc.o)
                0x0000000010001bb4                _putc_r
 .text          0x0000000010001c0c        0x0 /data1/intelFPGA/18.1/nios2eds/bin/gnu/H-x86_64-pc-linux-gnu/bin/../lib/gcc/nios2-elf/5.3.0/../../../../../H-x86_64-pc-linux-gnu/nios2-elf/lib/mno-hw-mul/libsmallc.a(lib_a-writer.o)
 .text._write_r
                0x0000000010001c0c       0x58 /data1/intelFPGA/18.1/nios2eds/bin/gnu/H-x86_64-pc-linux-gnu/bin/../lib/gcc/nios2-elf/5.3.0/../../../../../H-x86_64-pc-linux-gnu/nios2-elf/lib/mno-hw-mul/libsmallc.a(lib_a-writer.o)
                0x0000000010001c0c                _write_r
 .text          0x0000000010001c64        0x0 /data1/intelFPGA/18.1/nios2eds/bin/gnu/H-x86_64-pc-linux-gnu/bin/../lib/gcc/nios2-elf/5.3.0/../../../../../H-x86_64-pc-linux-gnu/nios2-elf/lib/mno-hw-mul/libsmallc.a(lib_a-int_errno.o)
 .text          0x0000000010001c64      0x1b4 /data1/intelFPGA/18.1/nios2eds/bin/gnu/H-x86_64-pc-linux-gnu/bin/../lib/gcc/nios2-elf/5.3.0/mno-hw-mul/libgcc.a(lib2-divmod.o)
                0x0000000010001c64                __divsi3
                0x0000000010001ce8                __modsi3
                0x0000000010001d5c                __udivsi3
                0x0000000010001dc0                __umodsi3
 .text          0x0000000010001e18       0x80 ../hal_bsp//libhal_bsp.a(alt_alarm_start.o)
                0x0000000010001e18                alt_alarm_start
 .text          0x0000000010001e98       0xe0 ../hal_bsp//libhal_bsp.a(alt_load.o)
                0x0000000010001e98                alt_load
 .text          0x0000000010001f78       0x60 ../hal_bsp//libhal_bsp.a(alt_main.o)
                0x0000000010001f78                alt_main
 .text          0x0000000010001fd8      0x1a0 ../hal_bsp//libhal_bsp.a(alt_open.o)
                0x0000000010001fd8                open
 .text          0x0000000010002178       0xec ../hal_bsp//libhal_bsp.a(alt_read.o)
                0x000000001000218c                read
 .text          0x0000000010002264       0x5c ../hal_bsp//libhal_bsp.a(alt_release_fd.o)
                0x0000000010002264                alt_release_fd
 .text          0x00000000100022c0       0xec ../hal_bsp//libhal_bsp.a(alt_tick.o)
                0x00000000100022c0                alt_alarm_stop
                0x00000000100022f4                alt_tick
 .text          0x00000000100023ac        0x4 ../hal_bsp//libhal_bsp.a(alt_usleep.o)
                0x00000000100023ac                usleep
 .text          0x00000000100023b0       0xe8 ../hal_bsp//libhal_bsp.a(alt_write.o)
                0x00000000100023c4                write
 .text          0x0000000010002498       0x8c ../hal_bsp//libhal_bsp.a(alt_sys_init.o)
                0x0000000010002498                alt_irq_init
                0x00000000100024b8                alt_sys_init
 .text          0x0000000010002524       0x3c ../hal_bsp//libhal_bsp.a(altera_avalon_jtag_uart_fd.o)
                0x0000000010002524                altera_avalon_jtag_uart_read_fd
                0x0000000010002534                altera_avalon_jtag_uart_write_fd
                0x0000000010002544                altera_avalon_jtag_uart_close_fd
                0x0000000010002554                altera_avalon_jtag_uart_ioctl_fd
 .text          0x0000000010002560      0x1d8 ../hal_bsp//libhal_bsp.a(altera_avalon_jtag_uart_init.o)
                0x0000000010002690                altera_avalon_jtag_uart_init
                0x0000000010002708                altera_avalon_jtag_uart_close
 .text          0x0000000010002738       0x74 ../hal_bsp//libhal_bsp.a(altera_avalon_jtag_uart_ioctl.o)
                0x0000000010002738                altera_avalon_jtag_uart_ioctl
 .text          0x00000000100027ac      0x140 ../hal_bsp//libhal_bsp.a(altera_avalon_jtag_uart_read.o)
                0x00000000100027ac                altera_avalon_jtag_uart_read
 .text          0x00000000100028ec      0x170 ../hal_bsp//libhal_bsp.a(altera_avalon_jtag_uart_write.o)
                0x00000000100028ec                altera_avalon_jtag_uart_write
 .text          0x0000000010002a5c       0x84 ../hal_bsp//libhal_bsp.a(altera_avalon_timer_sc.o)
                0x0000000010002a98                alt_avalon_timer_sc_init
 .text          0x0000000010002ae0        0x0 ../hal_bsp//libhal_bsp.a(altera_avalon_timer_vars.o)
 .text          0x0000000010002ae0       0x88 ../hal_bsp//libhal_bsp.a(alt_busy_sleep.o)
                0x0000000010002ae0                alt_busy_sleep
 .text          0x0000000010002b68       0xb0 ../hal_bsp//libhal_bsp.a(alt_close.o)
                0x0000000010002b68                close
 .text          0x0000000010002c18        0x4 ../hal_bsp//libhal_bsp.a(alt_dcache_flush_all.o)
                0x0000000010002c18                alt_dcache_flush_all
 .text          0x0000000010002c1c        0x8 ../hal_bsp//libhal_bsp.a(alt_dev.o)
 .text          0x0000000010002c24       0x6c ../hal_bsp//libhal_bsp.a(alt_dev_llist_insert.o)
                0x0000000010002c24                alt_dev_llist_insert
 .text          0x0000000010002c90       0x48 ../hal_bsp//libhal_bsp.a(alt_do_ctors.o)
                0x0000000010002c90                _do_ctors
 .text          0x0000000010002cd8       0x48 ../hal_bsp//libhal_bsp.a(alt_do_dtors.o)
                0x0000000010002cd8                _do_dtors
 .text          0x0000000010002d20        0x0 ../hal_bsp//libhal_bsp.a(alt_errno.o)
 .text          0x0000000010002d20       0x74 ../hal_bsp//libhal_bsp.a(alt_find_dev.o)
                0x0000000010002d20                alt_find_dev
 .text          0x0000000010002d94       0xa4 ../hal_bsp//libhal_bsp.a(alt_find_file.o)
                0x0000000010002d94                alt_find_file
 .text          0x0000000010002e38       0x84 ../hal_bsp//libhal_bsp.a(alt_get_fd.o)
                0x0000000010002e38                alt_get_fd
 .text          0x0000000010002ebc        0x4 ../hal_bsp//libhal_bsp.a(alt_icache_flush_all.o)
                0x0000000010002ebc                alt_icache_flush_all
 .text          0x0000000010002ec0       0x8c ../hal_bsp//libhal_bsp.a(alt_iic.o)
                0x0000000010002ec0                alt_ic_isr_register
                0x0000000010002ec4                alt_ic_irq_enable
                0x0000000010002efc                alt_ic_irq_disable
                0x0000000010002f34                alt_ic_irq_enabled
 .text          0x0000000010002f4c       0x68 ../hal_bsp//libhal_bsp.a(alt_iic_isr_register.o)
                0x0000000010002f4c                alt_iic_isr_register
 .text          0x0000000010002fb4       0xfc ../hal_bsp//libhal_bsp.a(alt_io_redirect.o)
                0x000000001000303c                alt_io_redirect
 .text          0x00000000100030b0        0x0 ../hal_bsp//libhal_bsp.a(alt_irq_entry.o)
 .text          0x00000000100030b0        0x0 ../hal_bsp//libhal_bsp.a(alt_irq_handler.o)
 .text          0x00000000100030b0        0x0 ../hal_bsp//libhal_bsp.a(alt_irq_vars.o)
 .text          0x00000000100030b0        0x8 ../hal_bsp//libhal_bsp.a(altera_nios2_gen2_irq.o)
                0x00000000100030b0                altera_nios2_gen2_irq_init
 .text          0x00000000100030b8        0x0 ../hal_bsp//libhal_bsp.a(alt_exception_entry.o)
 .text          0x00000000100030b8       0x74 ../hal_bsp//libhal_bsp.a(alt_instruction_exception_entry.o)
                0x00000000100030b8                alt_exception_cause_generated_bad_addr
 .text          0x000000001000312c        0x0 /data1/intelFPGA/18.1/nios2eds/bin/gnu/H-x86_64-pc-linux-gnu/bin/../lib/gcc/nios2-elf/5.3.0/../../../../../H-x86_64-pc-linux-gnu/nios2-elf/lib/mno-hw-mul/libsmallc.a(lib_a-atexit.o)
 .text.atexit   0x000000001000312c       0x14 /data1/intelFPGA/18.1/nios2eds/bin/gnu/H-x86_64-pc-linux-gnu/bin/../lib/gcc/nios2-elf/5.3.0/../../../../../H-x86_64-pc-linux-gnu/nios2-elf/lib/mno-hw-mul/libsmallc.a(lib_a-atexit.o)
                0x000000001000312c                atexit
 .text          0x0000000010003140        0x0 /data1/intelFPGA/18.1/nios2eds/bin/gnu/H-x86_64-pc-linux-gnu/bin/../lib/gcc/nios2-elf/5.3.0/../../../../../H-x86_64-pc-linux-gnu/nios2-elf/lib/mno-hw-mul/libsmallc.a(lib_a-exit.o)
 .text.exit     0x0000000010003140       0x20 /data1/intelFPGA/18.1/nios2eds/bin/gnu/H-x86_64-pc-linux-gnu/bin/../lib/gcc/nios2-elf/5.3.0/../../../../../H-x86_64-pc-linux-gnu/nios2-elf/lib/mno-hw-mul/libsmallc.a(lib_a-exit.o)
                0x0000000010003140                exit
 .text          0x0000000010003160        0x0 /data1/intelFPGA/18.1/nios2eds/bin/gnu/H-x86_64-pc-linux-gnu/bin/../lib/gcc/nios2-elf/5.3.0/../../../../../H-x86_64-pc-linux-gnu/nios2-elf/lib/mno-hw-mul/libsmallc.a(lib_a-memcmp.o)
 .text.memcmp   0x0000000010003160       0x30 /data1/intelFPGA/18.1/nios2eds/bin/gnu/H-x86_64-pc-linux-gnu/bin/../lib/gcc/nios2-elf/5.3.0/../../../../../H-x86_64-pc-linux-gnu/nios2-elf/lib/mno-hw-mul/libsmallc.a(lib_a-memcmp.o)
                0x0000000010003160                memcmp
 .text          0x0000000010003190        0x0 /data1/intelFPGA/18.1/nios2eds/bin/gnu/H-x86_64-pc-linux-gnu/bin/../lib/gcc/nios2-elf/5.3.0/../../../../../H-x86_64-pc-linux-gnu/nios2-elf/lib/mno-hw-mul/libsmallc.a(lib_a-memcpy.o)
 .text.memcpy   0x0000000010003190       0x28 /data1/intelFPGA/18.1/nios2eds/bin/gnu/H-x86_64-pc-linux-gnu/bin/../lib/gcc/nios2-elf/5.3.0/../../../../../H-x86_64-pc-linux-gnu/nios2-elf/lib/mno-hw-mul/libsmallc.a(lib_a-memcpy.o)
                0x0000000010003190                memcpy
 .text          0x00000000100031b8        0x0 /data1/intelFPGA/18.1/nios2eds/bin/gnu/H-x86_64-pc-linux-gnu/bin/../lib/gcc/nios2-elf/5.3.0/../../../../../H-x86_64-pc-linux-gnu/nios2-elf/lib/mno-hw-mul/libsmallc.a(lib_a-__atexit.o)
 .text.__register_exitproc
                0x00000000100031b8      0x158 /data1/intelFPGA/18.1/nios2eds/bin/gnu/H-x86_64-pc-linux-gnu/bin/../lib/gcc/nios2-elf/5.3.0/../../../../../H-x86_64-pc-linux-gnu/nios2-elf/lib/mno-hw-mul/libsmallc.a(lib_a-__atexit.o)
                0x00000000100031b8                __register_exitproc
 .text          0x0000000010003310        0x0 /data1/intelFPGA/18.1/nios2eds/bin/gnu/H-x86_64-pc-linux-gnu/bin/../lib/gcc/nios2-elf/5.3.0/../../../../../H-x86_64-pc-linux-gnu/nios2-elf/lib/mno-hw-mul/libsmallc.a(lib_a-__call_atexit.o)
 .text.__call_exitprocs
                0x0000000010003310      0x190 /data1/intelFPGA/18.1/nios2eds/bin/gnu/H-x86_64-pc-linux-gnu/bin/../lib/gcc/nios2-elf/5.3.0/../../../../../H-x86_64-pc-linux-gnu/nios2-elf/lib/mno-hw-mul/libsmallc.a(lib_a-__call_atexit.o)
                0x0000000010003310                __call_exitprocs
 .text          0x00000000100034a0       0x14 ../hal_bsp//libhal_bsp.a(alt_exit.o)
                0x00000000100034a0                _exit
 *(.gnu.warning.*)
 *(.fini)
                [!provide]                        PROVIDE (__etext, ABSOLUTE (.))
                [!provide]                        PROVIDE (_etext, ABSOLUTE (.))
                [!provide]                        PROVIDE (etext, ABSOLUTE (.))
 *(.eh_frame_hdr)
                0x00000000100034b4                . = ALIGN (0x4)
                [!provide]                        PROVIDE (__preinit_array_start, ABSOLUTE (.))
 *(.preinit_array)
                [!provide]                        PROVIDE (__preinit_array_end, ABSOLUTE (.))
                [!provide]                        PROVIDE (__init_array_start, ABSOLUTE (.))
 *(.init_array)
                [!provide]                        PROVIDE (__init_array_end, ABSOLUTE (.))
                [!provide]                        PROVIDE (__fini_array_start, ABSOLUTE (.))
 *(.fini_array)
                [!provide]                        PROVIDE (__fini_array_end, ABSOLUTE (.))
 *(.eh_frame)
 *(.gcc_except_table .gcc_except_table.*)
 *(.dynamic)
                0x00000000100034b4                PROVIDE (__CTOR_LIST__, ABSOLUTE (.))
 *(.ctors)
 .ctors         0x00000000100034b4        0x4 obj/default/main.o
 *(SORT(.ctors.*))
                0x00000000100034b8                PROVIDE (__CTOR_END__, ABSOLUTE (.))
                0x00000000100034b8                PROVIDE (__DTOR_LIST__, ABSOLUTE (.))
 *(.dtors)
 *(SORT(.dtors.*))
                0x00000000100034b8                PROVIDE (__DTOR_END__, ABSOLUTE (.))
 *(.jcr)
                0x00000000100034b8                . = ALIGN (0x4)

.rodata         0x00000000100034b8     0x1514
                0x00000000100034b8                PROVIDE (__ram_rodata_start, ABSOLUTE (.))
                0x00000000100034b8                . = ALIGN (0x4)
 *(.rodata .rodata.* .gnu.linkonce.r.*)
 .rodata.str1.4
                0x00000000100034b8      0x490 obj/default/main.o
 .rodata        0x0000000010003948     0x1078 obj/default/main.o
 .rodata.str1.4
                0x00000000100049c0      0x490 /data1/intelFPGA/18.1/nios2eds/bin/gnu/H-x86_64-pc-linux-gnu/bin/../lib/gcc/nios2-elf/5.3.0/../../../../../H-x86_64-pc-linux-gnu/nios2-elf/lib/mno-hw-mul/libsmallc.a(lib_a-puts.o)
                                          0x2 (size before relaxing)
 .rodata.str1.4
                0x00000000100049c0        0xf ../hal_bsp//libhal_bsp.a(alt_main.o)
 .rodata.str1.4
                0x00000000100049c0        0xf ../hal_bsp//libhal_bsp.a(alt_sys_init.o)
 .rodata.str1.4
                0x00000000100049c0        0xc ../hal_bsp//libhal_bsp.a(alt_dev.o)
                                          0xa (size before relaxing)
 *(.rodata1)
                0x0000000010004e50                . = ALIGN (0x4)
                0x0000000010004e50                PROVIDE (__ram_rodata_end, ABSOLUTE (.))
                0x00000000100034b8                PROVIDE (__flash_rodata_start, LOADADDR (.rodata))

.rwdata         0x00000000100049cc     0x131c load address 0x0000000010005ce8
                0x00000000100049cc                PROVIDE (__ram_rwdata_start, ABSOLUTE (.))
                0x00000000100049cc                . = ALIGN (0x4)
 *(.got.plt)
 *(.got)
 *(.data1)
 *(.data .data.* .gnu.linkonce.d.*)
 .data          0x00000000100049cc        0x0 ../hal_bsp//obj/HAL/src/crt0.o
 .data          0x00000000100049cc        0x0 obj/default/main.o
 .data          0x00000000100049cc        0x0 /data1/intelFPGA/18.1/nios2eds/bin/gnu/H-x86_64-pc-linux-gnu/bin/../lib/gcc/nios2-elf/5.3.0/mno-hw-mul/libgcc.a(lib2-mul.o)
 .data          0x00000000100049cc        0x0 /data1/intelFPGA/18.1/nios2eds/bin/gnu/H-x86_64-pc-linux-gnu/bin/../lib/gcc/nios2-elf/5.3.0/../../../../../H-x86_64-pc-linux-gnu/nios2-elf/lib/mno-hw-mul/libsmallc.a(lib_a-memset.o)
 .data          0x00000000100049cc        0x0 /data1/intelFPGA/18.1/nios2eds/bin/gnu/H-x86_64-pc-linux-gnu/bin/../lib/gcc/nios2-elf/5.3.0/../../../../../H-x86_64-pc-linux-gnu/nios2-elf/lib/mno-hw-mul/libsmallc.a(lib_a-printf.o)
 .data          0x00000000100049cc        0x0 /data1/intelFPGA/18.1/nios2eds/bin/gnu/H-x86_64-pc-linux-gnu/bin/../lib/gcc/nios2-elf/5.3.0/../../../../../H-x86_64-pc-linux-gnu/nios2-elf/lib/mno-hw-mul/libsmallc.a(lib_a-putchar.o)
 .data          0x00000000100049cc        0x0 /data1/intelFPGA/18.1/nios2eds/bin/gnu/H-x86_64-pc-linux-gnu/bin/../lib/gcc/nios2-elf/5.3.0/../../../../../H-x86_64-pc-linux-gnu/nios2-elf/lib/mno-hw-mul/libsmallc.a(lib_a-puts.o)
 .data          0x00000000100049cc        0x0 /data1/intelFPGA/18.1/nios2eds/bin/gnu/H-x86_64-pc-linux-gnu/bin/../lib/gcc/nios2-elf/5.3.0/../../../../../H-x86_64-pc-linux-gnu/nios2-elf/lib/mno-hw-mul/libsmallc.a(lib_a-strcmp.o)
 .data          0x00000000100049cc        0x0 /data1/intelFPGA/18.1/nios2eds/bin/gnu/H-x86_64-pc-linux-gnu/bin/../lib/gcc/nios2-elf/5.3.0/../../../../../H-x86_64-pc-linux-gnu/nios2-elf/lib/mno-hw-mul/libsmallc.a(lib_a-strlen.o)
 .data          0x00000000100049cc        0x0 /data1/intelFPGA/18.1/nios2eds/bin/gnu/H-x86_64-pc-linux-gnu/bin/../lib/gcc/nios2-elf/5.3.0/../../../../../H-x86_64-pc-linux-gnu/nios2-elf/lib/mno-hw-mul/libsmallc.a(lib_a-vfprintf.o)
 .data          0x00000000100049cc        0x0 /data1/intelFPGA/18.1/nios2eds/bin/gnu/H-x86_64-pc-linux-gnu/bin/../lib/gcc/nios2-elf/5.3.0/../../../../../H-x86_64-pc-linux-gnu/nios2-elf/lib/mno-hw-mul/libsmallc.a(lib_a-fvwrite_small_dev.o)
 .data          0x00000000100049cc        0x0 /data1/intelFPGA/18.1/nios2eds/bin/gnu/H-x86_64-pc-linux-gnu/bin/../lib/gcc/nios2-elf/5.3.0/../../../../../H-x86_64-pc-linux-gnu/nios2-elf/lib/mno-hw-mul/libsmallc.a(lib_a-impure.o)
 .data.impure_data
                0x00000000100049cc       0xe0 /data1/intelFPGA/18.1/nios2eds/bin/gnu/H-x86_64-pc-linux-gnu/bin/../lib/gcc/nios2-elf/5.3.0/../../../../../H-x86_64-pc-linux-gnu/nios2-elf/lib/mno-hw-mul/libsmallc.a(lib_a-impure.o)
 .data          0x0000000010004aac        0x0 /data1/intelFPGA/18.1/nios2eds/bin/gnu/H-x86_64-pc-linux-gnu/bin/../lib/gcc/nios2-elf/5.3.0/../../../../../H-x86_64-pc-linux-gnu/nios2-elf/lib/mno-hw-mul/libsmallc.a(lib_a-putc.o)
 .data          0x0000000010004aac        0x0 /data1/intelFPGA/18.1/nios2eds/bin/gnu/H-x86_64-pc-linux-gnu/bin/../lib/gcc/nios2-elf/5.3.0/../../../../../H-x86_64-pc-linux-gnu/nios2-elf/lib/mno-hw-mul/libsmallc.a(lib_a-writer.o)
 .data          0x0000000010004aac        0x0 /data1/intelFPGA/18.1/nios2eds/bin/gnu/H-x86_64-pc-linux-gnu/bin/../lib/gcc/nios2-elf/5.3.0/../../../../../H-x86_64-pc-linux-gnu/nios2-elf/lib/mno-hw-mul/libsmallc.a(lib_a-int_errno.o)
 .data          0x0000000010004aac        0x0 /data1/intelFPGA/18.1/nios2eds/bin/gnu/H-x86_64-pc-linux-gnu/bin/../lib/gcc/nios2-elf/5.3.0/mno-hw-mul/libgcc.a(lib2-divmod.o)
 .data          0x0000000010004aac        0x0 ../hal_bsp//libhal_bsp.a(alt_alarm_start.o)
 .data          0x0000000010004aac        0x0 ../hal_bsp//libhal_bsp.a(alt_load.o)
 .data          0x0000000010004aac        0x0 ../hal_bsp//libhal_bsp.a(alt_main.o)
 .data          0x0000000010004aac        0x0 ../hal_bsp//libhal_bsp.a(alt_open.o)
 .data          0x0000000010004aac        0x0 ../hal_bsp//libhal_bsp.a(alt_read.o)
 .data          0x0000000010004aac        0x0 ../hal_bsp//libhal_bsp.a(alt_release_fd.o)
 .data          0x0000000010004aac        0x0 ../hal_bsp//libhal_bsp.a(alt_tick.o)
 .data          0x0000000010004aac        0x0 ../hal_bsp//libhal_bsp.a(alt_usleep.o)
 .data          0x0000000010004aac        0x0 ../hal_bsp//libhal_bsp.a(alt_write.o)
 .data          0x0000000010004aac     0x1060 ../hal_bsp//libhal_bsp.a(alt_sys_init.o)
 .data          0x0000000010005b0c        0x0 ../hal_bsp//libhal_bsp.a(altera_avalon_jtag_uart_fd.o)
 .data          0x0000000010005b0c        0x0 ../hal_bsp//libhal_bsp.a(altera_avalon_jtag_uart_init.o)
 .data          0x0000000010005b0c        0x0 ../hal_bsp//libhal_bsp.a(altera_avalon_jtag_uart_ioctl.o)
 .data          0x0000000010005b0c        0x0 ../hal_bsp//libhal_bsp.a(altera_avalon_jtag_uart_read.o)
 .data          0x0000000010005b0c        0x0 ../hal_bsp//libhal_bsp.a(altera_avalon_jtag_uart_write.o)
 .data          0x0000000010005b0c        0x0 ../hal_bsp//libhal_bsp.a(altera_avalon_timer_sc.o)
 .data          0x0000000010005b0c        0x0 ../hal_bsp//libhal_bsp.a(altera_avalon_timer_vars.o)
 .data          0x0000000010005b0c        0x0 ../hal_bsp//libhal_bsp.a(alt_busy_sleep.o)
 .data          0x0000000010005b0c        0x0 ../hal_bsp//libhal_bsp.a(alt_close.o)
 .data          0x0000000010005b0c        0x0 ../hal_bsp//libhal_bsp.a(alt_dcache_flush_all.o)
 .data          0x0000000010005b0c      0x1a8 ../hal_bsp//libhal_bsp.a(alt_dev.o)
                0x0000000010005b0c                alt_fd_list
                0x0000000010005c8c                alt_dev_null
 .data          0x0000000010005cb4        0x0 ../hal_bsp//libhal_bsp.a(alt_dev_llist_insert.o)
 .data          0x0000000010005cb4        0x0 ../hal_bsp//libhal_bsp.a(alt_do_ctors.o)
 .data          0x0000000010005cb4        0x0 ../hal_bsp//libhal_bsp.a(alt_do_dtors.o)
 .data          0x0000000010005cb4        0x0 ../hal_bsp//libhal_bsp.a(alt_errno.o)
 .data          0x0000000010005cb4        0x0 ../hal_bsp//libhal_bsp.a(alt_find_dev.o)
 .data          0x0000000010005cb4        0x0 ../hal_bsp//libhal_bsp.a(alt_find_file.o)
 .data          0x0000000010005cb4        0x0 ../hal_bsp//libhal_bsp.a(alt_get_fd.o)
 .data          0x0000000010005cb4        0x0 ../hal_bsp//libhal_bsp.a(alt_icache_flush_all.o)
 .data          0x0000000010005cb4        0x0 ../hal_bsp//libhal_bsp.a(alt_iic.o)
 .data          0x0000000010005cb4        0x0 ../hal_bsp//libhal_bsp.a(alt_iic_isr_register.o)
 .data          0x0000000010005cb4        0x0 ../hal_bsp//libhal_bsp.a(alt_io_redirect.o)
 .data          0x0000000010005cb4        0x0 ../hal_bsp//libhal_bsp.a(alt_irq_entry.o)
 .data          0x0000000010005cb4        0x0 ../hal_bsp//libhal_bsp.a(alt_irq_handler.o)
 .data          0x0000000010005cb4        0x0 ../hal_bsp//libhal_bsp.a(alt_irq_vars.o)
 .data          0x0000000010005cb4        0x0 ../hal_bsp//libhal_bsp.a(altera_nios2_gen2_irq.o)
 .data          0x0000000010005cb4        0x0 ../hal_bsp//libhal_bsp.a(alt_exception_entry.o)
 .data          0x0000000010005cb4        0x0 ../hal_bsp//libhal_bsp.a(alt_instruction_exception_entry.o)
 .data          0x0000000010005cb4        0x0 /data1/intelFPGA/18.1/nios2eds/bin/gnu/H-x86_64-pc-linux-gnu/bin/../lib/gcc/nios2-elf/5.3.0/../../../../../H-x86_64-pc-linux-gnu/nios2-elf/lib/mno-hw-mul/libsmallc.a(lib_a-atexit.o)
 .data          0x0000000010005cb4        0x0 /data1/intelFPGA/18.1/nios2eds/bin/gnu/H-x86_64-pc-linux-gnu/bin/../lib/gcc/nios2-elf/5.3.0/../../../../../H-x86_64-pc-linux-gnu/nios2-elf/lib/mno-hw-mul/libsmallc.a(lib_a-exit.o)
 .data          0x0000000010005cb4        0x0 /data1/intelFPGA/18.1/nios2eds/bin/gnu/H-x86_64-pc-linux-gnu/bin/../lib/gcc/nios2-elf/5.3.0/../../../../../H-x86_64-pc-linux-gnu/nios2-elf/lib/mno-hw-mul/libsmallc.a(lib_a-memcmp.o)
 .data          0x0000000010005cb4        0x0 /data1/intelFPGA/18.1/nios2eds/bin/gnu/H-x86_64-pc-linux-gnu/bin/../lib/gcc/nios2-elf/5.3.0/../../../../../H-x86_64-pc-linux-gnu/nios2-elf/lib/mno-hw-mul/libsmallc.a(lib_a-memcpy.o)
 .data          0x0000000010005cb4        0x0 /data1/intelFPGA/18.1/nios2eds/bin/gnu/H-x86_64-pc-linux-gnu/bin/../lib/gcc/nios2-elf/5.3.0/../../../../../H-x86_64-pc-linux-gnu/nios2-elf/lib/mno-hw-mul/libsmallc.a(lib_a-__atexit.o)
 .data          0x0000000010005cb4        0x0 /data1/intelFPGA/18.1/nios2eds/bin/gnu/H-x86_64-pc-linux-gnu/bin/../lib/gcc/nios2-elf/5.3.0/../../../../../H-x86_64-pc-linux-gnu/nios2-elf/lib/mno-hw-mul/libsmallc.a(lib_a-__call_atexit.o)
 .data          0x0000000010005cb4        0x0 ../hal_bsp//libhal_bsp.a(alt_exit.o)
                0x000000001000dcb4                _gp = ABSOLUTE ((. + 0x8000))
                [!provide]                        PROVIDE (gp, _gp)
 *(.rwdata .rwdata.*)
 *(.sdata .sdata.* .gnu.linkonce.s.*)
 .sdata._ZZN4si_t17shared_gpio_stateEvE5state
                0x0000000010005cb4        0x4 obj/default/main.o
                0x0000000010005cb4                si_t::shared_gpio_state()::state
 .sdata         0x0000000010005cb8        0x4 obj/default/main.o
                0x0000000010005cb8                uart
 .sdata._global_impure_ptr
                0x0000000010005cbc        0x4 /data1/intelFPGA/18.1/nios2eds/bin/gnu/H-x86_64-pc-linux-gnu/bin/../lib/gcc/nios2-elf/5.3.0/../../../../../H-x86_64-pc-linux-gnu/nios2-elf/lib/mno-hw-mul/libsmallc.a(lib_a-impure.o)
                0x0000000010005cbc                _global_impure_ptr
 .sdata._impure_ptr
                0x0000000010005cc0        0x4 /data1/intelFPGA/18.1/nios2eds/bin/gnu/H-x86_64-pc-linux-gnu/bin/../lib/gcc/nios2-elf/5.3.0/../../../../../H-x86_64-pc-linux-gnu/nios2-elf/lib/mno-hw-mul/libsmallc.a(lib_a-impure.o)
                0x0000000010005cc0                _impure_ptr
 .sdata         0x0000000010005cc4        0x8 ../hal_bsp//libhal_bsp.a(alt_tick.o)
                0x0000000010005cc4                alt_alarm_list
 .sdata         0x0000000010005ccc       0x14 ../hal_bsp//libhal_bsp.a(alt_dev.o)
                0x0000000010005ccc                alt_max_fd
                0x0000000010005cd0                alt_dev_list
                0x0000000010005cd8                alt_fs_list
 .sdata         0x0000000010005ce0        0x4 ../hal_bsp//libhal_bsp.a(alt_errno.o)
                0x0000000010005ce0                alt_errno
 .sdata         0x0000000010005ce4        0x4 ../hal_bsp//libhal_bsp.a(alt_irq_vars.o)
                0x0000000010005ce4                alt_priority_mask
 *(.sdata2 .sdata2.* .gnu.linkonce.s2.*)
                0x0000000010005ce8                . = ALIGN (0x4)
                0x0000000010005ce8                _edata = ABSOLUTE (.)
                [!provide]                        PROVIDE (edata, ABSOLUTE (.))
                0x0000000010005ce8                PROVIDE (__ram_rwdata_end, ABSOLUTE (.))
                0x0000000010005ce8                PROVIDE (__flash_rwdata_start, LOADADDR (.rwdata))

.bss            0x0000000010007004      0x1a0
                0x0000000010007004                __bss_start = ABSOLUTE (.)
                [!provide]                        PROVIDE (__sbss_start, ABSOLUTE (.))
                [!provide]                        PROVIDE (___sbss_start, ABSOLUTE (.))
 *(.dynsbss)
 *(.sbss .sbss.* .gnu.linkonce.sb.*)
 .sbss          0x0000000010007004        0x4 /data1/intelFPGA/18.1/nios2eds/bin/gnu/H-x86_64-pc-linux-gnu/bin/../lib/gcc/nios2-elf/5.3.0/../../../../../H-x86_64-pc-linux-gnu/nios2-elf/lib/mno-hw-mul/libsmallc.a(lib_a-int_errno.o)
                0x0000000010007004                errno
 .sbss          0x0000000010007008        0xc ../hal_bsp//libhal_bsp.a(alt_main.o)
                0x0000000010007008                alt_envp
                0x000000001000700c                alt_argv
                0x0000000010007010                alt_argc
 .sbss          0x0000000010007014        0x8 ../hal_bsp//libhal_bsp.a(alt_tick.o)
                0x0000000010007014                _alt_nticks
                0x0000000010007018                _alt_tick_rate
 .sbss          0x000000001000701c        0x8 ../hal_bsp//libhal_bsp.a(altera_avalon_timer_vars.o)
                0x000000001000701c                altera_avalon_timer_ts_freq
                0x0000000010007020                altera_avalon_timer_ts_base
 .sbss          0x0000000010007024        0x4 ../hal_bsp//libhal_bsp.a(alt_irq_vars.o)
                0x0000000010007024                alt_irq_active
 .sbss          0x0000000010007028        0x4 ../hal_bsp//libhal_bsp.a(alt_instruction_exception_entry.o)
                0x0000000010007028                alt_instruction_exception_handler
 *(.sbss2 .sbss2.* .gnu.linkonce.sb2.*)
 *(.scommon)
                [!provide]                        PROVIDE (__sbss_end, ABSOLUTE (.))
                [!provide]                        PROVIDE (___sbss_end, ABSOLUTE (.))
 *(.dynbss)
 *(.bss .bss.* .gnu.linkonce.b.*)
 .bss           0x000000001000702c        0x0 ../hal_bsp//obj/HAL/src/crt0.o
 .bss           0x000000001000702c       0x78 obj/default/main.o
                0x000000001000708c                wd
 .bss           0x00000000100070a4        0x0 /data1/intelFPGA/18.1/nios2eds/bin/gnu/H-x86_64-pc-linux-gnu/bin/../lib/gcc/nios2-elf/5.3.0/mno-hw-mul/libgcc.a(lib2-mul.o)
 .bss           0x00000000100070a4        0x0 /data1/intelFPGA/18.1/nios2eds/bin/gnu/H-x86_64-pc-linux-gnu/bin/../lib/gcc/nios2-elf/5.3.0/../../../../../H-x86_64-pc-linux-gnu/nios2-elf/lib/mno-hw-mul/libsmallc.a(lib_a-memset.o)
 .bss           0x00000000100070a4        0x0 /data1/intelFPGA/18.1/nios2eds/bin/gnu/H-x86_64-pc-linux-gnu/bin/../lib/gcc/nios2-elf/5.3.0/../../../../../H-x86_64-pc-linux-gnu/nios2-elf/lib/mno-hw-mul/libsmallc.a(lib_a-printf.o)
 .bss           0x00000000100070a4        0x0 /data1/intelFPGA/18.1/nios2eds/bin/gnu/H-x86_64-pc-linux-gnu/bin/../lib/gcc/nios2-elf/5.3.0/../../../../../H-x86_64-pc-linux-gnu/nios2-elf/lib/mno-hw-mul/libsmallc.a(lib_a-putchar.o)
 .bss           0x00000000100070a4        0x0 /data1/intelFPGA/18.1/nios2eds/bin/gnu/H-x86_64-pc-linux-gnu/bin/../lib/gcc/nios2-elf/5.3.0/../../../../../H-x86_64-pc-linux-gnu/nios2-elf/lib/mno-hw-mul/libsmallc.a(lib_a-puts.o)
 .bss           0x00000000100070a4        0x0 /data1/intelFPGA/18.1/nios2eds/bin/gnu/H-x86_64-pc-linux-gnu/bin/../lib/gcc/nios2-elf/5.3.0/../../../../../H-x86_64-pc-linux-gnu/nios2-elf/lib/mno-hw-mul/libsmallc.a(lib_a-strcmp.o)
 .bss           0x00000000100070a4        0x0 /data1/intelFPGA/18.1/nios2eds/bin/gnu/H-x86_64-pc-linux-gnu/bin/../lib/gcc/nios2-elf/5.3.0/../../../../../H-x86_64-pc-linux-gnu/nios2-elf/lib/mno-hw-mul/libsmallc.a(lib_a-strlen.o)
 .bss           0x00000000100070a4        0x0 /data1/intelFPGA/18.1/nios2eds/bin/gnu/H-x86_64-pc-linux-gnu/bin/../lib/gcc/nios2-elf/5.3.0/../../../../../H-x86_64-pc-linux-gnu/nios2-elf/lib/mno-hw-mul/libsmallc.a(lib_a-vfprintf.o)
 .bss           0x00000000100070a4        0x0 /data1/intelFPGA/18.1/nios2eds/bin/gnu/H-x86_64-pc-linux-gnu/bin/../lib/gcc/nios2-elf/5.3.0/../../../../../H-x86_64-pc-linux-gnu/nios2-elf/lib/mno-hw-mul/libsmallc.a(lib_a-fvwrite_small_dev.o)
 .bss           0x00000000100070a4        0x0 /data1/intelFPGA/18.1/nios2eds/bin/gnu/H-x86_64-pc-linux-gnu/bin/../lib/gcc/nios2-elf/5.3.0/../../../../../H-x86_64-pc-linux-gnu/nios2-elf/lib/mno-hw-mul/libsmallc.a(lib_a-impure.o)
 .bss           0x00000000100070a4        0x0 /data1/intelFPGA/18.1/nios2eds/bin/gnu/H-x86_64-pc-linux-gnu/bin/../lib/gcc/nios2-elf/5.3.0/../../../../../H-x86_64-pc-linux-gnu/nios2-elf/lib/mno-hw-mul/libsmallc.a(lib_a-putc.o)
 .bss           0x00000000100070a4        0x0 /data1/intelFPGA/18.1/nios2eds/bin/gnu/H-x86_64-pc-linux-gnu/bin/../lib/gcc/nios2-elf/5.3.0/../../../../../H-x86_64-pc-linux-gnu/nios2-elf/lib/mno-hw-mul/libsmallc.a(lib_a-writer.o)
 .bss           0x00000000100070a4        0x0 /data1/intelFPGA/18.1/nios2eds/bin/gnu/H-x86_64-pc-linux-gnu/bin/../lib/gcc/nios2-elf/5.3.0/../../../../../H-x86_64-pc-linux-gnu/nios2-elf/lib/mno-hw-mul/libsmallc.a(lib_a-int_errno.o)
 .bss           0x00000000100070a4        0x0 /data1/intelFPGA/18.1/nios2eds/bin/gnu/H-x86_64-pc-linux-gnu/bin/../lib/gcc/nios2-elf/5.3.0/mno-hw-mul/libgcc.a(lib2-divmod.o)
 .bss           0x00000000100070a4        0x0 ../hal_bsp//libhal_bsp.a(alt_alarm_start.o)
 .bss           0x00000000100070a4        0x0 ../hal_bsp//libhal_bsp.a(alt_load.o)
 .bss           0x00000000100070a4        0x0 ../hal_bsp//libhal_bsp.a(alt_main.o)
 .bss           0x00000000100070a4        0x0 ../hal_bsp//libhal_bsp.a(alt_open.o)
 .bss           0x00000000100070a4        0x0 ../hal_bsp//libhal_bsp.a(alt_read.o)
 .bss           0x00000000100070a4        0x0 ../hal_bsp//libhal_bsp.a(alt_release_fd.o)
 .bss           0x00000000100070a4        0x0 ../hal_bsp//libhal_bsp.a(alt_tick.o)
 .bss           0x00000000100070a4        0x0 ../hal_bsp//libhal_bsp.a(alt_usleep.o)
 .bss           0x00000000100070a4        0x0 ../hal_bsp//libhal_bsp.a(alt_write.o)
 .bss           0x00000000100070a4        0x0 ../hal_bsp//libhal_bsp.a(alt_sys_init.o)
 .bss           0x00000000100070a4        0x0 ../hal_bsp//libhal_bsp.a(altera_avalon_jtag_uart_fd.o)
 .bss           0x00000000100070a4        0x0 ../hal_bsp//libhal_bsp.a(altera_avalon_jtag_uart_init.o)
 .bss           0x00000000100070a4        0x0 ../hal_bsp//libhal_bsp.a(altera_avalon_jtag_uart_ioctl.o)
 .bss           0x00000000100070a4        0x0 ../hal_bsp//libhal_bsp.a(altera_avalon_jtag_uart_read.o)
 .bss           0x00000000100070a4        0x0 ../hal_bsp//libhal_bsp.a(altera_avalon_jtag_uart_write.o)
 .bss           0x00000000100070a4        0x0 ../hal_bsp//libhal_bsp.a(altera_avalon_timer_sc.o)
 .bss           0x00000000100070a4        0x0 ../hal_bsp//libhal_bsp.a(altera_avalon_timer_vars.o)
 .bss           0x00000000100070a4        0x0 ../hal_bsp//libhal_bsp.a(alt_busy_sleep.o)
 .bss           0x00000000100070a4        0x0 ../hal_bsp//libhal_bsp.a(alt_close.o)
 .bss           0x00000000100070a4        0x0 ../hal_bsp//libhal_bsp.a(alt_dcache_flush_all.o)
 .bss           0x00000000100070a4        0x0 ../hal_bsp//libhal_bsp.a(alt_dev.o)
 .bss           0x00000000100070a4        0x0 ../hal_bsp//libhal_bsp.a(alt_dev_llist_insert.o)
 .bss           0x00000000100070a4        0x0 ../hal_bsp//libhal_bsp.a(alt_do_ctors.o)
 .bss           0x00000000100070a4        0x0 ../hal_bsp//libhal_bsp.a(alt_do_dtors.o)
 .bss           0x00000000100070a4        0x0 ../hal_bsp//libhal_bsp.a(alt_errno.o)
 .bss           0x00000000100070a4        0x0 ../hal_bsp//libhal_bsp.a(alt_find_dev.o)
 .bss           0x00000000100070a4        0x0 ../hal_bsp//libhal_bsp.a(alt_find_file.o)
 .bss           0x00000000100070a4        0x0 ../hal_bsp//libhal_bsp.a(alt_get_fd.o)
 .bss           0x00000000100070a4        0x0 ../hal_bsp//libhal_bsp.a(alt_icache_flush_all.o)
 .bss           0x00000000100070a4        0x0 ../hal_bsp//libhal_bsp.a(alt_iic.o)
 .bss           0x00000000100070a4        0x0 ../hal_bsp//libhal_bsp.a(alt_iic_isr_register.o)
 .bss           0x00000000100070a4        0x0 ../hal_bsp//libhal_bsp.a(alt_io_redirect.o)
 .bss           0x00000000100070a4        0x0 ../hal_bsp//libhal_bsp.a(alt_irq_entry.o)
 .bss           0x00000000100070a4        0x0 ../hal_bsp//libhal_bsp.a(alt_irq_handler.o)
 .bss           0x00000000100070a4        0x0 ../hal_bsp//libhal_bsp.a(alt_irq_vars.o)
 .bss           0x00000000100070a4        0x0 ../hal_bsp//libhal_bsp.a(altera_nios2_gen2_irq.o)
 .bss           0x00000000100070a4        0x0 ../hal_bsp//libhal_bsp.a(alt_exception_entry.o)
 .bss           0x00000000100070a4        0x0 ../hal_bsp//libhal_bsp.a(alt_instruction_exception_entry.o)
 .bss           0x00000000100070a4        0x0 /data1/intelFPGA/18.1/nios2eds/bin/gnu/H-x86_64-pc-linux-gnu/bin/../lib/gcc/nios2-elf/5.3.0/../../../../../H-x86_64-pc-linux-gnu/nios2-elf/lib/mno-hw-mul/libsmallc.a(lib_a-atexit.o)
 .bss           0x00000000100070a4        0x0 /data1/intelFPGA/18.1/nios2eds/bin/gnu/H-x86_64-pc-linux-gnu/bin/../lib/gcc/nios2-elf/5.3.0/../../../../../H-x86_64-pc-linux-gnu/nios2-elf/lib/mno-hw-mul/libsmallc.a(lib_a-exit.o)
 .bss           0x00000000100070a4        0x0 /data1/intelFPGA/18.1/nios2eds/bin/gnu/H-x86_64-pc-linux-gnu/bin/../lib/gcc/nios2-elf/5.3.0/../../../../../H-x86_64-pc-linux-gnu/nios2-elf/lib/mno-hw-mul/libsmallc.a(lib_a-memcmp.o)
 .bss           0x00000000100070a4        0x0 /data1/intelFPGA/18.1/nios2eds/bin/gnu/H-x86_64-pc-linux-gnu/bin/../lib/gcc/nios2-elf/5.3.0/../../../../../H-x86_64-pc-linux-gnu/nios2-elf/lib/mno-hw-mul/libsmallc.a(lib_a-memcpy.o)
 .bss           0x00000000100070a4        0x0 /data1/intelFPGA/18.1/nios2eds/bin/gnu/H-x86_64-pc-linux-gnu/bin/../lib/gcc/nios2-elf/5.3.0/../../../../../H-x86_64-pc-linux-gnu/nios2-elf/lib/mno-hw-mul/libsmallc.a(lib_a-__atexit.o)
 .bss           0x00000000100070a4        0x0 /data1/intelFPGA/18.1/nios2eds/bin/gnu/H-x86_64-pc-linux-gnu/bin/../lib/gcc/nios2-elf/5.3.0/../../../../../H-x86_64-pc-linux-gnu/nios2-elf/lib/mno-hw-mul/libsmallc.a(lib_a-__call_atexit.o)
 .bss           0x00000000100070a4        0x0 ../hal_bsp//libhal_bsp.a(alt_exit.o)
 *(COMMON)
 COMMON         0x00000000100070a4      0x100 ../hal_bsp//libhal_bsp.a(alt_irq_handler.o)
                0x00000000100070a4                alt_irq
                0x00000000100071a4                . = ALIGN (0x4)
                0x00000000100071a4                __bss_end = ABSOLUTE (.)

.ram            0x00000000100071a4        0x0
                [!provide]                        PROVIDE (_alt_partition_ram_start, ABSOLUTE (.))
 *(.ram .ram. ram.*)
                0x00000000100071a4                . = ALIGN (0x4)
                [!provide]                        PROVIDE (_alt_partition_ram_end, ABSOLUTE (.))
                0x00000000100071a4                _end = ABSOLUTE (.)
                0x00000000100071a4                end = ABSOLUTE (.)
                0x00000000100071a4                __alt_stack_base = ABSOLUTE (.)
                [!provide]                        PROVIDE (_alt_partition_ram_load_addr, LOADADDR (.ram))

.stab
 *(.stab)

.stabstr
 *(.stabstr)

.stab.excl
 *(.stab.excl)

.stab.exclstr
 *(.stab.exclstr)

.stab.index
 *(.stab.index)

.stab.indexstr
 *(.stab.indexstr)

.comment        0x0000000000000000       0x23
 *(.comment)
 .comment       0x0000000000000000       0x23 obj/default/main.o
                                         0x24 (size before relaxing)
 .comment       0x0000000000000023       0x24 /data1/intelFPGA/18.1/nios2eds/bin/gnu/H-x86_64-pc-linux-gnu/bin/../lib/gcc/nios2-elf/5.3.0/mno-hw-mul/libgcc.a(lib2-mul.o)
 .comment       0x0000000000000023       0x24 /data1/intelFPGA/18.1/nios2eds/bin/gnu/H-x86_64-pc-linux-gnu/bin/../lib/gcc/nios2-elf/5.3.0/../../../../../H-x86_64-pc-linux-gnu/nios2-elf/lib/mno-hw-mul/libsmallc.a(lib_a-memset.o)
 .comment       0x0000000000000023       0x24 /data1/intelFPGA/18.1/nios2eds/bin/gnu/H-x86_64-pc-linux-gnu/bin/../lib/gcc/nios2-elf/5.3.0/../../../../../H-x86_64-pc-linux-gnu/nios2-elf/lib/mno-hw-mul/libsmallc.a(lib_a-printf.o)
 .comment       0x0000000000000023       0x24 /data1/intelFPGA/18.1/nios2eds/bin/gnu/H-x86_64-pc-linux-gnu/bin/../lib/gcc/nios2-elf/5.3.0/../../../../../H-x86_64-pc-linux-gnu/nios2-elf/lib/mno-hw-mul/libsmallc.a(lib_a-putchar.o)
 .comment       0x0000000000000023       0x24 /data1/intelFPGA/18.1/nios2eds/bin/gnu/H-x86_64-pc-linux-gnu/bin/../lib/gcc/nios2-elf/5.3.0/../../../../../H-x86_64-pc-linux-gnu/nios2-elf/lib/mno-hw-mul/libsmallc.a(lib_a-puts.o)
 .comment       0x0000000000000023       0x24 /data1/intelFPGA/18.1/nios2eds/bin/gnu/H-x86_64-pc-linux-gnu/bin/../lib/gcc/nios2-elf/5.3.0/../../../../../H-x86_64-pc-linux-gnu/nios2-elf/lib/mno-hw-mul/libsmallc.a(lib_a-strcmp.o)
 .comment       0x0000000000000023       0x24 /data1/intelFPGA/18.1/nios2eds/bin/gnu/H-x86_64-pc-linux-gnu/bin/../lib/gcc/nios2-elf/5.3.0/../../../../../H-x86_64-pc-linux-gnu/nios2-elf/lib/mno-hw-mul/libsmallc.a(lib_a-strlen.o)
 .comment       0x0000000000000023       0x24 /data1/intelFPGA/18.1/nios2eds/bin/gnu/H-x86_64-pc-linux-gnu/bin/../lib/gcc/nios2-elf/5.3.0/../../../../../H-x86_64-pc-linux-gnu/nios2-elf/lib/mno-hw-mul/libsmallc.a(lib_a-vfprintf.o)
 .comment       0x0000000000000023       0x24 /data1/intelFPGA/18.1/nios2eds/bin/gnu/H-x86_64-pc-linux-gnu/bin/../lib/gcc/nios2-elf/5.3.0/../../../../../H-x86_64-pc-linux-gnu/nios2-elf/lib/mno-hw-mul/libsmallc.a(lib_a-fvwrite_small_dev.o)
 .comment       0x0000000000000023       0x24 /data1/intelFPGA/18.1/nios2eds/bin/gnu/H-x86_64-pc-linux-gnu/bin/../lib/gcc/nios2-elf/5.3.0/../../../../../H-x86_64-pc-linux-gnu/nios2-elf/lib/mno-hw-mul/libsmallc.a(lib_a-impure.o)
 .comment       0x0000000000000023       0x24 /data1/intelFPGA/18.1/nios2eds/bin/gnu/H-x86_64-pc-linux-gnu/bin/../lib/gcc/nios2-elf/5.3.0/../../../../../H-x86_64-pc-linux-gnu/nios2-elf/lib/mno-hw-mul/libsmallc.a(lib_a-putc.o)
 .comment       0x0000000000000023       0x24 /data1/intelFPGA/18.1/nios2eds/bin/gnu/H-x86_64-pc-linux-gnu/bin/../lib/gcc/nios2-elf/5.3.0/../../../../../H-x86_64-pc-linux-gnu/nios2-elf/lib/mno-hw-mul/libsmallc.a(lib_a-writer.o)
 .comment       0x0000000000000023       0x24 /data1/intelFPGA/18.1/nios2eds/bin/gnu/H-x86_64-pc-linux-gnu/bin/../lib/gcc/nios2-elf/5.3.0/../../../../../H-x86_64-pc-linux-gnu/nios2-elf/lib/mno-hw-mul/libsmallc.a(lib_a-int_errno.o)
 .comment       0x0000000000000023       0x24 /data1/intelFPGA/18.1/nios2eds/bin/gnu/H-x86_64-pc-linux-gnu/bin/../lib/gcc/nios2-elf/5.3.0/mno-hw-mul/libgcc.a(lib2-divmod.o)
 .comment       0x0000000000000023       0x24 ../hal_bsp//libhal_bsp.a(alt_alarm_start.o)
 .comment       0x0000000000000023       0x24 ../hal_bsp//libhal_bsp.a(alt_load.o)
 .comment       0x0000000000000023       0x24 ../hal_bsp//libhal_bsp.a(alt_main.o)
 .comment       0x0000000000000023       0x24 ../hal_bsp//libhal_bsp.a(alt_open.o)
 .comment       0x0000000000000023       0x24 ../hal_bsp//libhal_bsp.a(alt_read.o)
 .comment       0x0000000000000023       0x24 ../hal_bsp//libhal_bsp.a(alt_release_fd.o)
 .comment       0x0000000000000023       0x24 ../hal_bsp//libhal_bsp.a(alt_tick.o)
 .comment       0x0000000000000023       0x24 ../hal_bsp//libhal_bsp.a(alt_usleep.o)
 .comment       0x0000000000000023       0x24 ../hal_bsp//libhal_bsp.a(alt_write.o)
 .comment       0x0000000000000023       0x24 ../hal_bsp//libhal_bsp.a(alt_sys_init.o)
 .comment       0x0000000000000023       0x24 ../hal_bsp//libhal_bsp.a(altera_avalon_jtag_uart_fd.o)
 .comment       0x0000000000000023       0x24 ../hal_bsp//libhal_bsp.a(altera_avalon_jtag_uart_init.o)
 .comment       0x0000000000000023       0x24 ../hal_bsp//libhal_bsp.a(altera_avalon_jtag_uart_ioctl.o)
 .comment       0x0000000000000023       0x24 ../hal_bsp//libhal_bsp.a(altera_avalon_jtag_uart_read.o)
 .comment       0x0000000000000023       0x24 ../hal_bsp//libhal_bsp.a(altera_avalon_jtag_uart_write.o)
 .comment       0x0000000000000023       0x24 ../hal_bsp//libhal_bsp.a(altera_avalon_timer_sc.o)
 .comment       0x0000000000000023       0x24 ../hal_bsp//libhal_bsp.a(altera_avalon_timer_vars.o)
 .comment       0x0000000000000023       0x24 ../hal_bsp//libhal_bsp.a(alt_busy_sleep.o)
 .comment       0x0000000000000023       0x24 ../hal_bsp//libhal_bsp.a(alt_close.o)
 .comment       0x0000000000000023       0x24 ../hal_bsp//libhal_bsp.a(alt_dcache_flush_all.o)
 .comment       0x0000000000000023       0x24 ../hal_bsp//libhal_bsp.a(alt_dev.o)
 .comment       0x0000000000000023       0x24 ../hal_bsp//libhal_bsp.a(alt_dev_llist_insert.o)
 .comment       0x0000000000000023       0x24 ../hal_bsp//libhal_bsp.a(alt_do_ctors.o)
 .comment       0x0000000000000023       0x24 ../hal_bsp//libhal_bsp.a(alt_do_dtors.o)
 .comment       0x0000000000000023       0x24 ../hal_bsp//libhal_bsp.a(alt_errno.o)
 .comment       0x0000000000000023       0x24 ../hal_bsp//libhal_bsp.a(alt_find_dev.o)
 .comment       0x0000000000000023       0x24 ../hal_bsp//libhal_bsp.a(alt_find_file.o)
 .comment       0x0000000000000023       0x24 ../hal_bsp//libhal_bsp.a(alt_get_fd.o)
 .comment       0x0000000000000023       0x24 ../hal_bsp//libhal_bsp.a(alt_icache_flush_all.o)
 .comment       0x0000000000000023       0x24 ../hal_bsp//libhal_bsp.a(alt_iic.o)
 .comment       0x0000000000000023       0x24 ../hal_bsp//libhal_bsp.a(alt_iic_isr_register.o)
 .comment       0x0000000000000023       0x24 ../hal_bsp//libhal_bsp.a(alt_io_redirect.o)
 .comment       0x0000000000000023       0x24 ../hal_bsp//libhal_bsp.a(alt_irq_handler.o)
 .comment       0x0000000000000023       0x24 ../hal_bsp//libhal_bsp.a(alt_irq_vars.o)
 .comment       0x0000000000000023       0x24 ../hal_bsp//libhal_bsp.a(altera_nios2_gen2_irq.o)
 .comment       0x0000000000000023       0x24 ../hal_bsp//libhal_bsp.a(alt_instruction_exception_entry.o)
 .comment       0x0000000000000023       0x24 /data1/intelFPGA/18.1/nios2eds/bin/gnu/H-x86_64-pc-linux-gnu/bin/../lib/gcc/nios2-elf/5.3.0/../../../../../H-x86_64-pc-linux-gnu/nios2-elf/lib/mno-hw-mul/libsmallc.a(lib_a-atexit.o)
 .comment       0x0000000000000023       0x24 /data1/intelFPGA/18.1/nios2eds/bin/gnu/H-x86_64-pc-linux-gnu/bin/../lib/gcc/nios2-elf/5.3.0/../../../../../H-x86_64-pc-linux-gnu/nios2-elf/lib/mno-hw-mul/libsmallc.a(lib_a-exit.o)
 .comment       0x0000000000000023       0x24 /data1/intelFPGA/18.1/nios2eds/bin/gnu/H-x86_64-pc-linux-gnu/bin/../lib/gcc/nios2-elf/5.3.0/../../../../../H-x86_64-pc-linux-gnu/nios2-elf/lib/mno-hw-mul/libsmallc.a(lib_a-memcmp.o)
 .comment       0x0000000000000023       0x24 /data1/intelFPGA/18.1/nios2eds/bin/gnu/H-x86_64-pc-linux-gnu/bin/../lib/gcc/nios2-elf/5.3.0/../../../../../H-x86_64-pc-linux-gnu/nios2-elf/lib/mno-hw-mul/libsmallc.a(lib_a-memcpy.o)
 .comment       0x0000000000000023       0x24 /data1/intelFPGA/18.1/nios2eds/bin/gnu/H-x86_64-pc-linux-gnu/bin/../lib/gcc/nios2-elf/5.3.0/../../../../../H-x86_64-pc-linux-gnu/nios2-elf/lib/mno-hw-mul/libsmallc.a(lib_a-__atexit.o)
 .comment       0x0000000000000023       0x24 /data1/intelFPGA/18.1/nios2eds/bin/gnu/H-x86_64-pc-linux-gnu/bin/../lib/gcc/nios2-elf/5.3.0/../../../../../H-x86_64-pc-linux-gnu/nios2-elf/lib/mno-hw-mul/libsmallc.a(lib_a-__call_atexit.o)
 .comment       0x0000000000000023       0x24 ../hal_bsp//libhal_bsp.a(alt_exit.o)

.debug
 *(.debug)

.line
 *(.line)

.debug_srcinfo
 *(.debug_srcinfo)

.debug_sfnames
 *(.debug_sfnames)

.debug_aranges  0x0000000000000000      0x870
 *(.debug_aranges)
 .debug_aranges
                0x0000000000000000       0x28 ../hal_bsp//obj/HAL/src/crt0.o
 .debug_aranges
                0x0000000000000028       0xb0 obj/default/main.o
 .debug_aranges
                0x00000000000000d8       0x20 /data1/intelFPGA/18.1/nios2eds/bin/gnu/H-x86_64-pc-linux-gnu/bin/../lib/gcc/nios2-elf/5.3.0/mno-hw-mul/libgcc.a(lib2-mul.o)
 .debug_aranges
                0x00000000000000f8       0x20 /data1/intelFPGA/18.1/nios2eds/bin/gnu/H-x86_64-pc-linux-gnu/bin/../lib/gcc/nios2-elf/5.3.0/../../../../../H-x86_64-pc-linux-gnu/nios2-elf/lib/mno-hw-mul/libsmallc.a(lib_a-memset.o)
 .debug_aranges
                0x0000000000000118       0x28 /data1/intelFPGA/18.1/nios2eds/bin/gnu/H-x86_64-pc-linux-gnu/bin/../lib/gcc/nios2-elf/5.3.0/../../../../../H-x86_64-pc-linux-gnu/nios2-elf/lib/mno-hw-mul/libsmallc.a(lib_a-printf.o)
 .debug_aranges
                0x0000000000000140       0x28 /data1/intelFPGA/18.1/nios2eds/bin/gnu/H-x86_64-pc-linux-gnu/bin/../lib/gcc/nios2-elf/5.3.0/../../../../../H-x86_64-pc-linux-gnu/nios2-elf/lib/mno-hw-mul/libsmallc.a(lib_a-putchar.o)
 .debug_aranges
                0x0000000000000168       0x28 /data1/intelFPGA/18.1/nios2eds/bin/gnu/H-x86_64-pc-linux-gnu/bin/../lib/gcc/nios2-elf/5.3.0/../../../../../H-x86_64-pc-linux-gnu/nios2-elf/lib/mno-hw-mul/libsmallc.a(lib_a-puts.o)
 .debug_aranges
                0x0000000000000190       0x20 /data1/intelFPGA/18.1/nios2eds/bin/gnu/H-x86_64-pc-linux-gnu/bin/../lib/gcc/nios2-elf/5.3.0/../../../../../H-x86_64-pc-linux-gnu/nios2-elf/lib/mno-hw-mul/libsmallc.a(lib_a-strcmp.o)
 .debug_aranges
                0x00000000000001b0       0x20 /data1/intelFPGA/18.1/nios2eds/bin/gnu/H-x86_64-pc-linux-gnu/bin/../lib/gcc/nios2-elf/5.3.0/../../../../../H-x86_64-pc-linux-gnu/nios2-elf/lib/mno-hw-mul/libsmallc.a(lib_a-strlen.o)
 .debug_aranges
                0x00000000000001d0       0x30 /data1/intelFPGA/18.1/nios2eds/bin/gnu/H-x86_64-pc-linux-gnu/bin/../lib/gcc/nios2-elf/5.3.0/../../../../../H-x86_64-pc-linux-gnu/nios2-elf/lib/mno-hw-mul/libsmallc.a(lib_a-vfprintf.o)
 .debug_aranges
                0x0000000000000200       0x20 /data1/intelFPGA/18.1/nios2eds/bin/gnu/H-x86_64-pc-linux-gnu/bin/../lib/gcc/nios2-elf/5.3.0/../../../../../H-x86_64-pc-linux-gnu/nios2-elf/lib/mno-hw-mul/libsmallc.a(lib_a-fvwrite_small_dev.o)
 .debug_aranges
                0x0000000000000220       0x18 /data1/intelFPGA/18.1/nios2eds/bin/gnu/H-x86_64-pc-linux-gnu/bin/../lib/gcc/nios2-elf/5.3.0/../../../../../H-x86_64-pc-linux-gnu/nios2-elf/lib/mno-hw-mul/libsmallc.a(lib_a-impure.o)
 .debug_aranges
                0x0000000000000238       0x28 /data1/intelFPGA/18.1/nios2eds/bin/gnu/H-x86_64-pc-linux-gnu/bin/../lib/gcc/nios2-elf/5.3.0/../../../../../H-x86_64-pc-linux-gnu/nios2-elf/lib/mno-hw-mul/libsmallc.a(lib_a-putc.o)
 .debug_aranges
                0x0000000000000260       0x20 /data1/intelFPGA/18.1/nios2eds/bin/gnu/H-x86_64-pc-linux-gnu/bin/../lib/gcc/nios2-elf/5.3.0/../../../../../H-x86_64-pc-linux-gnu/nios2-elf/lib/mno-hw-mul/libsmallc.a(lib_a-writer.o)
 .debug_aranges
                0x0000000000000280       0x18 /data1/intelFPGA/18.1/nios2eds/bin/gnu/H-x86_64-pc-linux-gnu/bin/../lib/gcc/nios2-elf/5.3.0/../../../../../H-x86_64-pc-linux-gnu/nios2-elf/lib/mno-hw-mul/libsmallc.a(lib_a-int_errno.o)
 .debug_aranges
                0x0000000000000298       0x20 /data1/intelFPGA/18.1/nios2eds/bin/gnu/H-x86_64-pc-linux-gnu/bin/../lib/gcc/nios2-elf/5.3.0/mno-hw-mul/libgcc.a(lib2-divmod.o)
 .debug_aranges
                0x00000000000002b8       0x20 ../hal_bsp//libhal_bsp.a(alt_alarm_start.o)
 .debug_aranges
                0x00000000000002d8       0x20 ../hal_bsp//libhal_bsp.a(alt_load.o)
 .debug_aranges
                0x00000000000002f8       0x20 ../hal_bsp//libhal_bsp.a(alt_main.o)
 .debug_aranges
                0x0000000000000318       0x20 ../hal_bsp//libhal_bsp.a(alt_open.o)
 .debug_aranges
                0x0000000000000338       0x20 ../hal_bsp//libhal_bsp.a(alt_read.o)
 .debug_aranges
                0x0000000000000358       0x20 ../hal_bsp//libhal_bsp.a(alt_release_fd.o)
 .debug_aranges
                0x0000000000000378       0x20 ../hal_bsp//libhal_bsp.a(alt_tick.o)
 .debug_aranges
                0x0000000000000398       0x20 ../hal_bsp//libhal_bsp.a(alt_usleep.o)
 .debug_aranges
                0x00000000000003b8       0x20 ../hal_bsp//libhal_bsp.a(alt_write.o)
 .debug_aranges
                0x00000000000003d8       0x20 ../hal_bsp//libhal_bsp.a(alt_sys_init.o)
 .debug_aranges
                0x00000000000003f8       0x20 ../hal_bsp//libhal_bsp.a(altera_avalon_jtag_uart_fd.o)
 .debug_aranges
                0x0000000000000418       0x20 ../hal_bsp//libhal_bsp.a(altera_avalon_jtag_uart_init.o)
 .debug_aranges
                0x0000000000000438       0x20 ../hal_bsp//libhal_bsp.a(altera_avalon_jtag_uart_ioctl.o)
 .debug_aranges
                0x0000000000000458       0x20 ../hal_bsp//libhal_bsp.a(altera_avalon_jtag_uart_read.o)
 .debug_aranges
                0x0000000000000478       0x20 ../hal_bsp//libhal_bsp.a(altera_avalon_jtag_uart_write.o)
 .debug_aranges
                0x0000000000000498       0x20 ../hal_bsp//libhal_bsp.a(altera_avalon_timer_sc.o)
 .debug_aranges
                0x00000000000004b8       0x18 ../hal_bsp//libhal_bsp.a(altera_avalon_timer_vars.o)
 .debug_aranges
                0x00000000000004d0       0x20 ../hal_bsp//libhal_bsp.a(alt_busy_sleep.o)
 .debug_aranges
                0x00000000000004f0       0x20 ../hal_bsp//libhal_bsp.a(alt_close.o)
 .debug_aranges
                0x0000000000000510       0x20 ../hal_bsp//libhal_bsp.a(alt_dcache_flush_all.o)
 .debug_aranges
                0x0000000000000530       0x20 ../hal_bsp//libhal_bsp.a(alt_dev.o)
 .debug_aranges
                0x0000000000000550       0x20 ../hal_bsp//libhal_bsp.a(alt_dev_llist_insert.o)
 .debug_aranges
                0x0000000000000570       0x20 ../hal_bsp//libhal_bsp.a(alt_do_ctors.o)
 .debug_aranges
                0x0000000000000590       0x20 ../hal_bsp//libhal_bsp.a(alt_do_dtors.o)
 .debug_aranges
                0x00000000000005b0       0x18 ../hal_bsp//libhal_bsp.a(alt_errno.o)
 .debug_aranges
                0x00000000000005c8       0x20 ../hal_bsp//libhal_bsp.a(alt_find_dev.o)
 .debug_aranges
                0x00000000000005e8       0x20 ../hal_bsp//libhal_bsp.a(alt_find_file.o)
 .debug_aranges
                0x0000000000000608       0x20 ../hal_bsp//libhal_bsp.a(alt_get_fd.o)
 .debug_aranges
                0x0000000000000628       0x20 ../hal_bsp//libhal_bsp.a(alt_icache_flush_all.o)
 .debug_aranges
                0x0000000000000648       0x20 ../hal_bsp//libhal_bsp.a(alt_iic.o)
 .debug_aranges
                0x0000000000000668       0x20 ../hal_bsp//libhal_bsp.a(alt_iic_isr_register.o)
 .debug_aranges
                0x0000000000000688       0x20 ../hal_bsp//libhal_bsp.a(alt_io_redirect.o)
 .debug_aranges
                0x00000000000006a8       0x30 ../hal_bsp//libhal_bsp.a(alt_irq_entry.o)
 .debug_aranges
                0x00000000000006d8       0x20 ../hal_bsp//libhal_bsp.a(alt_irq_handler.o)
 .debug_aranges
                0x00000000000006f8       0x18 ../hal_bsp//libhal_bsp.a(alt_irq_vars.o)
 .debug_aranges
                0x0000000000000710       0x20 ../hal_bsp//libhal_bsp.a(altera_nios2_gen2_irq.o)
 .debug_aranges
                0x0000000000000730       0x38 ../hal_bsp//libhal_bsp.a(alt_exception_entry.o)
 .debug_aranges
                0x0000000000000768       0x28 ../hal_bsp//libhal_bsp.a(alt_instruction_exception_entry.o)
 .debug_aranges
                0x0000000000000790       0x20 /data1/intelFPGA/18.1/nios2eds/bin/gnu/H-x86_64-pc-linux-gnu/bin/../lib/gcc/nios2-elf/5.3.0/../../../../../H-x86_64-pc-linux-gnu/nios2-elf/lib/mno-hw-mul/libsmallc.a(lib_a-atexit.o)
 .debug_aranges
                0x00000000000007b0       0x20 /data1/intelFPGA/18.1/nios2eds/bin/gnu/H-x86_64-pc-linux-gnu/bin/../lib/gcc/nios2-elf/5.3.0/../../../../../H-x86_64-pc-linux-gnu/nios2-elf/lib/mno-hw-mul/libsmallc.a(lib_a-exit.o)
 .debug_aranges
                0x00000000000007d0       0x20 /data1/intelFPGA/18.1/nios2eds/bin/gnu/H-x86_64-pc-linux-gnu/bin/../lib/gcc/nios2-elf/5.3.0/../../../../../H-x86_64-pc-linux-gnu/nios2-elf/lib/mno-hw-mul/libsmallc.a(lib_a-memcmp.o)
 .debug_aranges
                0x00000000000007f0       0x20 /data1/intelFPGA/18.1/nios2eds/bin/gnu/H-x86_64-pc-linux-gnu/bin/../lib/gcc/nios2-elf/5.3.0/../../../../../H-x86_64-pc-linux-gnu/nios2-elf/lib/mno-hw-mul/libsmallc.a(lib_a-memcpy.o)
 .debug_aranges
                0x0000000000000810       0x20 /data1/intelFPGA/18.1/nios2eds/bin/gnu/H-x86_64-pc-linux-gnu/bin/../lib/gcc/nios2-elf/5.3.0/../../../../../H-x86_64-pc-linux-gnu/nios2-elf/lib/mno-hw-mul/libsmallc.a(lib_a-__atexit.o)
 .debug_aranges
                0x0000000000000830       0x20 /data1/intelFPGA/18.1/nios2eds/bin/gnu/H-x86_64-pc-linux-gnu/bin/../lib/gcc/nios2-elf/5.3.0/../../../../../H-x86_64-pc-linux-gnu/nios2-elf/lib/mno-hw-mul/libsmallc.a(lib_a-__call_atexit.o)
 .debug_aranges
                0x0000000000000850       0x20 ../hal_bsp//libhal_bsp.a(alt_exit.o)

.debug_pubnames
 *(.debug_pubnames)

.debug_info     0x0000000000000000     0xd4f1
 *(.debug_info .gnu.linkonce.wi.*)
 .debug_info    0x0000000000000000       0x9e ../hal_bsp//obj/HAL/src/crt0.o
 .debug_info    0x000000000000009e     0x26d5 obj/default/main.o
 .debug_info    0x0000000000002773       0xb4 /data1/intelFPGA/18.1/nios2eds/bin/gnu/H-x86_64-pc-linux-gnu/bin/../lib/gcc/nios2-elf/5.3.0/mno-hw-mul/libgcc.a(lib2-mul.o)
 .debug_info    0x0000000000002827       0xdc /data1/intelFPGA/18.1/nios2eds/bin/gnu/H-x86_64-pc-linux-gnu/bin/../lib/gcc/nios2-elf/5.3.0/../../../../../H-x86_64-pc-linux-gnu/nios2-elf/lib/mno-hw-mul/libsmallc.a(lib_a-memset.o)
 .debug_info    0x0000000000002903      0x699 /data1/intelFPGA/18.1/nios2eds/bin/gnu/H-x86_64-pc-linux-gnu/bin/../lib/gcc/nios2-elf/5.3.0/../../../../../H-x86_64-pc-linux-gnu/nios2-elf/lib/mno-hw-mul/libsmallc.a(lib_a-printf.o)
 .debug_info    0x0000000000002f9c      0x62a /data1/intelFPGA/18.1/nios2eds/bin/gnu/H-x86_64-pc-linux-gnu/bin/../lib/gcc/nios2-elf/5.3.0/../../../../../H-x86_64-pc-linux-gnu/nios2-elf/lib/mno-hw-mul/libsmallc.a(lib_a-putchar.o)
 .debug_info    0x00000000000035c6      0x66d /data1/intelFPGA/18.1/nios2eds/bin/gnu/H-x86_64-pc-linux-gnu/bin/../lib/gcc/nios2-elf/5.3.0/../../../../../H-x86_64-pc-linux-gnu/nios2-elf/lib/mno-hw-mul/libsmallc.a(lib_a-puts.o)
 .debug_info    0x0000000000003c33       0xbe /data1/intelFPGA/18.1/nios2eds/bin/gnu/H-x86_64-pc-linux-gnu/bin/../lib/gcc/nios2-elf/5.3.0/../../../../../H-x86_64-pc-linux-gnu/nios2-elf/lib/mno-hw-mul/libsmallc.a(lib_a-strcmp.o)
 .debug_info    0x0000000000003cf1       0xc9 /data1/intelFPGA/18.1/nios2eds/bin/gnu/H-x86_64-pc-linux-gnu/bin/../lib/gcc/nios2-elf/5.3.0/../../../../../H-x86_64-pc-linux-gnu/nios2-elf/lib/mno-hw-mul/libsmallc.a(lib_a-strlen.o)
 .debug_info    0x0000000000003dba      0xb2b /data1/intelFPGA/18.1/nios2eds/bin/gnu/H-x86_64-pc-linux-gnu/bin/../lib/gcc/nios2-elf/5.3.0/../../../../../H-x86_64-pc-linux-gnu/nios2-elf/lib/mno-hw-mul/libsmallc.a(lib_a-vfprintf.o)
 .debug_info    0x00000000000048e5      0x62b /data1/intelFPGA/18.1/nios2eds/bin/gnu/H-x86_64-pc-linux-gnu/bin/../lib/gcc/nios2-elf/5.3.0/../../../../../H-x86_64-pc-linux-gnu/nios2-elf/lib/mno-hw-mul/libsmallc.a(lib_a-fvwrite_small_dev.o)
 .debug_info    0x0000000000004f10      0x5a9 /data1/intelFPGA/18.1/nios2eds/bin/gnu/H-x86_64-pc-linux-gnu/bin/../lib/gcc/nios2-elf/5.3.0/../../../../../H-x86_64-pc-linux-gnu/nios2-elf/lib/mno-hw-mul/libsmallc.a(lib_a-impure.o)
 .debug_info    0x00000000000054b9      0x672 /data1/intelFPGA/18.1/nios2eds/bin/gnu/H-x86_64-pc-linux-gnu/bin/../lib/gcc/nios2-elf/5.3.0/../../../../../H-x86_64-pc-linux-gnu/nios2-elf/lib/mno-hw-mul/libsmallc.a(lib_a-putc.o)
 .debug_info    0x0000000000005b2b      0x630 /data1/intelFPGA/18.1/nios2eds/bin/gnu/H-x86_64-pc-linux-gnu/bin/../lib/gcc/nios2-elf/5.3.0/../../../../../H-x86_64-pc-linux-gnu/nios2-elf/lib/mno-hw-mul/libsmallc.a(lib_a-writer.o)
 .debug_info    0x000000000000615b       0x8a /data1/intelFPGA/18.1/nios2eds/bin/gnu/H-x86_64-pc-linux-gnu/bin/../lib/gcc/nios2-elf/5.3.0/../../../../../H-x86_64-pc-linux-gnu/nios2-elf/lib/mno-hw-mul/libsmallc.a(lib_a-int_errno.o)
 .debug_info    0x00000000000061e5      0x2c6 /data1/intelFPGA/18.1/nios2eds/bin/gnu/H-x86_64-pc-linux-gnu/bin/../lib/gcc/nios2-elf/5.3.0/mno-hw-mul/libgcc.a(lib2-divmod.o)
 .debug_info    0x00000000000064ab      0x2bd ../hal_bsp//libhal_bsp.a(alt_alarm_start.o)
 .debug_info    0x0000000000006768      0x1c9 ../hal_bsp//libhal_bsp.a(alt_load.o)
 .debug_info    0x0000000000006931      0x20d ../hal_bsp//libhal_bsp.a(alt_main.o)
 .debug_info    0x0000000000006b3e      0x480 ../hal_bsp//libhal_bsp.a(alt_open.o)
 .debug_info    0x0000000000006fbe      0x4ec ../hal_bsp//libhal_bsp.a(alt_read.o)
 .debug_info    0x00000000000074aa      0x2b1 ../hal_bsp//libhal_bsp.a(alt_release_fd.o)
 .debug_info    0x000000000000775b      0x2a9 ../hal_bsp//libhal_bsp.a(alt_tick.o)
 .debug_info    0x0000000000007a04       0xd1 ../hal_bsp//libhal_bsp.a(alt_usleep.o)
 .debug_info    0x0000000000007ad5      0x4f3 ../hal_bsp//libhal_bsp.a(alt_write.o)
 .debug_info    0x0000000000007fc8      0x588 ../hal_bsp//libhal_bsp.a(alt_sys_init.o)
 .debug_info    0x0000000000008550      0x5b9 ../hal_bsp//libhal_bsp.a(altera_avalon_jtag_uart_fd.o)
 .debug_info    0x0000000000008b09      0x3e7 ../hal_bsp//libhal_bsp.a(altera_avalon_jtag_uart_init.o)
 .debug_info    0x0000000000008ef0      0x281 ../hal_bsp//libhal_bsp.a(altera_avalon_jtag_uart_ioctl.o)
 .debug_info    0x0000000000009171      0x36c ../hal_bsp//libhal_bsp.a(altera_avalon_jtag_uart_read.o)
 .debug_info    0x00000000000094dd      0x357 ../hal_bsp//libhal_bsp.a(altera_avalon_jtag_uart_write.o)
 .debug_info    0x0000000000009834      0x270 ../hal_bsp//libhal_bsp.a(altera_avalon_timer_sc.o)
 .debug_info    0x0000000000009aa4       0xe9 ../hal_bsp//libhal_bsp.a(altera_avalon_timer_vars.o)
 .debug_info    0x0000000000009b8d       0xd8 ../hal_bsp//libhal_bsp.a(alt_busy_sleep.o)
 .debug_info    0x0000000000009c65      0x354 ../hal_bsp//libhal_bsp.a(alt_close.o)
 .debug_info    0x0000000000009fb9       0x92 ../hal_bsp//libhal_bsp.a(alt_dcache_flush_all.o)
 .debug_info    0x000000000000a04b      0x499 ../hal_bsp//libhal_bsp.a(alt_dev.o)
 .debug_info    0x000000000000a4e4      0x1b3 ../hal_bsp//libhal_bsp.a(alt_dev_llist_insert.o)
 .debug_info    0x000000000000a697       0x84 ../hal_bsp//libhal_bsp.a(alt_do_ctors.o)
 .debug_info    0x000000000000a71b       0x84 ../hal_bsp//libhal_bsp.a(alt_do_dtors.o)
 .debug_info    0x000000000000a79f       0xa6 ../hal_bsp//libhal_bsp.a(alt_errno.o)
 .debug_info    0x000000000000a845      0x32d ../hal_bsp//libhal_bsp.a(alt_find_dev.o)
 .debug_info    0x000000000000ab72      0x329 ../hal_bsp//libhal_bsp.a(alt_find_file.o)
 .debug_info    0x000000000000ae9b      0x313 ../hal_bsp//libhal_bsp.a(alt_get_fd.o)
 .debug_info    0x000000000000b1ae       0x92 ../hal_bsp//libhal_bsp.a(alt_icache_flush_all.o)
 .debug_info    0x000000000000b240      0x38a ../hal_bsp//libhal_bsp.a(alt_iic.o)
 .debug_info    0x000000000000b5ca      0x232 ../hal_bsp//libhal_bsp.a(alt_iic_isr_register.o)
 .debug_info    0x000000000000b7fc      0x567 ../hal_bsp//libhal_bsp.a(alt_io_redirect.o)
 .debug_info    0x000000000000bd63       0xa7 ../hal_bsp//libhal_bsp.a(alt_irq_entry.o)
 .debug_info    0x000000000000be0a      0x184 ../hal_bsp//libhal_bsp.a(alt_irq_handler.o)
 .debug_info    0x000000000000bf8e       0x88 ../hal_bsp//libhal_bsp.a(alt_irq_vars.o)
 .debug_info    0x000000000000c016       0x92 ../hal_bsp//libhal_bsp.a(altera_nios2_gen2_irq.o)
 .debug_info    0x000000000000c0a8       0xad ../hal_bsp//libhal_bsp.a(alt_exception_entry.o)
 .debug_info    0x000000000000c155      0x1fd ../hal_bsp//libhal_bsp.a(alt_instruction_exception_entry.o)
 .debug_info    0x000000000000c352       0xfe /data1/intelFPGA/18.1/nios2eds/bin/gnu/H-x86_64-pc-linux-gnu/bin/../lib/gcc/nios2-elf/5.3.0/../../../../../H-x86_64-pc-linux-gnu/nios2-elf/lib/mno-hw-mul/libsmallc.a(lib_a-atexit.o)
 .debug_info    0x000000000000c450       0xe5 /data1/intelFPGA/18.1/nios2eds/bin/gnu/H-x86_64-pc-linux-gnu/bin/../lib/gcc/nios2-elf/5.3.0/../../../../../H-x86_64-pc-linux-gnu/nios2-elf/lib/mno-hw-mul/libsmallc.a(lib_a-exit.o)
 .debug_info    0x000000000000c535       0xf4 /data1/intelFPGA/18.1/nios2eds/bin/gnu/H-x86_64-pc-linux-gnu/bin/../lib/gcc/nios2-elf/5.3.0/../../../../../H-x86_64-pc-linux-gnu/nios2-elf/lib/mno-hw-mul/libsmallc.a(lib_a-memcmp.o)
 .debug_info    0x000000000000c629      0x119 /data1/intelFPGA/18.1/nios2eds/bin/gnu/H-x86_64-pc-linux-gnu/bin/../lib/gcc/nios2-elf/5.3.0/../../../../../H-x86_64-pc-linux-gnu/nios2-elf/lib/mno-hw-mul/libsmallc.a(lib_a-memcpy.o)
 .debug_info    0x000000000000c742      0x64a /data1/intelFPGA/18.1/nios2eds/bin/gnu/H-x86_64-pc-linux-gnu/bin/../lib/gcc/nios2-elf/5.3.0/../../../../../H-x86_64-pc-linux-gnu/nios2-elf/lib/mno-hw-mul/libsmallc.a(lib_a-__atexit.o)
 .debug_info    0x000000000000cd8c      0x67b /data1/intelFPGA/18.1/nios2eds/bin/gnu/H-x86_64-pc-linux-gnu/bin/../lib/gcc/nios2-elf/5.3.0/../../../../../H-x86_64-pc-linux-gnu/nios2-elf/lib/mno-hw-mul/libsmallc.a(lib_a-__call_atexit.o)
 .debug_info    0x000000000000d407       0xea ../hal_bsp//libhal_bsp.a(alt_exit.o)

.debug_abbrev   0x0000000000000000     0x44ec
 *(.debug_abbrev)
 .debug_abbrev  0x0000000000000000       0x12 ../hal_bsp//obj/HAL/src/crt0.o
 .debug_abbrev  0x0000000000000012      0x537 obj/default/main.o
 .debug_abbrev  0x0000000000000549       0x6f /data1/intelFPGA/18.1/nios2eds/bin/gnu/H-x86_64-pc-linux-gnu/bin/../lib/gcc/nios2-elf/5.3.0/mno-hw-mul/libgcc.a(lib2-mul.o)
 .debug_abbrev  0x00000000000005b8       0x8e /data1/intelFPGA/18.1/nios2eds/bin/gnu/H-x86_64-pc-linux-gnu/bin/../lib/gcc/nios2-elf/5.3.0/../../../../../H-x86_64-pc-linux-gnu/nios2-elf/lib/mno-hw-mul/libsmallc.a(lib_a-memset.o)
 .debug_abbrev  0x0000000000000646      0x1ee /data1/intelFPGA/18.1/nios2eds/bin/gnu/H-x86_64-pc-linux-gnu/bin/../lib/gcc/nios2-elf/5.3.0/../../../../../H-x86_64-pc-linux-gnu/nios2-elf/lib/mno-hw-mul/libsmallc.a(lib_a-printf.o)
 .debug_abbrev  0x0000000000000834      0x1c0 /data1/intelFPGA/18.1/nios2eds/bin/gnu/H-x86_64-pc-linux-gnu/bin/../lib/gcc/nios2-elf/5.3.0/../../../../../H-x86_64-pc-linux-gnu/nios2-elf/lib/mno-hw-mul/libsmallc.a(lib_a-putchar.o)
 .debug_abbrev  0x00000000000009f4      0x1d6 /data1/intelFPGA/18.1/nios2eds/bin/gnu/H-x86_64-pc-linux-gnu/bin/../lib/gcc/nios2-elf/5.3.0/../../../../../H-x86_64-pc-linux-gnu/nios2-elf/lib/mno-hw-mul/libsmallc.a(lib_a-puts.o)
 .debug_abbrev  0x0000000000000bca       0x63 /data1/intelFPGA/18.1/nios2eds/bin/gnu/H-x86_64-pc-linux-gnu/bin/../lib/gcc/nios2-elf/5.3.0/../../../../../H-x86_64-pc-linux-gnu/nios2-elf/lib/mno-hw-mul/libsmallc.a(lib_a-strcmp.o)
 .debug_abbrev  0x0000000000000c2d       0x7f /data1/intelFPGA/18.1/nios2eds/bin/gnu/H-x86_64-pc-linux-gnu/bin/../lib/gcc/nios2-elf/5.3.0/../../../../../H-x86_64-pc-linux-gnu/nios2-elf/lib/mno-hw-mul/libsmallc.a(lib_a-strlen.o)
 .debug_abbrev  0x0000000000000cac      0x2a1 /data1/intelFPGA/18.1/nios2eds/bin/gnu/H-x86_64-pc-linux-gnu/bin/../lib/gcc/nios2-elf/5.3.0/../../../../../H-x86_64-pc-linux-gnu/nios2-elf/lib/mno-hw-mul/libsmallc.a(lib_a-vfprintf.o)
 .debug_abbrev  0x0000000000000f4d      0x1bc /data1/intelFPGA/18.1/nios2eds/bin/gnu/H-x86_64-pc-linux-gnu/bin/../lib/gcc/nios2-elf/5.3.0/../../../../../H-x86_64-pc-linux-gnu/nios2-elf/lib/mno-hw-mul/libsmallc.a(lib_a-fvwrite_small_dev.o)
 .debug_abbrev  0x0000000000001109      0x14a /data1/intelFPGA/18.1/nios2eds/bin/gnu/H-x86_64-pc-linux-gnu/bin/../lib/gcc/nios2-elf/5.3.0/../../../../../H-x86_64-pc-linux-gnu/nios2-elf/lib/mno-hw-mul/libsmallc.a(lib_a-impure.o)
 .debug_abbrev  0x0000000000001253      0x1bd /data1/intelFPGA/18.1/nios2eds/bin/gnu/H-x86_64-pc-linux-gnu/bin/../lib/gcc/nios2-elf/5.3.0/../../../../../H-x86_64-pc-linux-gnu/nios2-elf/lib/mno-hw-mul/libsmallc.a(lib_a-putc.o)
 .debug_abbrev  0x0000000000001410      0x1a6 /data1/intelFPGA/18.1/nios2eds/bin/gnu/H-x86_64-pc-linux-gnu/bin/../lib/gcc/nios2-elf/5.3.0/../../../../../H-x86_64-pc-linux-gnu/nios2-elf/lib/mno-hw-mul/libsmallc.a(lib_a-writer.o)
 .debug_abbrev  0x00000000000015b6       0x37 /data1/intelFPGA/18.1/nios2eds/bin/gnu/H-x86_64-pc-linux-gnu/bin/../lib/gcc/nios2-elf/5.3.0/../../../../../H-x86_64-pc-linux-gnu/nios2-elf/lib/mno-hw-mul/libsmallc.a(lib_a-int_errno.o)
 .debug_abbrev  0x00000000000015ed      0x10e /data1/intelFPGA/18.1/nios2eds/bin/gnu/H-x86_64-pc-linux-gnu/bin/../lib/gcc/nios2-elf/5.3.0/mno-hw-mul/libgcc.a(lib2-divmod.o)
 .debug_abbrev  0x00000000000016fb      0x187 ../hal_bsp//libhal_bsp.a(alt_alarm_start.o)
 .debug_abbrev  0x0000000000001882       0xd8 ../hal_bsp//libhal_bsp.a(alt_load.o)
 .debug_abbrev  0x000000000000195a       0xfd ../hal_bsp//libhal_bsp.a(alt_main.o)
 .debug_abbrev  0x0000000000001a57      0x1be ../hal_bsp//libhal_bsp.a(alt_open.o)
 .debug_abbrev  0x0000000000001c15      0x14d ../hal_bsp//libhal_bsp.a(alt_read.o)
 .debug_abbrev  0x0000000000001d62       0xde ../hal_bsp//libhal_bsp.a(alt_release_fd.o)
 .debug_abbrev  0x0000000000001e40      0x187 ../hal_bsp//libhal_bsp.a(alt_tick.o)
 .debug_abbrev  0x0000000000001fc7       0x8d ../hal_bsp//libhal_bsp.a(alt_usleep.o)
 .debug_abbrev  0x0000000000002054      0x152 ../hal_bsp//libhal_bsp.a(alt_write.o)
 .debug_abbrev  0x00000000000021a6      0x1de ../hal_bsp//libhal_bsp.a(alt_sys_init.o)
 .debug_abbrev  0x0000000000002384      0x160 ../hal_bsp//libhal_bsp.a(altera_avalon_jtag_uart_fd.o)
 .debug_abbrev  0x00000000000024e4      0x1fc ../hal_bsp//libhal_bsp.a(altera_avalon_jtag_uart_init.o)
 .debug_abbrev  0x00000000000026e0      0x120 ../hal_bsp//libhal_bsp.a(altera_avalon_jtag_uart_ioctl.o)
 .debug_abbrev  0x0000000000002800      0x1cc ../hal_bsp//libhal_bsp.a(altera_avalon_jtag_uart_read.o)
 .debug_abbrev  0x00000000000029cc      0x1cd ../hal_bsp//libhal_bsp.a(altera_avalon_jtag_uart_write.o)
 .debug_abbrev  0x0000000000002b99      0x191 ../hal_bsp//libhal_bsp.a(altera_avalon_timer_sc.o)
 .debug_abbrev  0x0000000000002d2a       0x83 ../hal_bsp//libhal_bsp.a(altera_avalon_timer_vars.o)
 .debug_abbrev  0x0000000000002dad       0x8d ../hal_bsp//libhal_bsp.a(alt_busy_sleep.o)
 .debug_abbrev  0x0000000000002e3a      0x14f ../hal_bsp//libhal_bsp.a(alt_close.o)
 .debug_abbrev  0x0000000000002f89       0x42 ../hal_bsp//libhal_bsp.a(alt_dcache_flush_all.o)
 .debug_abbrev  0x0000000000002fcb       0xd9 ../hal_bsp//libhal_bsp.a(alt_dev.o)
 .debug_abbrev  0x00000000000030a4      0x11c ../hal_bsp//libhal_bsp.a(alt_dev_llist_insert.o)
 .debug_abbrev  0x00000000000031c0       0x79 ../hal_bsp//libhal_bsp.a(alt_do_ctors.o)
 .debug_abbrev  0x0000000000003239       0x79 ../hal_bsp//libhal_bsp.a(alt_do_dtors.o)
 .debug_abbrev  0x00000000000032b2       0x5a ../hal_bsp//libhal_bsp.a(alt_errno.o)
 .debug_abbrev  0x000000000000330c      0x125 ../hal_bsp//libhal_bsp.a(alt_find_dev.o)
 .debug_abbrev  0x0000000000003431      0x125 ../hal_bsp//libhal_bsp.a(alt_find_file.o)
 .debug_abbrev  0x0000000000003556      0x10d ../hal_bsp//libhal_bsp.a(alt_get_fd.o)
 .debug_abbrev  0x0000000000003663       0x42 ../hal_bsp//libhal_bsp.a(alt_icache_flush_all.o)
 .debug_abbrev  0x00000000000036a5      0x1a0 ../hal_bsp//libhal_bsp.a(alt_iic.o)
 .debug_abbrev  0x0000000000003845      0x19c ../hal_bsp//libhal_bsp.a(alt_iic_isr_register.o)
 .debug_abbrev  0x00000000000039e1      0x189 ../hal_bsp//libhal_bsp.a(alt_io_redirect.o)
 .debug_abbrev  0x0000000000003b6a       0x12 ../hal_bsp//libhal_bsp.a(alt_irq_entry.o)
 .debug_abbrev  0x0000000000003b7c      0x120 ../hal_bsp//libhal_bsp.a(alt_irq_handler.o)
 .debug_abbrev  0x0000000000003c9c       0x40 ../hal_bsp//libhal_bsp.a(alt_irq_vars.o)
 .debug_abbrev  0x0000000000003cdc       0x42 ../hal_bsp//libhal_bsp.a(altera_nios2_gen2_irq.o)
 .debug_abbrev  0x0000000000003d1e       0x12 ../hal_bsp//libhal_bsp.a(alt_exception_entry.o)
 .debug_abbrev  0x0000000000003d30       0xe7 ../hal_bsp//libhal_bsp.a(alt_instruction_exception_entry.o)
 .debug_abbrev  0x0000000000003e17       0xaa /data1/intelFPGA/18.1/nios2eds/bin/gnu/H-x86_64-pc-linux-gnu/bin/../lib/gcc/nios2-elf/5.3.0/../../../../../H-x86_64-pc-linux-gnu/nios2-elf/lib/mno-hw-mul/libsmallc.a(lib_a-atexit.o)
 .debug_abbrev  0x0000000000003ec1       0x8b /data1/intelFPGA/18.1/nios2eds/bin/gnu/H-x86_64-pc-linux-gnu/bin/../lib/gcc/nios2-elf/5.3.0/../../../../../H-x86_64-pc-linux-gnu/nios2-elf/lib/mno-hw-mul/libsmallc.a(lib_a-exit.o)
 .debug_abbrev  0x0000000000003f4c       0x7f /data1/intelFPGA/18.1/nios2eds/bin/gnu/H-x86_64-pc-linux-gnu/bin/../lib/gcc/nios2-elf/5.3.0/../../../../../H-x86_64-pc-linux-gnu/nios2-elf/lib/mno-hw-mul/libsmallc.a(lib_a-memcmp.o)
 .debug_abbrev  0x0000000000003fcb       0x9c /data1/intelFPGA/18.1/nios2eds/bin/gnu/H-x86_64-pc-linux-gnu/bin/../lib/gcc/nios2-elf/5.3.0/../../../../../H-x86_64-pc-linux-gnu/nios2-elf/lib/mno-hw-mul/libsmallc.a(lib_a-memcpy.o)
 .debug_abbrev  0x0000000000004067      0x1e6 /data1/intelFPGA/18.1/nios2eds/bin/gnu/H-x86_64-pc-linux-gnu/bin/../lib/gcc/nios2-elf/5.3.0/../../../../../H-x86_64-pc-linux-gnu/nios2-elf/lib/mno-hw-mul/libsmallc.a(lib_a-__atexit.o)
 .debug_abbrev  0x000000000000424d      0x1f6 /data1/intelFPGA/18.1/nios2eds/bin/gnu/H-x86_64-pc-linux-gnu/bin/../lib/gcc/nios2-elf/5.3.0/../../../../../H-x86_64-pc-linux-gnu/nios2-elf/lib/mno-hw-mul/libsmallc.a(lib_a-__call_atexit.o)
 .debug_abbrev  0x0000000000004443       0xa9 ../hal_bsp//libhal_bsp.a(alt_exit.o)

.debug_line     0x0000000000000000     0x4aaa
 *(.debug_line)
 .debug_line    0x0000000000000000       0x66 ../hal_bsp//obj/HAL/src/crt0.o
 .debug_line    0x0000000000000066      0x832 obj/default/main.o
 .debug_line    0x0000000000000898       0x80 /data1/intelFPGA/18.1/nios2eds/bin/gnu/H-x86_64-pc-linux-gnu/bin/../lib/gcc/nios2-elf/5.3.0/mno-hw-mul/libgcc.a(lib2-mul.o)
 .debug_line    0x0000000000000918      0x15d /data1/intelFPGA/18.1/nios2eds/bin/gnu/H-x86_64-pc-linux-gnu/bin/../lib/gcc/nios2-elf/5.3.0/../../../../../H-x86_64-pc-linux-gnu/nios2-elf/lib/mno-hw-mul/libsmallc.a(lib_a-memset.o)
 .debug_line    0x0000000000000a75      0x203 /data1/intelFPGA/18.1/nios2eds/bin/gnu/H-x86_64-pc-linux-gnu/bin/../lib/gcc/nios2-elf/5.3.0/../../../../../H-x86_64-pc-linux-gnu/nios2-elf/lib/mno-hw-mul/libsmallc.a(lib_a-printf.o)
 .debug_line    0x0000000000000c78      0x1e9 /data1/intelFPGA/18.1/nios2eds/bin/gnu/H-x86_64-pc-linux-gnu/bin/../lib/gcc/nios2-elf/5.3.0/../../../../../H-x86_64-pc-linux-gnu/nios2-elf/lib/mno-hw-mul/libsmallc.a(lib_a-putchar.o)
 .debug_line    0x0000000000000e61      0x206 /data1/intelFPGA/18.1/nios2eds/bin/gnu/H-x86_64-pc-linux-gnu/bin/../lib/gcc/nios2-elf/5.3.0/../../../../../H-x86_64-pc-linux-gnu/nios2-elf/lib/mno-hw-mul/libsmallc.a(lib_a-puts.o)
 .debug_line    0x0000000000001067       0xe7 /data1/intelFPGA/18.1/nios2eds/bin/gnu/H-x86_64-pc-linux-gnu/bin/../lib/gcc/nios2-elf/5.3.0/../../../../../H-x86_64-pc-linux-gnu/nios2-elf/lib/mno-hw-mul/libsmallc.a(lib_a-strcmp.o)
 .debug_line    0x000000000000114e      0x15c /data1/intelFPGA/18.1/nios2eds/bin/gnu/H-x86_64-pc-linux-gnu/bin/../lib/gcc/nios2-elf/5.3.0/../../../../../H-x86_64-pc-linux-gnu/nios2-elf/lib/mno-hw-mul/libsmallc.a(lib_a-strlen.o)
 .debug_line    0x00000000000012aa      0x351 /data1/intelFPGA/18.1/nios2eds/bin/gnu/H-x86_64-pc-linux-gnu/bin/../lib/gcc/nios2-elf/5.3.0/../../../../../H-x86_64-pc-linux-gnu/nios2-elf/lib/mno-hw-mul/libsmallc.a(lib_a-vfprintf.o)
 .debug_line    0x00000000000015fb      0x1f0 /data1/intelFPGA/18.1/nios2eds/bin/gnu/H-x86_64-pc-linux-gnu/bin/../lib/gcc/nios2-elf/5.3.0/../../../../../H-x86_64-pc-linux-gnu/nios2-elf/lib/mno-hw-mul/libsmallc.a(lib_a-fvwrite_small_dev.o)
 .debug_line    0x00000000000017eb      0x156 /data1/intelFPGA/18.1/nios2eds/bin/gnu/H-x86_64-pc-linux-gnu/bin/../lib/gcc/nios2-elf/5.3.0/../../../../../H-x86_64-pc-linux-gnu/nios2-elf/lib/mno-hw-mul/libsmallc.a(lib_a-impure.o)
 .debug_line    0x0000000000001941      0x202 /data1/intelFPGA/18.1/nios2eds/bin/gnu/H-x86_64-pc-linux-gnu/bin/../lib/gcc/nios2-elf/5.3.0/../../../../../H-x86_64-pc-linux-gnu/nios2-elf/lib/mno-hw-mul/libsmallc.a(lib_a-putc.o)
 .debug_line    0x0000000000001b43      0x1ed /data1/intelFPGA/18.1/nios2eds/bin/gnu/H-x86_64-pc-linux-gnu/bin/../lib/gcc/nios2-elf/5.3.0/../../../../../H-x86_64-pc-linux-gnu/nios2-elf/lib/mno-hw-mul/libsmallc.a(lib_a-writer.o)
 .debug_line    0x0000000000001d30       0x5f /data1/intelFPGA/18.1/nios2eds/bin/gnu/H-x86_64-pc-linux-gnu/bin/../lib/gcc/nios2-elf/5.3.0/../../../../../H-x86_64-pc-linux-gnu/nios2-elf/lib/mno-hw-mul/libsmallc.a(lib_a-int_errno.o)
 .debug_line    0x0000000000001d8f      0x105 /data1/intelFPGA/18.1/nios2eds/bin/gnu/H-x86_64-pc-linux-gnu/bin/../lib/gcc/nios2-elf/5.3.0/mno-hw-mul/libgcc.a(lib2-divmod.o)
 .debug_line    0x0000000000001e94       0xe7 ../hal_bsp//libhal_bsp.a(alt_alarm_start.o)
 .debug_line    0x0000000000001f7b       0xa4 ../hal_bsp//libhal_bsp.a(alt_load.o)
 .debug_line    0x000000000000201f      0x181 ../hal_bsp//libhal_bsp.a(alt_main.o)
 .debug_line    0x00000000000021a0      0x104 ../hal_bsp//libhal_bsp.a(alt_open.o)
 .debug_line    0x00000000000022a4      0x1d2 ../hal_bsp//libhal_bsp.a(alt_read.o)
 .debug_line    0x0000000000002476       0xb1 ../hal_bsp//libhal_bsp.a(alt_release_fd.o)
 .debug_line    0x0000000000002527      0x104 ../hal_bsp//libhal_bsp.a(alt_tick.o)
 .debug_line    0x000000000000262b       0xd3 ../hal_bsp//libhal_bsp.a(alt_usleep.o)
 .debug_line    0x00000000000026fe      0x1d2 ../hal_bsp//libhal_bsp.a(alt_write.o)
 .debug_line    0x00000000000028d0      0x174 ../hal_bsp//libhal_bsp.a(alt_sys_init.o)
 .debug_line    0x0000000000002a44      0x122 ../hal_bsp//libhal_bsp.a(altera_avalon_jtag_uart_fd.o)
 .debug_line    0x0000000000002b66      0x17c ../hal_bsp//libhal_bsp.a(altera_avalon_jtag_uart_init.o)
 .debug_line    0x0000000000002ce2      0x10b ../hal_bsp//libhal_bsp.a(altera_avalon_jtag_uart_ioctl.o)
 .debug_line    0x0000000000002ded      0x15c ../hal_bsp//libhal_bsp.a(altera_avalon_jtag_uart_read.o)
 .debug_line    0x0000000000002f49      0x176 ../hal_bsp//libhal_bsp.a(altera_avalon_jtag_uart_write.o)
 .debug_line    0x00000000000030bf       0xfe ../hal_bsp//libhal_bsp.a(altera_avalon_timer_sc.o)
 .debug_line    0x00000000000031bd       0x8a ../hal_bsp//libhal_bsp.a(altera_avalon_timer_vars.o)
 .debug_line    0x0000000000003247       0xb5 ../hal_bsp//libhal_bsp.a(alt_busy_sleep.o)
 .debug_line    0x00000000000032fc      0x152 ../hal_bsp//libhal_bsp.a(alt_close.o)
 .debug_line    0x000000000000344e       0x4e ../hal_bsp//libhal_bsp.a(alt_dcache_flush_all.o)
 .debug_line    0x000000000000349c       0xfa ../hal_bsp//libhal_bsp.a(alt_dev.o)
 .debug_line    0x0000000000003596       0xd8 ../hal_bsp//libhal_bsp.a(alt_dev_llist_insert.o)
 .debug_line    0x000000000000366e       0x60 ../hal_bsp//libhal_bsp.a(alt_do_ctors.o)
 .debug_line    0x00000000000036ce       0x60 ../hal_bsp//libhal_bsp.a(alt_do_dtors.o)
 .debug_line    0x000000000000372e       0x51 ../hal_bsp//libhal_bsp.a(alt_errno.o)
 .debug_line    0x000000000000377f      0x10b ../hal_bsp//libhal_bsp.a(alt_find_dev.o)
 .debug_line    0x000000000000388a      0x123 ../hal_bsp//libhal_bsp.a(alt_find_file.o)
 .debug_line    0x00000000000039ad       0xd4 ../hal_bsp//libhal_bsp.a(alt_get_fd.o)
 .debug_line    0x0000000000003a81       0x4e ../hal_bsp//libhal_bsp.a(alt_icache_flush_all.o)
 .debug_line    0x0000000000003acf       0xf1 ../hal_bsp//libhal_bsp.a(alt_iic.o)
 .debug_line    0x0000000000003bc0       0xd6 ../hal_bsp//libhal_bsp.a(alt_iic_isr_register.o)
 .debug_line    0x0000000000003c96      0x151 ../hal_bsp//libhal_bsp.a(alt_io_redirect.o)
 .debug_line    0x0000000000003de7       0x6b ../hal_bsp//libhal_bsp.a(alt_irq_entry.o)
 .debug_line    0x0000000000003e52       0xa5 ../hal_bsp//libhal_bsp.a(alt_irq_handler.o)
 .debug_line    0x0000000000003ef7       0x50 ../hal_bsp//libhal_bsp.a(alt_irq_vars.o)
 .debug_line    0x0000000000003f47       0x50 ../hal_bsp//libhal_bsp.a(altera_nios2_gen2_irq.o)
 .debug_line    0x0000000000003f97       0xb3 ../hal_bsp//libhal_bsp.a(alt_exception_entry.o)
 .debug_line    0x000000000000404a       0xbf ../hal_bsp//libhal_bsp.a(alt_instruction_exception_entry.o)
 .debug_line    0x0000000000004109       0xe7 /data1/intelFPGA/18.1/nios2eds/bin/gnu/H-x86_64-pc-linux-gnu/bin/../lib/gcc/nios2-elf/5.3.0/../../../../../H-x86_64-pc-linux-gnu/nios2-elf/lib/mno-hw-mul/libsmallc.a(lib_a-atexit.o)
 .debug_line    0x00000000000041f0      0x159 /data1/intelFPGA/18.1/nios2eds/bin/gnu/H-x86_64-pc-linux-gnu/bin/../lib/gcc/nios2-elf/5.3.0/../../../../../H-x86_64-pc-linux-gnu/nios2-elf/lib/mno-hw-mul/libsmallc.a(lib_a-exit.o)
 .debug_line    0x0000000000004349      0x160 /data1/intelFPGA/18.1/nios2eds/bin/gnu/H-x86_64-pc-linux-gnu/bin/../lib/gcc/nios2-elf/5.3.0/../../../../../H-x86_64-pc-linux-gnu/nios2-elf/lib/mno-hw-mul/libsmallc.a(lib_a-memcmp.o)
 .debug_line    0x00000000000044a9      0x15e /data1/intelFPGA/18.1/nios2eds/bin/gnu/H-x86_64-pc-linux-gnu/bin/../lib/gcc/nios2-elf/5.3.0/../../../../../H-x86_64-pc-linux-gnu/nios2-elf/lib/mno-hw-mul/libsmallc.a(lib_a-memcpy.o)
 .debug_line    0x0000000000004607      0x20d /data1/intelFPGA/18.1/nios2eds/bin/gnu/H-x86_64-pc-linux-gnu/bin/../lib/gcc/nios2-elf/5.3.0/../../../../../H-x86_64-pc-linux-gnu/nios2-elf/lib/mno-hw-mul/libsmallc.a(lib_a-__atexit.o)
 .debug_line    0x0000000000004814      0x232 /data1/intelFPGA/18.1/nios2eds/bin/gnu/H-x86_64-pc-linux-gnu/bin/../lib/gcc/nios2-elf/5.3.0/../../../../../H-x86_64-pc-linux-gnu/nios2-elf/lib/mno-hw-mul/libsmallc.a(lib_a-__call_atexit.o)
 .debug_line    0x0000000000004a46       0x64 ../hal_bsp//libhal_bsp.a(alt_exit.o)

.debug_frame    0x0000000000000000      0xffc
 *(.debug_frame)
 .debug_frame   0x0000000000000000      0x408 obj/default/main.o
 .debug_frame   0x0000000000000408       0x20 /data1/intelFPGA/18.1/nios2eds/bin/gnu/H-x86_64-pc-linux-gnu/bin/../lib/gcc/nios2-elf/5.3.0/mno-hw-mul/libgcc.a(lib2-mul.o)
 .debug_frame   0x0000000000000428       0x20 /data1/intelFPGA/18.1/nios2eds/bin/gnu/H-x86_64-pc-linux-gnu/bin/../lib/gcc/nios2-elf/5.3.0/../../../../../H-x86_64-pc-linux-gnu/nios2-elf/lib/mno-hw-mul/libsmallc.a(lib_a-memset.o)
 .debug_frame   0x0000000000000448       0x48 /data1/intelFPGA/18.1/nios2eds/bin/gnu/H-x86_64-pc-linux-gnu/bin/../lib/gcc/nios2-elf/5.3.0/../../../../../H-x86_64-pc-linux-gnu/nios2-elf/lib/mno-hw-mul/libsmallc.a(lib_a-printf.o)